OMPL version 
Experiment rrbt
4 experiment properties
Q_value double = 0.200000
R double = 0.100000
R_bad_value double = 5.000000
first_solution bool = 1
Running on Vivaldi
Starting at 2024-07-07 03:02:50
<<<|
Properties of the state space 'RealVectorSpace0'
  - signature: 2 1 2 
  - dimension: 2
  - extent: 141.421
  - sanity checks for state space passed
  - probability of valid states: 0.825
  - average length of a valid motion: 26.7845
  - average number of samples drawn per second: sampleUniform()=2.35582e+07 sampleUniformNear()=2.41005e+07 sampleGaussian()=1.10828e+07
Settings for the state space 'RealVectorSpace0'
  - state validity check resolution: 1%
  - valid segment count factor: 1
  - state space:
Real vector state space 'RealVectorSpace0' of dimension 2 with bounds: 
  - min: 0 0 
  - max: 100 100 

Declared parameters:
longest_valid_segment_fraction = 0.01
max_control_duration = 20
min_control_duration = 1
projection.cellsize.0 = 5
projection.cellsize.1 = 5
projection.cellsize_factor = 0
propagation_step_size = 0.1
valid_segment_count_factor = 1
Valid state sampler named uniform with parameters:
nr_attempts = 100
  - control space:
Real vector control space 'RealVectorControl[RealVectorSpace0]' with bounds: 
  - min: -10 -10 
  - max: 10 10 
  - can propagate backward: no
  - propagation step size: 0.1
  - propagation duration: [1, 20]
Planner KPIECE1 specs:
Multithreaded:                 No
Reports approximate solutions: Yes
Can optimize solutions:        No
Aware of the following parameters: bad_score_factor border_fraction goal_bias good_score_factor max_close_samples
Declared parameters for planner KPIECE1:
bad_score_factor = 0.45
border_fraction = 0.8
goal_bias = 0.05
good_score_factor = 0.9
max_close_samples = 30
Start states:
RealVectorState [90 1]
Goal region, threshold = 10, memory address = 0xf8bc90
Optimization Objective: Path Length @0xf8c0f0
Optimization Threshold: 10000
Average state cost: 0
There are 0 solutions

Properties of benchmarked planners:
Planner RRBT specs:
Multithreaded:                 No
Reports approximate solutions: Yes
Can optimize solutions:        Yes
Aware of the following parameters: delay_collision_checking focus_search goal_bias informed_sampling new_state_rejection number_sampling_attempts ordered_sampling ordering_batch_size prune_threshold pruned_measure range rewire_factor sample_rejection tree_pruning use_admissible_heuristic use_k_nearest
|>>>
<<<|
Architecture:                       x86_64
CPU op-mode(s):                     32-bit, 64-bit
Byte Order:                         Little Endian
Address sizes:                      39 bits physical, 48 bits virtual
CPU(s):                             16
On-line CPU(s) list:                0-15
Thread(s) per core:                 2
Core(s) per socket:                 8
Socket(s):                          1
NUMA node(s):                       1
Vendor ID:                          GenuineIntel
CPU family:                         6
Model:                              167
Model name:                         11th Gen Intel(R) Core(TM) i7-11700K @ 3.60GHz
Stepping:                           1
CPU MHz:                            3600.000
CPU max MHz:                        5000.0000
CPU min MHz:                        800.0000
BogoMIPS:                           7200.00
Virtualization:                     VT-x
L1d cache:                          384 KiB
L1i cache:                          256 KiB
L2 cache:                           4 MiB
L3 cache:                           16 MiB
NUMA node0 CPU(s):                  0-15
Vulnerability Gather data sampling: Mitigation; Microcode
Vulnerability Itlb multihit:        Not affected
Vulnerability L1tf:                 Not affected
Vulnerability Mds:                  Not affected
Vulnerability Meltdown:             Not affected
Vulnerability Mmio stale data:      Mitigation; Clear CPU buffers; SMT vulnerable
Vulnerability Retbleed:             Mitigation; Enhanced IBRS
Vulnerability Spec rstack overflow: Not affected
Vulnerability Spec store bypass:    Mitigation; Speculative Store Bypass disabled via prctl and seccomp
Vulnerability Spectre v1:           Mitigation; usercopy/swapgs barriers and __user pointer sanitization
Vulnerability Spectre v2:           Mitigation; Enhanced IBRS, IBPB conditional, RSB filling, PBRSB-eIBRS SW sequence
Vulnerability Srbds:                Not affected
Vulnerability Tsx async abort:      Not affected
Flags:                              fpu vme de pse tsc msr pae mce cx8 apic sep mtrr pge mca cmov pat pse36 clflush dts acpi mmx fxsr sse sse2 ss ht tm pbe syscall nx pdpe1gb rdtscp lm constant_tsc art arch_perfmon pebs bts rep_good nopl xtopology nonstop_tsc cpuid aperfmperf tsc_known_freq pni pclmulqdq dtes64 monitor ds_cpl vmx smx est tm2 ssse3 sdbg fma cx16 xtpr pdcm pcid sse4_1 sse4_2 x2apic movbe popcnt tsc_deadline_timer aes xsave avx f16c rdrand lahf_lm abm 3dnowprefetch cpuid_fault epb invpcid_single ssbd ibrs ibpb stibp ibrs_enhanced tpr_shadow vnmi flexpriority ept vpid ept_ad fsgsbase tsc_adjust bmi1 avx2 smep bmi2 erms invpcid mpx avx512f avx512dq rdseed adx smap avx512ifma clflushopt intel_pt avx512cd sha_ni avx512bw avx512vl xsaveopt xsavec xgetbv1 xsaves dtherm ida arat pln pts hwp hwp_notify hwp_act_window hwp_epp hwp_pkg_req avx512vbmi umip pku ospke avx512_vbmi2 gfni vaes vpclmulqdq avx512_vnni avx512_bitalg avx512_vpopcntdq rdpid fsrm md_clear flush_l1d arch_capabilities
|>>>
10943715007715273 is the random seed
60 seconds per run
10000 MB per run
100 runs per planner
178.275 seconds spent to collect the data
1 enum type
status|Unknown status|Invalid start|Invalid goal|Unrecognized goal type|Timeout|Approximate solution|Exact solution|Crash|Unknown status
1 planners
control_RRBT
24 common properties
delay_collision_checking = 0
focus_search = 0
goal_bias = 0.05
informed_sampling = 0
longest_valid_segment_fraction = 0.01
max_control_duration = 20
min_control_duration = 1
new_state_rejection = 0
number_sampling_attempts = 100
ordered_sampling = 0
ordering_batch_size = 1
projection.cellsize.0 = 5
projection.cellsize.1 = 5
projection.cellsize_factor = 0
propagation_step_size = 0.1
prune_threshold = 0.05
pruned_measure = 0
range = 10
rewire_factor = 1.1
sample_rejection = 0
tree_pruning = 0
use_admissible_heuristic = 1
use_k_nearest = 0
valid_segment_count_factor = 1
11 properties for each run
approximate solution BOOLEAN
best cost REAL
graph motions INTEGER
graph states INTEGER
iterations INTEGER
memory REAL
solution length REAL
solved BOOLEAN
status ENUM
time REAL
valid segment fraction REAL
100 runs
0; 215.196733; 423; 424; 833; 11.2266; 90.198; 1; 6; 1.00072; 0; 
0; 223.487393; 651; 652; 962; 14.6445; 98.4522; 1; 6; 1.96742; 0; 
0; 214.187427; 306; 307; 764; 17.4805; 93.5585; 1; 6; 1.21561; 0; 
0; 225.577307; 266; 267; 541; 18.5117; 98.0171; 1; 6; 0.154447; 0; 
0; 220.459494; 1340; 1341; 1916; 23.4922; 95.0591; 1; 6; 9.33979; 0; 
0; 224.827331; 849; 850; 1253; 27.3828; 96.0548; 1; 6; 5.02035; 0; 
0; 224.285825; 470; 471; 790; 29.1875; 94.7777; 1; 6; 0.934791; 0; 
0; 226.762269; 408; 409; 847; 30.4766; 97.1861; 1; 6; 0.600911; 0; 
0; 233.485231; 151; 152; 269; 30.7344; 103.588; 1; 6; 0.0356449; 0; 
0; 382.419072; 402; 403; 658; 32.0234; 186.793; 1; 6; 0.3764; 0; 
0; 225.548423; 350; 351; 724; 33.3125; 98.5379; 1; 6; 0.370418; 0; 
0; 222.014547; 385; 386; 655; 34.3438; 94.1663; 1; 6; 0.447501; 0; 
0; 219.170348; 50; 51; 540; 34.3438; 92.2169; 1; 6; 0.00660959; 0; 
0; 221.480066; 266; 267; 505; 35.1836; 96.3797; 1; 6; 0.177673; 0; 
0; 366.404461; 539; 540; 839; 37.5; 180.309; 1; 6; 1.10993; 0; 
0; 401.568162; 576; 577; 1067; 39.0469; 194.072; 1; 6; 1.21732; 0; 
0; 215.488539; 151; 152; 439; 39.3047; 89.9069; 1; 6; 0.0485171; 0; 
0; 214.658589; 986; 987; 1614; 43.6875; 89.8862; 1; 6; 6.44855; 0; 
0; 232.657127; 386; 387; 639; 44.7188; 98.2996; 1; 6; 0.408851; 0; 
0; 415.036655; 208; 209; 330; 45.2344; 209.496; 1; 6; 0.0814373; 0; 
0; 221.682066; 382; 383; 769; 47.2969; 92.8311; 1; 6; 0.972084; 0; 
0; 221.621438; 770; 771; 1300; 50.6484; 94.2835; 1; 6; 2.64536; 0; 
0; 213.851718; 404; 405; 752; 52.9688; 91.2988; 1; 6; 1.08716; 0; 
0; 216.421104; 359; 360; 712; 53.7422; 89.8865; 1; 6; 0.326348; 0; 
0; 233.234572; 185; 186; 418; 54; 99.4719; 1; 6; 0.0418154; 0; 
0; 216.563619; 493; 494; 921; 56.3203; 90.5001; 1; 6; 1.09616; 0; 
0; 220.645578; 311; 312; 842; 57.3516; 94.7516; 1; 6; 0.240544; 0; 
0; 401.446691; 500; 501; 870; 59.332; 194.129; 1; 6; 0.977412; 0; 
0; 223.436479; 1036; 1037; 1687; 63.457; 93.8804; 1; 6; 6.08661; 0; 
0; 242.364745; 94; 95; 320; 63.9727; 107.174; 1; 6; 0.0076009; 0; 
0; 226.906075; 360; 361; 779; 64.4883; 97.0206; 1; 6; 0.268985; 0; 
0; 367.855147; 753; 754; 1199; 67.8398; 177.975; 1; 6; 3.2121; 0; 
0; 229.697047; 357; 358; 638; 69.6445; 98.9974; 1; 6; 0.581942; 0; 
0; 228.301340; 120; 121; 317; 69.6445; 99.1633; 1; 6; 0.0192745; 0; 
0; 217.882924; 1231; 1232; 2031; 76.625; 93.6171; 1; 6; 11.1325; 0; 
0; 211.690293; 582; 583; 996; 79.2031; 90.8943; 1; 6; 1.71712; 0; 
0; 370.893079; 834; 835; 1288; 83.8438; 180.925; 1; 6; 8.21794; 0; 
0; 237.549270; 426; 427; 821; 85.6406; 100.653; 1; 6; 0.678991; 0; 
0; 229.164848; 205; 206; 411; 85.8984; 98.5691; 1; 6; 0.106286; 0; 
0; 215.349754; 395; 396; 731; 87.7031; 91.0615; 1; 6; 0.554776; 0; 
0; 232.521738; 812; 813; 1356; 92.3438; 97.871; 1; 6; 6.20826; 0; 
0; 395.421202; 166; 167; 300; 92.6016; 189.119; 1; 6; 0.031408; 0; 
0; 397.262126; 609; 610; 1141; 94.6641; 197.728; 1; 6; 2.28902; 0; 
0; 216.845070; 527; 528; 811; 97.5; 90.3331; 1; 6; 1.41803; 0; 
0; 418.106229; 240; 241; 501; 98.2734; 200.933; 1; 6; 0.156943; 0; 
0; 398.516123; 306; 307; 1079; 99.0469; 195.857; 1; 6; 0.212119; 0; 
0; 221.319245; 86; 87; 466; 99.0469; 92.2583; 1; 6; 0.0130123; 0; 
0; 383.862411; 709; 710; 1110; 102.398; 191.913; 1; 6; 3.08734; 0; 
0; 217.247604; 489; 490; 903; 103.875; 95.0083; 1; 6; 0.9013; 0; 
0; 225.749032; 714; 715; 1445; 107.227; 95.4316; 1; 6; 3.67609; 0; 
0; 247.332607; 369; 370; 933; 108; 106.097; 1; 6; 0.329195; 0; 
0; 441.054094; 202; 203; 406; 108.516; 215.007; 1; 6; 0.0661286; 0; 
0; 376.156131; 696; 697; 1074; 111.867; 187.562; 1; 6; 2.40629; 0; 
0; 215.252603; 523; 524; 857; 114.188; 90.6667; 1; 6; 1.49; 0; 
0; 214.604553; 1008; 1009; 1541; 118.828; 93.2537; 1; 6; 5.5512; 0; 
0; 218.587908; 263; 264; 1042; 119.344; 91.4146; 1; 6; 0.163372; 0; 
0; 218.146702; 360; 361; 580; 120.633; 92.8528; 1; 6; 0.341707; 0; 
0; 227.117478; 285; 286; 395; 123.727; 98.1013; 1; 6; 0.737086; 0; 
0; 221.129522; 450; 451; 710; 125.016; 92.9303; 1; 6; 0.61881; 0; 
0; 216.489372; 704; 705; 1112; 129.652; 94.4274; 1; 6; 2.80584; 0; 
0; 219.259725; 203; 204; 405; 129.91; 91.9412; 1; 6; 0.0843626; 0; 
0; 212.751440; 582; 583; 993; 133.262; 89.6227; 1; 6; 1.878; 0; 
0; 224.558952; 696; 697; 1079; 137.387; 95.1916; 1; 6; 4.75075; 0; 
0; 214.179719; 258; 259; 504; 138.934; 92.7268; 1; 6; 0.508594; 0; 
0; 218.058029; 1393; 1394; 2166; 144.891; 95.9553; 1; 6; 13.9853; 0; 
0; 212.995347; 161; 162; 465; 145.406; 89.6322; 1; 6; 0.0539097; 0; 
0; 214.907694; 764; 765; 1137; 148.5; 91.0996; 1; 6; 4.36798; 0; 
0; 228.114620; 236; 237; 548; 149.531; 96.3549; 1; 6; 0.156526; 0; 
0; 226.175959; 574; 575; 993; 151.852; 95.6899; 1; 6; 1.28385; 0; 
0; 233.984713; 397; 398; 726; 153.914; 101.403; 1; 6; 0.851834; 0; 
0; 390.547788; 411; 412; 730; 155.461; 189.572; 1; 6; 0.756858; 0; 
0; 221.586802; 989; 990; 1488; 159.594; 96.8987; 1; 6; 5.98999; 0; 
0; 407.892050; 489; 490; 750; 163.977; 196.803; 1; 6; 2.16101; 0; 
0; 369.193615; 915; 916; 1293; 168.102; 182.104; 1; 6; 5.48474; 0; 
0; 378.685117; 587; 588; 893; 170.938; 181.682; 1; 6; 1.73042; 0; 
0; 235.616666; 226; 227; 450; 171.453; 104.331; 1; 6; 0.114117; 0; 
0; 235.010883; 474; 475; 1064; 173.258; 99.2933; 1; 6; 0.774432; 0; 
0; 381.934891; 340; 341; 771; 176.867; 191.626; 1; 6; 0.902903; 0; 
0; 377.333409; 568; 569; 987; 179.445; 183.287; 1; 6; 1.18797; 0; 
0; 214.846173; 480; 481; 798; 181.25; 90.1885; 1; 6; 0.826446; 0; 
0; 227.488274; 74; 75; 616; 181.25; 94.2279; 1; 6; 0.0265754; 0; 
0; 382.890309; 485; 486; 893; 182.797; 183.911; 1; 6; 0.714203; 0; 
0; 221.469546; 129; 130; 373; 183.055; 96.7675; 1; 6; 0.0364788; 0; 
0; 210.453902; 533; 534; 1035; 184.859; 89.2841; 1; 6; 1.38966; 0; 
0; 373.379993; 614; 615; 1074; 187.695; 182.139; 1; 6; 1.89834; 0; 
0; 408.317538; 532; 533; 911; 190.234; 198.895; 1; 6; 1.19077; 0; 
0; 411.751130; 313; 314; 634; 190.75; 202.498; 1; 6; 0.17898; 0; 
0; 211.799018; 1216; 1217; 1899; 195.949; 91.4523; 1; 6; 11.0137; 0; 
0; 209.966951; 670; 671; 986; 198.27; 87.6889; 1; 6; 2.08057; 0; 
0; 212.602399; 596; 597; 912; 201.363; 89.0218; 1; 6; 2.87702; 0; 
0; 218.767332; 575; 576; 1109; 203.684; 94.4222; 1; 6; 1.8396; 0; 
0; 425.823584; 342; 343; 510; 204.457; 207.924; 1; 6; 0.232081; 0; 
0; 215.313882; 363; 364; 809; 205.488; 90.6963; 1; 6; 0.3848; 0; 
0; 213.098576; 111; 112; 246; 205.746; 90.3545; 1; 6; 0.0118517; 0; 
0; 242.201131; 368; 369; 751; 207.293; 103.222; 1; 6; 0.492196; 0; 
0; 374.227758; 390; 391; 742; 208.582; 187.858; 1; 6; 0.528385; 0; 
0; 238.850443; 232; 233; 526; 209.098; 102.403; 1; 6; 0.110716; 0; 
0; 376.485995; 422; 423; 643; 211.418; 183.031; 1; 6; 0.886308; 0; 
0; 223.845704; 141; 142; 375; 211.676; 94.3023; 1; 6; 0.0409964; 0; 
0; 233.883536; 454; 455; 695; 213.996; 99.6379; 1; 6; 0.973817; 0; 
3 progress properties for each run
best cost REAL
iterations INTEGER
time REAL
100 runs
inf,405,0.0500963,;inf,469,0.100193,;inf,492,0.150316,;inf,517,0.200386,;inf,534,0.250477,;inf,577,0.300558,;inf,608,0.350629,;inf,629,0.400706,;inf,652,0.450768,;inf,678,0.500879,;inf,693,0.550954,;inf,707,0.60105,;inf,731,0.65113,;inf,739,0.701201,;inf,769,0.751301,;inf,787,0.801408,;inf,795,0.851487,;inf,817,0.901567,;inf,822,0.951638,;
inf,314,0.0500735,;inf,375,0.100154,;inf,430,0.15023,;inf,481,0.200341,;inf,518,0.250425,;inf,549,0.300506,;inf,579,0.350586,;inf,610,0.400663,;inf,630,0.450739,;inf,649,0.500821,;inf,676,0.550909,;inf,694,0.600985,;inf,711,0.651071,;inf,720,0.701177,;inf,730,0.751278,;inf,743,0.801361,;inf,756,0.85146,;inf,770,0.901542,;inf,778,0.95164,;inf,789,1.00173,;inf,800,1.05189,;inf,814,1.10198,;inf,828,1.15211,;inf,831,1.20219,;inf,835,1.2523,;inf,837,1.30239,;inf,845,1.35247,;inf,848,1.40256,;inf,868,1.45268,;inf,873,1.50278,;inf,884,1.55286,;inf,893,1.60294,;inf,907,1.65302,;inf,912,1.70314,;inf,924,1.75322,;inf,931,1.80332,;inf,942,1.85341,;inf,948,1.90352,;inf,956,1.95359,;
inf,460,0.0500715,;inf,518,0.100164,;inf,558,0.150248,;inf,571,0.200351,;inf,593,0.250424,;inf,602,0.300536,;inf,609,0.350589,;inf,624,0.400661,;inf,635,0.450741,;inf,640,0.500813,;inf,657,0.550932,;inf,678,0.601039,;inf,682,0.651149,;inf,690,0.701259,;inf,702,0.751366,;inf,702,0.801438,;inf,709,0.851561,;inf,721,0.901633,;inf,723,0.951742,;inf,729,1.00181,;inf,737,1.05189,;inf,739,1.10197,;inf,752,1.15206,;inf,763,1.20214,;
inf,466,0.0500695,;inf,503,0.100184,;inf,536,0.150259,;
inf,368,0.0500921,;inf,432,0.100202,;inf,478,0.150278,;inf,523,0.200392,;inf,556,0.250482,;inf,583,0.300594,;inf,626,0.350668,;inf,639,0.400775,;inf,660,0.450858,;inf,687,0.500964,;inf,700,0.551075,;inf,725,0.601182,;inf,746,0.651267,;inf,762,0.701374,;inf,777,0.751454,;inf,795,0.801568,;inf,814,0.851651,;inf,833,0.901729,;inf,847,0.951808,;inf,858,1.00189,;inf,873,1.05198,;inf,884,1.10206,;inf,900,1.15214,;inf,910,1.20221,;inf,921,1.25229,;inf,932,1.30237,;inf,946,1.35244,;inf,954,1.40252,;inf,971,1.4526,;inf,988,1.50267,;inf,999,1.55274,;inf,1007,1.60281,;inf,1016,1.65289,;inf,1022,1.70296,;inf,1033,1.75304,;inf,1034,1.80311,;inf,1038,1.8532,;inf,1042,1.90327,;inf,1052,1.95335,;inf,1058,2.00343,;inf,1063,2.05351,;inf,1070,2.10359,;inf,1075,2.15367,;inf,1080,2.20374,;inf,1086,2.25382,;inf,1096,2.3039,;inf,1102,2.35398,;inf,1109,2.40406,;inf,1116,2.45415,;inf,1124,2.50422,;inf,1130,2.5543,;inf,1134,2.60438,;inf,1140,2.65446,;inf,1149,2.70454,;inf,1155,2.75462,;inf,1160,2.80469,;inf,1164,2.85477,;inf,1170,2.90486,;inf,1176,2.95494,;inf,1180,3.00498,;inf,1182,3.05507,;inf,1188,3.10516,;inf,1194,3.15524,;inf,1197,3.20536,;inf,1202,3.25545,;inf,1206,3.30558,;inf,1211,3.35565,;inf,1218,3.40576,;inf,1224,3.45586,;inf,1231,3.50597,;inf,1234,3.55608,;inf,1241,3.60619,;inf,1244,3.6563,;inf,1254,3.70638,;inf,1261,3.75646,;inf,1267,3.80653,;inf,1272,3.85662,;inf,1277,3.90669,;inf,1284,3.95677,;inf,1288,4.00685,;inf,1290,4.05693,;inf,1297,4.10701,;inf,1304,4.15709,;inf,1312,4.20718,;inf,1317,4.25727,;inf,1322,4.30735,;inf,1325,4.35743,;inf,1329,4.4075,;inf,1334,4.45757,;inf,1342,4.50765,;inf,1347,4.55773,;inf,1350,4.60781,;inf,1357,4.65789,;inf,1362,4.70798,;inf,1369,4.75806,;inf,1377,4.80813,;inf,1384,4.85821,;inf,1390,4.90829,;inf,1397,4.95837,;inf,1399,5.00846,;inf,1407,5.05856,;inf,1412,5.10863,;inf,1421,5.15872,;inf,1429,5.20879,;inf,1431,5.25888,;inf,1434,5.30897,;inf,1439,5.35907,;inf,1447,5.40916,;inf,1456,5.45925,;inf,1465,5.50932,;inf,1468,5.55941,;inf,1474,5.60949,;inf,1482,5.65957,;inf,1485,5.70964,;inf,1489,5.75972,;inf,1495,5.80979,;inf,1504,5.85992,;inf,1508,5.91001,;inf,1512,5.96012,;inf,1516,6.0102,;inf,1521,6.06029,;inf,1527,6.11037,;inf,1532,6.16046,;inf,1540,6.21058,;inf,1544,6.2607,;inf,1547,6.31077,;inf,1554,6.36088,;inf,1563,6.41097,;inf,1571,6.46108,;inf,1575,6.51118,;inf,1585,6.56129,;inf,1590,6.61138,;inf,1594,6.66149,;inf,1599,6.71157,;inf,1603,6.76165,;inf,1608,6.81172,;inf,1616,6.8618,;inf,1619,6.91189,;inf,1623,6.96197,;inf,1629,7.01206,;inf,1634,7.06215,;inf,1642,7.11224,;inf,1645,7.16231,;inf,1651,7.21242,;inf,1655,7.26254,;inf,1662,7.31262,;inf,1666,7.3627,;inf,1669,7.41278,;inf,1676,7.46286,;inf,1681,7.51293,;inf,1686,7.56302,;inf,1693,7.61314,;inf,1699,7.66323,;inf,1703,7.71334,;inf,1707,7.76343,;inf,1714,7.81354,;inf,1720,7.86363,;inf,1726,7.91375,;inf,1736,7.96385,;inf,1741,8.01392,;inf,1746,8.06404,;inf,1750,8.11412,;inf,1759,8.16421,;inf,1771,8.21429,;inf,1777,8.26438,;inf,1784,8.31447,;inf,1788,8.36455,;inf,1799,8.41462,;inf,1805,8.4647,;inf,1810,8.51479,;inf,1817,8.56487,;inf,1821,8.61495,;inf,1827,8.66502,;inf,1834,8.7151,;inf,1838,8.76518,;inf,1846,8.81526,;inf,1850,8.86536,;inf,1857,8.91545,;inf,1864,8.96556,;inf,1875,9.01565,;inf,1880,9.06577,;inf,1887,9.11586,;inf,1898,9.16595,;inf,1902,9.21607,;inf,1909,9.26618,;inf,1913,9.31629,;
inf,323,0.0500827,;inf,412,0.10017,;inf,466,0.150293,;inf,494,0.200414,;inf,519,0.250532,;inf,551,0.300636,;inf,576,0.350718,;inf,603,0.400834,;inf,631,0.450913,;inf,648,0.501053,;inf,662,0.551165,;inf,684,0.601273,;inf,700,0.651362,;inf,718,0.701445,;inf,732,0.751566,;inf,749,0.801662,;inf,762,0.851783,;inf,773,0.901871,;inf,797,0.951989,;inf,813,1.0021,;inf,816,1.05219,;inf,830,1.10227,;inf,842,1.15239,;inf,856,1.20248,;inf,861,1.2526,;inf,872,1.30271,;inf,875,1.35282,;inf,875,1.40294,;inf,884,1.45303,;inf,897,1.50315,;inf,904,1.55327,;inf,913,1.60334,;inf,918,1.65342,;inf,921,1.7035,;inf,931,1.7536,;inf,935,1.8037,;inf,939,1.85378,;inf,947,1.90387,;inf,952,1.95395,;inf,962,2.00403,;inf,963,2.05412,;inf,968,2.1042,;inf,972,2.15429,;inf,984,2.20436,;inf,988,2.25445,;inf,994,2.30453,;inf,1001,2.35463,;inf,1004,2.40473,;inf,1013,2.45482,;inf,1020,2.50494,;inf,1023,2.55501,;inf,1030,2.6051,;inf,1034,2.65519,;inf,1038,2.70531,;inf,1042,2.75542,;inf,1045,2.80549,;inf,1051,2.85557,;inf,1051,2.90568,;inf,1056,2.9558,;inf,1060,3.00589,;inf,1061,3.056,;inf,1065,3.10609,;inf,1074,3.15617,;inf,1078,3.20627,;inf,1081,3.25637,;inf,1090,3.30648,;inf,1096,3.35655,;inf,1102,3.40665,;inf,1106,3.45676,;inf,1108,3.50685,;inf,1114,3.55694,;inf,1120,3.60706,;inf,1122,3.65715,;inf,1124,3.70726,;inf,1134,3.75734,;inf,1143,3.80746,;inf,1145,3.85753,;inf,1149,3.90764,;inf,1151,3.95774,;inf,1155,4.00786,;inf,1162,4.05794,;inf,1168,4.10805,;inf,1171,4.15821,;inf,1178,4.20829,;inf,1186,4.25839,;inf,1187,4.3085,;inf,1199,4.35857,;inf,1202,4.40869,;inf,1205,4.4588,;inf,1209,4.50892,;inf,1216,4.55903,;inf,1221,4.60914,;inf,1226,4.6593,;inf,1239,4.70942,;inf,1240,4.75953,;inf,1242,4.8096,;inf,1245,4.85973,;inf,1246,4.90982,;inf,1247,4.95993,;inf,1251,5.01003,;
inf,347,0.050065,;inf,416,0.100146,;inf,476,0.150268,;inf,519,0.20036,;inf,554,0.250494,;inf,584,0.300569,;inf,614,0.350652,;inf,633,0.400745,;inf,651,0.450858,;inf,679,0.500946,;inf,692,0.551022,;inf,704,0.601116,;inf,719,0.651235,;inf,730,0.701313,;inf,737,0.751396,;inf,756,0.801467,;inf,770,0.851562,;inf,784,0.90165,;
inf,533,0.0500927,;inf,584,0.100174,;inf,636,0.150329,;inf,667,0.200399,;inf,703,0.250522,;inf,734,0.300611,;inf,766,0.350699,;inf,788,0.400779,;inf,811,0.450908,;inf,822,0.500992,;inf,838,0.55108,;

inf,356,0.0500649,;inf,453,0.100168,;inf,506,0.150246,;inf,560,0.200323,;inf,592,0.25043,;inf,622,0.300515,;inf,642,0.350597,;
inf,384,0.0500577,;inf,480,0.100171,;inf,555,0.15026,;inf,620,0.200346,;inf,651,0.250438,;inf,691,0.300529,;inf,714,0.350663,;
inf,344,0.0500911,;inf,398,0.100197,;inf,465,0.150304,;inf,512,0.200399,;inf,540,0.250475,;inf,564,0.30059,;inf,591,0.350678,;inf,628,0.400751,;

inf,355,0.0500965,;inf,429,0.100172,;inf,481,0.150279,;
inf,356,0.0500581,;inf,435,0.10017,;inf,490,0.150258,;inf,528,0.200368,;inf,562,0.250449,;inf,595,0.300561,;inf,621,0.350642,;inf,645,0.400761,;inf,669,0.450847,;inf,691,0.500938,;inf,708,0.551024,;inf,724,0.60111,;inf,747,0.651198,;inf,759,0.701313,;inf,769,0.751392,;inf,779,0.801477,;inf,787,0.85159,;inf,799,0.901671,;inf,807,0.951762,;inf,815,1.00186,;inf,826,1.05195,;inf,838,1.10202,;
inf,430,0.0500566,;inf,547,0.100131,;inf,584,0.15025,;inf,649,0.200363,;inf,698,0.250437,;inf,735,0.300525,;inf,770,0.35063,;inf,799,0.40073,;inf,832,0.450823,;inf,854,0.500915,;inf,875,0.551001,;inf,892,0.601086,;inf,919,0.651195,;inf,941,0.701299,;inf,952,0.751382,;inf,968,0.801467,;inf,977,0.851556,;inf,990,0.901653,;inf,1003,0.951743,;inf,1019,1.00184,;inf,1031,1.05193,;inf,1041,1.10204,;inf,1052,1.15213,;inf,1062,1.20225,;

inf,474,0.050093,;inf,547,0.100167,;inf,622,0.150278,;inf,652,0.200354,;inf,669,0.250428,;inf,696,0.300515,;inf,721,0.350606,;inf,753,0.400684,;inf,770,0.4508,;inf,805,0.500886,;inf,821,0.551009,;inf,849,0.601085,;inf,864,0.651197,;inf,880,0.701318,;inf,898,0.751429,;inf,917,0.801539,;inf,932,0.851652,;inf,948,0.901728,;inf,963,0.95181,;inf,970,1.00194,;inf,972,1.052,;inf,972,1.10211,;inf,986,1.15219,;inf,994,1.20227,;inf,1003,1.25237,;inf,1014,1.30248,;inf,1021,1.35257,;inf,1034,1.40269,;inf,1045,1.45277,;inf,1057,1.50289,;inf,1069,1.553,;inf,1074,1.60311,;inf,1082,1.65321,;inf,1093,1.70332,;inf,1104,1.75343,;inf,1114,1.80354,;inf,1117,1.85366,;inf,1125,1.90377,;inf,1135,1.95389,;inf,1141,2.004,;inf,1149,2.05412,;inf,1151,2.10419,;inf,1164,2.15431,;inf,1168,2.2044,;inf,1176,2.25451,;inf,1181,2.3046,;inf,1189,2.35472,;inf,1198,2.40481,;inf,1210,2.45492,;inf,1212,2.50504,;inf,1218,2.55515,;inf,1230,2.60524,;inf,1243,2.65536,;inf,1248,2.70547,;inf,1257,2.75558,;inf,1262,2.80567,;inf,1271,2.85579,;inf,1276,2.9059,;inf,1279,2.95602,;inf,1284,3.00614,;inf,1290,3.05621,;inf,1297,3.10632,;inf,1303,3.15641,;inf,1308,3.2065,;inf,1309,3.25658,;inf,1313,3.30667,;inf,1316,3.35676,;inf,1325,3.40684,;inf,1329,3.45696,;inf,1335,3.50708,;inf,1337,3.55717,;inf,1348,3.60728,;inf,1352,3.6574,;inf,1356,3.70751,;inf,1367,3.75763,;inf,1369,3.80774,;inf,1374,3.85785,;inf,1381,3.90793,;inf,1388,3.95802,;inf,1395,4.0081,;inf,1405,4.05822,;inf,1413,4.1083,;inf,1418,4.15838,;inf,1421,4.20847,;inf,1426,4.25859,;inf,1430,4.30869,;inf,1438,4.3588,;inf,1440,4.40889,;inf,1442,4.45901,;inf,1445,4.50909,;inf,1446,4.5592,;inf,1447,4.60929,;inf,1451,4.65941,;inf,1454,4.70952,;inf,1457,4.75964,;inf,1465,4.80975,;inf,1468,4.85987,;inf,1470,4.90998,;inf,1475,4.96007,;inf,1477,5.01018,;inf,1483,5.0603,;inf,1486,5.11041,;inf,1489,5.16051,;inf,1492,5.21062,;inf,1496,5.26075,;inf,1499,5.31086,;inf,1506,5.36098,;inf,1507,5.41105,;inf,1514,5.46117,;inf,1516,5.5113,;inf,1520,5.56141,;inf,1525,5.61153,;inf,1531,5.66164,;inf,1538,5.71174,;inf,1544,5.76185,;inf,1547,5.81198,;inf,1549,5.8621,;inf,1554,5.91217,;inf,1560,5.96229,;inf,1564,6.01239,;inf,1568,6.0625,;inf,1570,6.11258,;inf,1576,6.16267,;inf,1581,6.21276,;inf,1587,6.26289,;inf,1595,6.313,;inf,1602,6.36311,;inf,1609,6.4132,;
inf,363,0.0500611,;inf,438,0.100142,;inf,492,0.150237,;inf,532,0.200319,;inf,560,0.250399,;inf,591,0.30052,;inf,616,0.350613,;inf,636,0.400738,;
inf,272,0.0500784,;
inf,383,0.0501076,;inf,431,0.100201,;inf,460,0.150329,;inf,489,0.200451,;inf,509,0.25053,;inf,529,0.300645,;inf,554,0.350755,;inf,583,0.400868,;inf,602,0.450958,;inf,624,0.501094,;inf,642,0.55118,;inf,658,0.601314,;inf,672,0.651413,;inf,696,0.70154,;inf,719,0.75166,;inf,730,0.801774,;inf,749,0.85189,;inf,760,0.902011,;inf,766,0.952125,;
inf,498,0.0500671,;inf,581,0.100147,;inf,631,0.150222,;inf,693,0.200294,;inf,733,0.250367,;inf,768,0.300439,;inf,803,0.350512,;inf,826,0.4006,;inf,859,0.450679,;inf,879,0.500788,;inf,893,0.550916,;inf,907,0.601026,;inf,931,0.651138,;inf,956,0.701249,;inf,971,0.751364,;inf,987,0.801453,;inf,1008,0.851564,;inf,1014,0.901641,;inf,1027,0.951761,;inf,1036,1.00185,;inf,1048,1.05197,;inf,1060,1.10205,;inf,1069,1.15217,;inf,1077,1.20225,;inf,1089,1.25234,;inf,1099,1.30243,;inf,1103,1.35251,;inf,1110,1.40259,;inf,1115,1.45269,;inf,1127,1.50277,;inf,1139,1.55285,;inf,1147,1.60294,;inf,1159,1.65303,;inf,1166,1.70312,;inf,1177,1.75326,;inf,1182,1.80335,;inf,1192,1.85346,;inf,1200,1.90356,;inf,1209,1.95364,;inf,1220,2.00373,;inf,1228,2.05381,;inf,1232,2.10393,;inf,1238,2.15403,;inf,1245,2.20412,;inf,1250,2.2542,;inf,1255,2.30432,;inf,1261,2.35441,;inf,1270,2.40452,;inf,1277,2.45462,;inf,1282,2.50473,;inf,1287,2.55482,;inf,1294,2.60495,;
inf,364,0.0500948,;inf,424,0.100183,;inf,455,0.150281,;inf,485,0.200372,;inf,518,0.250498,;inf,545,0.300616,;inf,570,0.350707,;inf,592,0.400801,;inf,608,0.450921,;inf,620,0.501004,;inf,636,0.551084,;inf,649,0.601173,;inf,669,0.65126,;inf,678,0.701375,;inf,680,0.751455,;inf,685,0.801618,;inf,698,0.851706,;inf,715,0.901789,;inf,726,0.951882,;inf,730,1.00198,;inf,738,1.05207,;
inf,386,0.0501001,;inf,484,0.100194,;inf,560,0.150304,;inf,615,0.20038,;inf,653,0.250494,;inf,688,0.30058,;

inf,488,0.0500581,;inf,534,0.100184,;inf,582,0.150283,;inf,628,0.200401,;inf,676,0.250494,;inf,709,0.300623,;inf,736,0.350717,;inf,762,0.400817,;inf,775,0.450918,;inf,791,0.501023,;inf,806,0.551128,;inf,819,0.601252,;inf,831,0.651337,;inf,840,0.701464,;inf,854,0.751581,;inf,864,0.801699,;inf,874,0.851776,;inf,890,0.901927,;inf,893,0.952016,;inf,901,1.00211,;inf,912,1.05223,;
inf,676,0.0501017,;inf,747,0.100222,;inf,790,0.150313,;inf,826,0.200436,;
inf,411,0.0500713,;inf,471,0.100213,;inf,518,0.150329,;inf,555,0.200408,;inf,588,0.250537,;inf,625,0.300625,;inf,645,0.350743,;inf,676,0.40084,;inf,701,0.450953,;inf,723,0.501071,;inf,741,0.551187,;inf,765,0.60128,;inf,778,0.651376,;inf,797,0.701487,;inf,817,0.751578,;inf,831,0.801662,;inf,844,0.851736,;inf,853,0.90185,;inf,865,0.95193,;
inf,437,0.0500972,;inf,551,0.100175,;inf,644,0.150264,;inf,698,0.200357,;inf,736,0.250438,;inf,768,0.300552,;inf,788,0.35064,;inf,817,0.400737,;inf,832,0.45083,;inf,853,0.50091,;inf,874,0.550996,;inf,889,0.601088,;inf,907,0.651212,;inf,917,0.701301,;inf,928,0.751385,;inf,957,0.801501,;inf,967,0.851621,;inf,978,0.901701,;inf,993,0.951793,;inf,1013,1.00189,;inf,1023,1.05198,;inf,1035,1.10208,;inf,1049,1.1522,;inf,1063,1.20229,;inf,1074,1.25237,;inf,1086,1.30246,;inf,1098,1.35256,;inf,1110,1.40265,;inf,1125,1.45277,;inf,1136,1.50289,;inf,1148,1.553,;inf,1156,1.60309,;inf,1166,1.65318,;inf,1173,1.7033,;inf,1186,1.75339,;inf,1196,1.8035,;inf,1204,1.85358,;inf,1212,1.90366,;inf,1222,1.95374,;inf,1229,2.00382,;inf,1235,2.05392,;inf,1243,2.10403,;inf,1248,2.15413,;inf,1257,2.20425,;inf,1265,2.25433,;inf,1271,2.30444,;inf,1277,2.35452,;inf,1284,2.40463,;inf,1291,2.45473,;inf,1294,2.50484,;inf,1297,2.55492,;inf,1300,2.60505,;inf,1308,2.65517,;inf,1313,2.7053,;inf,1318,2.75541,;inf,1324,2.80554,;inf,1331,2.85566,;inf,1337,2.90574,;inf,1339,2.95583,;inf,1345,3.00592,;inf,1354,3.05605,;inf,1358,3.10614,;inf,1365,3.15623,;inf,1370,3.20633,;inf,1373,3.25641,;inf,1379,3.30649,;inf,1382,3.35658,;inf,1388,3.40666,;inf,1392,3.45675,;inf,1397,3.50685,;inf,1402,3.55698,;inf,1405,3.60709,;inf,1412,3.65721,;inf,1418,3.7073,;inf,1424,3.75742,;inf,1436,3.80751,;inf,1441,3.85759,;inf,1446,3.90771,;inf,1451,3.95783,;inf,1453,4.00795,;inf,1458,4.05804,;inf,1461,4.10816,;inf,1467,4.15823,;inf,1470,4.20832,;inf,1475,4.25841,;inf,1482,4.30853,;inf,1487,4.35862,;inf,1493,4.40871,;inf,1495,4.45885,;inf,1503,4.50897,;inf,1507,4.55908,;inf,1511,4.60919,;inf,1521,4.65927,;inf,1526,4.70938,;inf,1533,4.75949,;inf,1539,4.80957,;inf,1543,4.85965,;inf,1551,4.90973,;inf,1554,4.9598,;inf,1561,5.00988,;inf,1567,5.05997,;inf,1575,5.11005,;inf,1582,5.16013,;inf,1592,5.2102,;inf,1595,5.26028,;inf,1600,5.31036,;inf,1606,5.36044,;inf,1617,5.41052,;inf,1621,5.4606,;inf,1624,5.51067,;inf,1626,5.56075,;inf,1632,5.61083,;inf,1636,5.661,;inf,1643,5.71113,;inf,1646,5.76121,;inf,1651,5.81135,;inf,1661,5.86147,;inf,1667,5.91159,;inf,1674,5.96167,;inf,1678,6.01179,;inf,1683,6.0619,;

inf,597,0.0500729,;inf,667,0.100174,;inf,698,0.150278,;inf,731,0.200399,;inf,766,0.250515,;
inf,351,0.0501011,;inf,441,0.100201,;inf,503,0.150307,;inf,534,0.200396,;inf,572,0.250482,;inf,611,0.300578,;inf,635,0.350685,;inf,649,0.400805,;inf,665,0.450923,;inf,684,0.501013,;inf,700,0.551117,;inf,715,0.601239,;inf,723,0.651323,;inf,735,0.701436,;inf,748,0.751556,;inf,765,0.801681,;inf,780,0.851776,;inf,799,0.901895,;inf,819,0.951972,;inf,840,1.00209,;inf,851,1.05222,;inf,866,1.10234,;inf,875,1.15246,;inf,883,1.20255,;inf,892,1.25264,;inf,910,1.30276,;inf,922,1.35286,;inf,930,1.40297,;inf,935,1.45306,;inf,943,1.50318,;inf,952,1.5533,;inf,957,1.60342,;inf,968,1.65354,;inf,972,1.70363,;inf,977,1.75375,;inf,986,1.80378,;inf,993,1.85389,;inf,1009,1.90402,;inf,1017,1.95414,;inf,1022,2.00425,;inf,1037,2.05437,;inf,1045,2.10447,;inf,1054,2.15455,;inf,1059,2.20465,;inf,1067,2.25477,;inf,1078,2.30487,;inf,1082,2.35495,;inf,1091,2.40507,;inf,1099,2.45519,;inf,1104,2.50531,;inf,1109,2.55543,;inf,1119,2.60555,;inf,1124,2.65568,;inf,1129,2.7058,;inf,1137,2.75588,;inf,1148,2.80599,;inf,1154,2.85608,;inf,1159,2.9062,;inf,1167,2.9563,;inf,1172,3.00642,;inf,1179,3.05654,;inf,1187,3.10665,;inf,1191,3.15677,;inf,1198,3.20687,;
inf,361,0.0500677,;inf,421,0.100161,;inf,461,0.150287,;inf,485,0.200402,;inf,511,0.250484,;inf,528,0.3006,;inf,544,0.350683,;inf,574,0.400789,;inf,600,0.450889,;inf,610,0.500966,;inf,629,0.551046,;

inf,572,0.0500954,;inf,606,0.100179,;inf,651,0.150304,;inf,681,0.200403,;inf,725,0.250527,;inf,744,0.300608,;inf,773,0.350726,;inf,791,0.400816,;inf,815,0.450908,;inf,827,0.501002,;inf,839,0.551125,;inf,861,0.601211,;inf,871,0.651306,;inf,881,0.701391,;inf,903,0.751485,;inf,915,0.801567,;inf,927,0.851662,;inf,950,0.901753,;inf,968,0.951848,;inf,977,1.00196,;inf,989,1.05203,;inf,1000,1.10214,;inf,1007,1.15223,;inf,1011,1.20231,;inf,1017,1.2524,;inf,1028,1.30248,;inf,1036,1.35256,;inf,1043,1.40264,;inf,1048,1.45272,;inf,1051,1.5028,;inf,1059,1.55292,;inf,1066,1.60301,;inf,1077,1.65309,;inf,1087,1.70317,;inf,1100,1.7533,;inf,1108,1.80338,;inf,1119,1.8535,;inf,1124,1.9036,;inf,1135,1.95372,;inf,1139,2.00381,;inf,1149,2.05391,;inf,1151,2.10401,;inf,1157,2.15409,;inf,1161,2.20417,;inf,1168,2.25426,;inf,1184,2.30435,;inf,1187,2.35446,;inf,1199,2.40457,;inf,1209,2.45466,;inf,1214,2.50474,;inf,1225,2.55483,;inf,1228,2.60492,;inf,1239,2.65504,;inf,1244,2.70513,;inf,1248,2.75522,;inf,1250,2.80531,;inf,1253,2.8554,;inf,1263,2.90549,;inf,1266,2.95558,;inf,1275,3.00566,;inf,1277,3.05574,;inf,1287,3.10582,;inf,1291,3.1559,;inf,1300,3.206,;inf,1304,3.25609,;inf,1311,3.30617,;inf,1316,3.35626,;inf,1323,3.40634,;inf,1323,3.45644,;inf,1328,3.50652,;inf,1331,3.55664,;inf,1336,3.60676,;inf,1340,3.65686,;inf,1343,3.70695,;inf,1345,3.75704,;inf,1353,3.80713,;inf,1356,3.85723,;inf,1361,3.90732,;inf,1368,3.95743,;inf,1372,4.00755,;inf,1377,4.05767,;inf,1381,4.10779,;inf,1383,4.15792,;inf,1390,4.20801,;inf,1393,4.25809,;inf,1400,4.30817,;inf,1405,4.35829,;inf,1406,4.40839,;inf,1410,4.45855,;inf,1415,4.50865,;inf,1418,4.55874,;inf,1420,4.60885,;inf,1423,4.65898,;inf,1428,4.70907,;inf,1429,4.75916,;inf,1430,4.80927,;inf,1434,4.8594,;inf,1434,4.9095,;inf,1438,4.95963,;inf,1441,5.00975,;inf,1445,5.05988,;inf,1450,5.10999,;inf,1453,5.16006,;inf,1463,5.21014,;inf,1469,5.26025,;inf,1473,5.31036,;inf,1478,5.36043,;inf,1481,5.41053,;inf,1484,5.46061,;inf,1487,5.51073,;inf,1493,5.56082,;inf,1497,5.61095,;inf,1505,5.66103,;inf,1509,5.71113,;inf,1514,5.76121,;inf,1520,5.81134,;inf,1523,5.86146,;inf,1529,5.91158,;inf,1532,5.9617,;inf,1533,6.01177,;inf,1536,6.06187,;inf,1539,6.11196,;inf,1541,6.16208,;inf,1544,6.21216,;inf,1549,6.26228,;inf,1555,6.31237,;inf,1563,6.36249,;inf,1567,6.41262,;inf,1570,6.46273,;inf,1575,6.51281,;inf,1578,6.56292,;inf,1588,6.613,;inf,1593,6.66311,;inf,1596,6.71318,;inf,1603,6.76332,;inf,1607,6.81342,;inf,1611,6.8635,;inf,1615,6.91361,;inf,1623,6.96373,;inf,1627,7.01382,;inf,1630,7.06391,;inf,1634,7.11401,;inf,1637,7.1641,;inf,1643,7.2142,;inf,1646,7.26428,;inf,1651,7.31439,;inf,1657,7.36449,;inf,1663,7.41461,;inf,1669,7.46471,;inf,1676,7.51483,;inf,1685,7.56492,;inf,1688,7.61501,;inf,1691,7.66511,;inf,1698,7.71523,;inf,1698,7.76535,;inf,1703,7.81547,;inf,1705,7.86556,;inf,1710,7.91567,;inf,1715,7.96575,;inf,1717,8.01588,;inf,1720,8.066,;inf,1723,8.11608,;inf,1728,8.16623,;inf,1730,8.21631,;inf,1736,8.26642,;inf,1742,8.3165,;inf,1750,8.36661,;inf,1753,8.41669,;inf,1757,8.46682,;inf,1760,8.51695,;inf,1766,8.56707,;inf,1769,8.61715,;inf,1778,8.66723,;inf,1780,8.71733,;inf,1783,8.76746,;inf,1785,8.81754,;inf,1789,8.86763,;inf,1792,8.91773,;inf,1798,8.96783,;inf,1804,9.01792,;inf,1806,9.06801,;inf,1811,9.1181,;inf,1817,9.16818,;inf,1820,9.21827,;inf,1823,9.26837,;inf,1829,9.31848,;inf,1839,9.36857,;inf,1846,9.4187,;inf,1851,9.4688,;inf,1856,9.51889,;inf,1865,9.56898,;inf,1871,9.6191,;inf,1876,9.66919,;inf,1880,9.71928,;inf,1890,9.76941,;inf,1895,9.81949,;inf,1906,9.86959,;inf,1910,9.91972,;inf,1918,9.96984,;inf,1922,10.0199,;inf,1930,10.0701,;inf,1933,10.1201,;inf,1938,10.1702,;inf,1943,10.2203,;inf,1948,10.2705,;inf,1954,10.3205,;inf,1961,10.3706,;inf,1964,10.4207,;inf,1969,10.4709,;inf,1974,10.521,;inf,1978,10.5711,;inf,1983,10.6212,;inf,1986,10.6713,;inf,1992,10.7214,;inf,1996,10.7715,;inf,2001,10.8216,;inf,2009,10.8716,;inf,2011,10.9218,;inf,2014,10.9719,;inf,2014,11.0219,;inf,2024,11.072,;inf,2029,11.1221,;
inf,403,0.0500623,;inf,482,0.100158,;inf,534,0.150273,;inf,577,0.200368,;inf,608,0.250453,;inf,634,0.300534,;inf,664,0.350627,;inf,687,0.400712,;inf,701,0.450799,;inf,715,0.500923,;inf,728,0.551047,;inf,748,0.601133,;inf,767,0.651228,;inf,786,0.70135,;inf,799,0.751468,;inf,812,0.801559,;inf,826,0.851659,;inf,836,0.901753,;inf,842,0.951844,;inf,854,1.00193,;inf,871,1.05205,;inf,884,1.10214,;inf,901,1.15224,;inf,910,1.20233,;inf,916,1.25241,;inf,926,1.30249,;inf,932,1.35261,;inf,938,1.4027,;inf,947,1.45283,;inf,959,1.50294,;inf,966,1.55302,;inf,975,1.60312,;inf,982,1.65321,;inf,994,1.70334,;
inf,312,0.0500981,;inf,392,0.100232,;inf,429,0.150359,;inf,459,0.200456,;inf,489,0.250592,;inf,508,0.300676,;inf,513,0.350759,;inf,519,0.400856,;inf,530,0.450944,;inf,546,0.50103,;inf,557,0.551131,;inf,559,0.601264,;inf,578,0.651348,;inf,584,0.701443,;inf,590,0.751531,;inf,614,0.801611,;inf,631,0.851694,;inf,641,0.901793,;inf,652,0.95188,;inf,656,1.00198,;inf,672,1.05208,;inf,688,1.1022,;inf,696,1.1523,;inf,703,1.20239,;inf,712,1.25248,;inf,724,1.3026,;inf,730,1.35269,;inf,732,1.40281,;inf,735,1.45289,;inf,737,1.50297,;inf,743,1.55306,;inf,751,1.60318,;inf,758,1.65328,;inf,763,1.70337,;inf,768,1.7535,;inf,786,1.80363,;inf,791,1.85371,;inf,802,1.9038,;inf,805,1.95392,;inf,811,2.00401,;inf,813,2.0541,;inf,822,2.10419,;inf,831,2.15431,;inf,842,2.20441,;inf,847,2.25453,;inf,848,2.30462,;inf,851,2.35474,;inf,854,2.40484,;inf,855,2.45496,;inf,857,2.50505,;inf,863,2.55517,;inf,865,2.60529,;inf,868,2.65541,;inf,880,2.70554,;inf,890,2.75559,;inf,892,2.80571,;inf,898,2.85579,;inf,911,2.90587,;inf,915,2.95598,;inf,928,3.00607,;inf,935,3.05616,;inf,939,3.10624,;inf,943,3.15631,;inf,944,3.2064,;inf,948,3.25649,;inf,950,3.30662,;inf,954,3.35672,;inf,970,3.40681,;inf,970,3.45693,;inf,973,3.50705,;inf,979,3.55715,;inf,988,3.60727,;inf,989,3.65739,;inf,991,3.70751,;inf,992,3.7576,;inf,997,3.80769,;inf,998,3.85781,;inf,1000,3.9079,;inf,1004,3.95799,;inf,1007,4.00809,;inf,1014,4.05822,;inf,1019,4.1083,;inf,1025,4.15839,;inf,1030,4.20852,;inf,1035,4.25864,;inf,1041,4.30876,;inf,1045,4.35888,;inf,1055,4.40898,;inf,1057,4.45908,;inf,1060,4.5092,;inf,1064,4.55932,;inf,1068,4.60944,;inf,1072,4.65956,;inf,1073,4.70968,;inf,1083,4.75976,;inf,1091,4.80993,;inf,1094,4.86003,;inf,1098,4.91015,;inf,1099,4.96025,;inf,1104,5.01037,;inf,1107,5.06049,;inf,1113,5.11061,;inf,1114,5.1607,;inf,1116,5.21078,;inf,1119,5.26087,;inf,1120,5.31096,;inf,1123,5.36105,;inf,1123,5.41114,;inf,1126,5.46123,;inf,1127,5.51135,;inf,1131,5.56147,;inf,1135,5.61156,;inf,1139,5.6617,;inf,1141,5.71178,;inf,1143,5.76186,;inf,1150,5.81196,;inf,1154,5.86205,;inf,1158,5.91216,;inf,1159,5.9623,;inf,1164,6.0124,;inf,1167,6.06253,;inf,1169,6.11264,;inf,1171,6.16276,;inf,1172,6.21288,;inf,1172,6.26297,;inf,1177,6.31307,;inf,1182,6.36317,;inf,1185,6.41325,;inf,1188,6.46334,;inf,1189,6.51347,;inf,1191,6.56356,;inf,1191,6.61369,;inf,1194,6.66377,;inf,1198,6.7139,;inf,1206,6.764,;inf,1209,6.81414,;inf,1211,6.86423,;inf,1213,6.91435,;inf,1214,6.96443,;inf,1219,7.01452,;inf,1222,7.06461,;inf,1225,7.1147,;inf,1227,7.1648,;inf,1229,7.21492,;inf,1232,7.26505,;inf,1232,7.31517,;inf,1242,7.36529,;inf,1242,7.41541,;inf,1246,7.46553,;inf,1252,7.51562,;inf,1252,7.56574,;inf,1257,7.61583,;inf,1257,7.66595,;inf,1259,7.71604,;inf,1260,7.76616,;inf,1261,7.81626,;inf,1266,7.86636,;inf,1266,7.91646,;inf,1269,7.96657,;inf,1277,8.01667,;inf,1280,8.06679,;inf,1283,8.11689,;inf,1287,8.16701,;370.893079,1288,8.21714,;
inf,469,0.050103,;inf,547,0.100236,;inf,597,0.150319,;inf,630,0.200409,;inf,658,0.250511,;inf,691,0.300598,;inf,699,0.350716,;inf,718,0.400795,;inf,744,0.450909,;inf,759,0.501011,;inf,780,0.551134,;inf,794,0.601228,;inf,809,0.651332,;
inf,326,0.0500594,;inf,401,0.100174,;
inf,425,0.0500578,;inf,469,0.100143,;inf,525,0.150235,;inf,565,0.200328,;inf,589,0.250411,;inf,612,0.300502,;inf,635,0.3506,;inf,658,0.400699,;inf,686,0.450807,;inf,709,0.500892,;inf,728,0.550982,;
inf,405,0.0500941,;inf,517,0.100213,;inf,576,0.150336,;inf,588,0.200458,;inf,602,0.250543,;inf,617,0.300628,;inf,628,0.350719,;inf,646,0.400815,;inf,662,0.450914,;inf,669,0.501001,;inf,681,0.551095,;inf,706,0.601178,;inf,721,0.651267,;inf,738,0.701376,;inf,779,0.751476,;inf,790,0.801601,;inf,807,0.851726,;inf,811,0.901909,;inf,821,0.952032,;inf,833,1.00212,;inf,846,1.05225,;inf,856,1.10237,;inf,861,1.15249,;inf,866,1.20257,;inf,876,1.25269,;inf,881,1.30279,;inf,888,1.35289,;inf,895,1.40301,;inf,903,1.45313,;inf,911,1.50322,;inf,919,1.55335,;inf,926,1.60343,;inf,933,1.65351,;inf,939,1.70363,;inf,962,1.75373,;inf,966,1.80379,;inf,972,1.85394,;inf,980,1.90403,;inf,983,1.95412,;inf,986,2.00419,;inf,996,2.05428,;inf,1004,2.10442,;inf,1010,2.1545,;inf,1015,2.20463,;inf,1023,2.25471,;inf,1026,2.30483,;inf,1031,2.35491,;inf,1037,2.40501,;inf,1039,2.45514,;inf,1044,2.50524,;inf,1048,2.55534,;inf,1053,2.60543,;inf,1057,2.65551,;inf,1059,2.7056,;inf,1070,2.7557,;inf,1076,2.80582,;inf,1082,2.85595,;inf,1083,2.90607,;inf,1089,2.95617,;inf,1098,3.00626,;inf,1104,3.05635,;inf,1108,3.10644,;inf,1110,3.15652,;inf,1112,3.2066,;inf,1119,3.25672,;inf,1123,3.30683,;inf,1126,3.35694,;inf,1128,3.40703,;inf,1132,3.45712,;inf,1142,3.50721,;inf,1145,3.5573,;inf,1152,3.60739,;inf,1165,3.65747,;inf,1172,3.70758,;inf,1178,3.75767,;inf,1181,3.80775,;inf,1190,3.85784,;inf,1200,3.90792,;inf,1205,3.958,;inf,1206,4.00809,;inf,1213,4.05818,;inf,1215,4.10826,;inf,1220,4.15835,;inf,1226,4.20844,;inf,1228,4.25852,;inf,1233,4.3086,;inf,1234,4.35868,;inf,1238,4.40877,;inf,1244,4.45885,;inf,1249,4.50893,;inf,1251,4.55901,;inf,1251,4.60909,;inf,1260,4.65917,;inf,1263,4.70925,;inf,1265,4.75933,;inf,1267,4.80942,;inf,1270,4.85951,;inf,1273,4.90959,;inf,1281,4.95967,;inf,1286,5.00975,;inf,1290,5.05985,;inf,1292,5.10995,;inf,1293,5.16004,;inf,1295,5.21015,;inf,1299,5.26024,;inf,1309,5.31035,;inf,1310,5.36047,;inf,1313,5.41056,;inf,1316,5.46064,;inf,1319,5.51072,;inf,1325,5.56083,;inf,1326,5.61094,;inf,1328,5.66106,;inf,1330,5.71115,;inf,1335,5.76125,;inf,1336,5.81134,;inf,1337,5.86147,;inf,1338,5.9116,;inf,1342,5.96172,;inf,1343,6.01182,;inf,1348,6.06192,;inf,1351,6.112,;inf,1355,6.16214,;

inf,419,0.0500722,;inf,504,0.10019,;inf,544,0.150271,;inf,582,0.2004,;inf,630,0.250524,;inf,674,0.300619,;inf,713,0.350736,;inf,735,0.400854,;inf,761,0.45098,;inf,779,0.50106,;inf,799,0.551184,;inf,820,0.601304,;inf,833,0.651392,;inf,846,0.701509,;inf,860,0.75159,;inf,871,0.801679,;inf,881,0.851815,;inf,900,0.901951,;inf,910,0.95207,;inf,931,1.00216,;inf,937,1.05227,;inf,950,1.10238,;inf,970,1.1525,;inf,976,1.20262,;inf,984,1.25274,;inf,991,1.30286,;inf,1002,1.35297,;inf,1009,1.4031,;inf,1013,1.45319,;inf,1019,1.50327,;inf,1022,1.55336,;inf,1029,1.60345,;inf,1046,1.65353,;inf,1050,1.70362,;inf,1057,1.75372,;inf,1059,1.80381,;inf,1069,1.85391,;inf,1079,1.90401,;inf,1092,1.95414,;inf,1094,2.00424,;inf,1101,2.05434,;inf,1109,2.10446,;inf,1120,2.15456,;inf,1130,2.20468,;inf,1137,2.25477,;
inf,318,0.0500657,;inf,375,0.100162,;inf,424,0.150254,;inf,449,0.200349,;inf,486,0.250473,;inf,510,0.300593,;inf,537,0.350684,;inf,554,0.400777,;inf,579,0.45086,;inf,610,0.500981,;inf,631,0.551062,;inf,655,0.601152,;inf,668,0.651244,;inf,680,0.701363,;inf,692,0.751457,;inf,697,0.801576,;inf,709,0.851695,;inf,717,0.901775,;inf,729,0.951895,;inf,747,1.00201,;inf,751,1.05213,;inf,761,1.10226,;inf,764,1.15238,;inf,771,1.20246,;inf,779,1.25258,;inf,789,1.3027,;inf,796,1.35279,;inf,809,1.40287,;
inf,353,0.0500698,;inf,429,0.100165,;inf,495,0.150292,;
inf,883,0.0500676,;inf,950,0.100159,;inf,1022,0.150262,;inf,1065,0.200353,;

inf,304,0.0500984,;inf,358,0.100194,;inf,411,0.150294,;inf,441,0.200376,;inf,478,0.25045,;inf,506,0.300523,;inf,534,0.350601,;inf,552,0.400671,;inf,576,0.450746,;inf,603,0.500822,;inf,625,0.550897,;inf,653,0.600969,;inf,667,0.651046,;inf,683,0.701121,;inf,687,0.751199,;inf,696,0.801275,;inf,706,0.851397,;inf,732,0.901507,;inf,744,0.951618,;inf,764,1.00174,;inf,777,1.05186,;inf,802,1.10197,;inf,810,1.15208,;inf,813,1.2022,;inf,828,1.25225,;inf,836,1.30237,;inf,849,1.35248,;inf,858,1.4026,;inf,868,1.45267,;inf,886,1.50279,;inf,889,1.55289,;inf,894,1.603,;inf,901,1.65308,;inf,909,1.70321,;inf,915,1.75332,;inf,916,1.80341,;inf,923,1.85351,;inf,931,1.90362,;inf,944,1.95371,;inf,946,2.00383,;inf,949,2.05395,;inf,958,2.10402,;inf,968,2.15413,;inf,980,2.20426,;inf,987,2.25438,;inf,990,2.30445,;inf,997,2.35456,;inf,1002,2.40465,;inf,1013,2.45477,;inf,1022,2.50486,;inf,1033,2.55498,;inf,1038,2.60507,;inf,1044,2.65515,;inf,1047,2.70524,;inf,1054,2.75535,;inf,1058,2.80546,;inf,1066,2.85557,;inf,1082,2.90566,;inf,1090,2.95578,;inf,1094,3.00589,;inf,1105,3.056,;
inf,430,0.0500721,;inf,528,0.100164,;inf,579,0.150256,;inf,643,0.200379,;inf,679,0.2505,;inf,709,0.300592,;inf,748,0.350697,;inf,766,0.400786,;inf,779,0.4509,;inf,797,0.500987,;inf,807,0.551071,;inf,826,0.601199,;inf,844,0.651317,;inf,857,0.70143,;inf,865,0.751521,;inf,876,0.801604,;inf,890,0.851692,;
inf,640,0.0500461,;inf,733,0.100139,;inf,756,0.150221,;inf,792,0.200303,;inf,828,0.250381,;inf,844,0.300453,;inf,868,0.350534,;inf,881,0.400613,;inf,899,0.45074,;inf,930,0.500813,;inf,948,0.550895,;inf,968,0.601025,;inf,977,0.651098,;inf,1001,0.701215,;inf,1018,0.751322,;inf,1028,0.801413,;inf,1043,0.851503,;inf,1049,0.9016,;inf,1065,0.951721,;inf,1074,1.0018,;inf,1080,1.05191,;inf,1092,1.102,;inf,1104,1.15212,;inf,1113,1.20221,;inf,1122,1.25233,;inf,1139,1.30242,;inf,1146,1.35253,;inf,1158,1.40265,;inf,1162,1.45274,;inf,1166,1.50283,;inf,1176,1.55292,;inf,1182,1.60304,;inf,1190,1.65312,;inf,1193,1.7032,;inf,1203,1.75336,;inf,1210,1.80345,;inf,1218,1.85354,;inf,1225,1.90362,;inf,1233,1.95369,;inf,1244,2.00379,;inf,1250,2.05388,;inf,1252,2.10398,;inf,1254,2.15407,;inf,1259,2.20416,;inf,1269,2.25425,;inf,1274,2.30437,;inf,1279,2.35446,;inf,1289,2.40455,;inf,1297,2.45467,;inf,1309,2.50479,;inf,1313,2.55491,;inf,1315,2.60502,;inf,1323,2.65509,;inf,1331,2.70521,;inf,1337,2.75528,;inf,1346,2.80539,;inf,1349,2.85551,;inf,1354,2.90562,;inf,1359,2.95572,;inf,1363,3.00584,;inf,1371,3.05595,;inf,1378,3.10606,;inf,1386,3.15617,;inf,1390,3.20626,;inf,1396,3.25634,;inf,1407,3.30645,;inf,1409,3.35654,;inf,1417,3.40666,;inf,1423,3.45677,;inf,1427,3.50686,;inf,1431,3.55698,;inf,1434,3.6071,;inf,1439,3.65722,;
inf,618,0.0500932,;inf,745,0.100214,;inf,809,0.150308,;inf,849,0.200364,;inf,883,0.250483,;inf,921,0.300564,;
inf,373,0.0500673,;
inf,380,0.0500991,;inf,451,0.100179,;inf,484,0.150303,;inf,513,0.200399,;inf,543,0.250497,;inf,572,0.300589,;inf,596,0.350669,;inf,615,0.400764,;inf,633,0.450879,;inf,657,0.500971,;inf,673,0.551087,;inf,694,0.601174,;inf,712,0.651292,;inf,728,0.701385,;inf,742,0.751504,;inf,764,0.801616,;inf,777,0.851736,;inf,785,0.901849,;inf,797,0.951933,;inf,810,1.00205,;inf,829,1.05213,;inf,848,1.10225,;inf,863,1.15234,;inf,875,1.20243,;inf,892,1.25253,;inf,907,1.30264,;inf,921,1.35274,;inf,921,1.40283,;inf,923,1.45293,;inf,929,1.50305,;inf,939,1.55314,;inf,946,1.60326,;inf,958,1.65335,;inf,967,1.70344,;inf,973,1.75353,;inf,982,1.80365,;inf,993,1.85373,;inf,1003,1.90386,;inf,1009,1.95399,;inf,1018,2.00407,;inf,1024,2.05418,;inf,1036,2.10427,;inf,1041,2.15439,;inf,1046,2.20448,;inf,1051,2.25461,;inf,1056,2.3047,;inf,1065,2.35482,;inf,1074,2.40491,;
inf,336,0.0500964,;inf,392,0.100218,;inf,434,0.150329,;inf,484,0.200409,;inf,506,0.250505,;inf,523,0.300589,;inf,542,0.350688,;inf,572,0.400773,;inf,594,0.450863,;inf,610,0.500954,;inf,632,0.551077,;inf,645,0.601156,;inf,671,0.651276,;inf,688,0.701352,;inf,698,0.751471,;inf,703,0.801548,;inf,721,0.851632,;inf,728,0.901722,;inf,739,0.951803,;inf,752,1.00191,;inf,763,1.05203,;inf,768,1.10211,;inf,784,1.1522,;inf,792,1.20229,;inf,800,1.25242,;inf,811,1.30251,;inf,819,1.3526,;inf,838,1.40269,;inf,851,1.45277,;
inf,362,0.0500958,;inf,463,0.100209,;inf,533,0.150331,;inf,573,0.200447,;inf,603,0.250535,;inf,631,0.300658,;inf,663,0.350761,;inf,693,0.400877,;inf,715,0.450964,;inf,737,0.501041,;inf,768,0.551161,;inf,791,0.601272,;inf,814,0.651382,;inf,828,0.701458,;inf,845,0.751543,;inf,867,0.801613,;inf,879,0.851726,;inf,892,0.901802,;inf,914,0.951916,;inf,925,1.002,;inf,934,1.05213,;inf,945,1.1022,;inf,960,1.15228,;inf,975,1.20237,;inf,986,1.25252,;inf,1000,1.3026,;inf,1011,1.35272,;inf,1023,1.40283,;inf,1032,1.45295,;inf,1045,1.50306,;inf,1051,1.55313,;inf,1059,1.60325,;inf,1073,1.65334,;inf,1081,1.70346,;inf,1086,1.75357,;inf,1096,1.80366,;inf,1105,1.85375,;inf,1110,1.90386,;inf,1121,1.95395,;inf,1130,2.00403,;inf,1134,2.05411,;inf,1141,2.10419,;inf,1148,2.15426,;inf,1164,2.20435,;inf,1168,2.25444,;inf,1172,2.30452,;inf,1172,2.35464,;inf,1182,2.40476,;inf,1190,2.45485,;inf,1194,2.50497,;inf,1201,2.55508,;inf,1209,2.6052,;inf,1213,2.65529,;inf,1219,2.70539,;inf,1225,2.7555,;inf,1235,2.80562,;inf,1238,2.85573,;inf,1243,2.90581,;inf,1247,2.95589,;inf,1254,3.00597,;inf,1263,3.05606,;inf,1267,3.10615,;inf,1272,3.15623,;inf,1281,3.20632,;inf,1285,3.25639,;inf,1295,3.30648,;inf,1300,3.3566,;inf,1309,3.40668,;inf,1318,3.4568,;inf,1320,3.50691,;inf,1327,3.55699,;inf,1330,3.60706,;inf,1338,3.65717,;inf,1347,3.70729,;inf,1352,3.75737,;inf,1355,3.8075,;inf,1361,3.85762,;inf,1366,3.90778,;inf,1374,3.95786,;inf,1382,4.00794,;inf,1387,4.05801,;inf,1393,4.10808,;inf,1397,4.15816,;inf,1402,4.20823,;inf,1408,4.25831,;inf,1412,4.30838,;inf,1417,4.35846,;inf,1423,4.40853,;inf,1431,4.4586,;inf,1434,4.50868,;inf,1440,4.55876,;inf,1442,4.60885,;inf,1445,4.65893,;inf,1451,4.70906,;inf,1458,4.75917,;inf,1467,4.80928,;inf,1471,4.8594,;inf,1475,4.90948,;inf,1486,4.95955,;inf,1494,5.00961,;inf,1498,5.05972,;inf,1501,5.1098,;inf,1506,5.15991,;inf,1508,5.21,;inf,1514,5.26009,;inf,1521,5.31018,;inf,1523,5.3603,;inf,1528,5.41038,;inf,1532,5.4605,;inf,1537,5.51061,;
inf,889,0.0500717,;inf,964,0.100174,;inf,1033,0.150286,;
inf,353,0.0500568,;inf,395,0.100152,;inf,443,0.150249,;inf,485,0.200378,;inf,524,0.250457,;inf,556,0.300533,;
inf,203,0.0500952,;inf,216,0.100212,;inf,250,0.15033,;inf,266,0.20044,;inf,275,0.250525,;inf,289,0.300667,;inf,299,0.35074,;inf,314,0.40089,;inf,333,0.45098,;inf,344,0.501065,;inf,350,0.55116,;inf,369,0.601251,;inf,388,0.651344,;inf,392,0.701432,;
inf,375,0.0500666,;inf,451,0.100167,;inf,502,0.150294,;inf,537,0.200381,;inf,569,0.250502,;inf,584,0.300584,;inf,618,0.350672,;inf,640,0.400759,;inf,653,0.450849,;inf,667,0.500986,;inf,687,0.551116,;inf,706,0.601235,;
inf,393,0.0500706,;inf,477,0.100161,;inf,513,0.150244,;inf,565,0.200319,;inf,607,0.250432,;inf,652,0.300507,;inf,684,0.350583,;inf,712,0.400667,;inf,730,0.450754,;inf,745,0.500857,;inf,769,0.550945,;inf,786,0.601042,;inf,804,0.651172,;inf,816,0.701283,;inf,824,0.751402,;inf,847,0.801478,;inf,862,0.851594,;inf,885,0.901683,;inf,886,0.951804,;inf,891,1.00189,;inf,901,1.05198,;inf,909,1.10206,;inf,921,1.15214,;inf,929,1.20222,;inf,935,1.25235,;inf,943,1.30243,;inf,952,1.35252,;inf,958,1.40261,;inf,966,1.4527,;inf,973,1.50278,;inf,988,1.55285,;inf,996,1.60293,;inf,996,1.65302,;inf,999,1.7031,;inf,1007,1.75322,;inf,1013,1.80334,;inf,1018,1.85347,;inf,1026,1.90358,;inf,1033,1.95369,;inf,1038,2.00381,;inf,1039,2.05393,;inf,1045,2.10401,;inf,1051,2.1541,;inf,1054,2.2042,;inf,1058,2.25428,;inf,1066,2.30436,;inf,1070,2.35446,;inf,1080,2.40454,;inf,1085,2.45462,;inf,1087,2.50471,;inf,1089,2.5548,;inf,1093,2.60492,;inf,1097,2.65503,;inf,1100,2.70512,;inf,1101,2.75521,;216.489372,1112,2.80529,;
inf,338,0.0500576,;
inf,401,0.0500741,;inf,473,0.10018,;inf,507,0.150268,;inf,548,0.200393,;inf,584,0.250484,;inf,614,0.300595,;inf,639,0.350685,;inf,653,0.400811,;inf,675,0.450898,;inf,695,0.501076,;inf,715,0.551194,;inf,727,0.601282,;inf,741,0.651401,;inf,755,0.701494,;inf,769,0.751614,;inf,783,0.801727,;inf,794,0.851842,;inf,808,0.901924,;inf,824,0.952041,;inf,835,1.00212,;inf,847,1.05224,;inf,856,1.10233,;inf,868,1.15241,;inf,880,1.20253,;inf,894,1.25262,;inf,906,1.30271,;inf,916,1.35279,;inf,927,1.40296,;inf,936,1.45308,;inf,947,1.50317,;inf,950,1.5533,;inf,953,1.60339,;inf,962,1.65351,;inf,967,1.70363,;inf,974,1.75374,;inf,979,1.80386,;inf,987,1.85395,;
inf,297,0.0500719,;inf,372,0.100207,;inf,411,0.150296,;inf,421,0.200417,;inf,433,0.2505,;inf,451,0.300625,;inf,468,0.350719,;inf,488,0.400836,;inf,500,0.450885,;inf,513,0.501004,;inf,533,0.551127,;inf,544,0.60124,;inf,557,0.651337,;inf,565,0.70145,;inf,586,0.751524,;inf,603,0.801606,;inf,610,0.85173,;inf,627,0.901851,;inf,636,0.95198,;inf,645,1.0021,;inf,664,1.05222,;inf,669,1.10234,;inf,683,1.15246,;inf,692,1.20258,;inf,697,1.25267,;inf,708,1.30278,;inf,709,1.3529,;inf,715,1.40301,;inf,724,1.45313,;inf,733,1.50323,;inf,747,1.55335,;inf,754,1.60346,;inf,758,1.65354,;inf,765,1.70366,;inf,774,1.75375,;inf,776,1.80386,;inf,787,1.85398,;inf,789,1.90406,;inf,791,1.95419,;inf,801,2.00431,;inf,817,2.05443,;inf,822,2.10455,;inf,829,2.15467,;inf,837,2.20479,;inf,839,2.25489,;inf,847,2.30503,;inf,851,2.35515,;inf,853,2.40527,;inf,859,2.4554,;inf,862,2.50551,;inf,863,2.55563,;inf,867,2.60575,;inf,870,2.65588,;inf,881,2.70596,;inf,891,2.75608,;inf,894,2.8062,;inf,897,2.85633,;inf,904,2.90644,;inf,907,2.95656,;inf,910,3.00668,;inf,922,3.0568,;inf,923,3.10693,;inf,938,3.15705,;inf,942,3.20718,;inf,945,3.2573,;inf,957,3.3074,;inf,960,3.35752,;inf,963,3.40763,;inf,972,3.45775,;inf,978,3.50784,;inf,986,3.55797,;inf,989,3.60809,;inf,991,3.65821,;inf,998,3.70833,;inf,1001,3.75845,;inf,1002,3.80858,;inf,1008,3.8587,;inf,1013,3.90878,;inf,1023,3.95889,;inf,1031,4.00902,;inf,1038,4.05914,;inf,1041,4.10926,;inf,1049,4.15939,;inf,1051,4.20952,;inf,1052,4.2596,;inf,1056,4.30971,;inf,1058,4.35983,;inf,1060,4.40992,;inf,1063,4.46,;inf,1068,4.51009,;inf,1070,4.56025,;inf,1071,4.61037,;inf,1074,4.66049,;inf,1078,4.71061,;
inf,302,0.0500684,;inf,347,0.10019,;inf,398,0.150304,;inf,425,0.200424,;inf,437,0.250539,;inf,448,0.300657,;inf,467,0.350781,;inf,469,0.400902,;inf,490,0.450981,;inf,500,0.501075,;
inf,293,0.0501009,;inf,358,0.100193,;inf,394,0.150288,;inf,434,0.200372,;inf,461,0.250458,;inf,511,0.300541,;inf,539,0.350627,;inf,557,0.400707,;inf,586,0.450794,;inf,608,0.500881,;inf,627,0.550978,;inf,644,0.601063,;inf,665,0.651142,;inf,681,0.701218,;inf,707,0.751346,;inf,726,0.80147,;inf,740,0.851555,;inf,748,0.9017,;inf,771,0.951836,;inf,794,1.00197,;inf,802,1.05211,;inf,808,1.10221,;inf,827,1.15233,;inf,840,1.20246,;inf,849,1.25261,;inf,857,1.30273,;inf,871,1.35286,;inf,878,1.40295,;inf,894,1.45308,;inf,902,1.50317,;inf,914,1.55327,;inf,921,1.60337,;inf,938,1.65345,;inf,948,1.70357,;inf,955,1.75365,;inf,963,1.80377,;inf,969,1.85386,;inf,976,1.90398,;inf,982,1.95408,;inf,989,2.0042,;inf,1002,2.05429,;inf,1011,2.10441,;inf,1018,2.15451,;inf,1026,2.20464,;inf,1034,2.25475,;inf,1040,2.30485,;inf,1046,2.35498,;inf,1055,2.40509,;inf,1061,2.45522,;inf,1065,2.50533,;inf,1069,2.55546,;inf,1079,2.60555,;inf,1086,2.65568,;inf,1095,2.70577,;inf,1101,2.75589,;inf,1108,2.80599,;inf,1113,2.85611,;inf,1122,2.9062,;inf,1128,2.9563,;inf,1136,3.00641,;inf,1144,3.0565,;inf,1151,3.10659,;inf,1154,3.15668,;inf,1164,3.2068,;inf,1168,3.25689,;inf,1172,3.30699,;inf,1176,3.35708,;inf,1179,3.40717,;inf,1185,3.45729,;inf,1192,3.50738,;inf,1202,3.55748,;inf,1209,3.6076,;inf,1212,3.6577,;inf,1215,3.7078,;inf,1223,3.75788,;inf,1232,3.808,;inf,1236,3.85811,;inf,1248,3.90822,;inf,1253,3.95835,;inf,1259,4.00848,;inf,1267,4.05857,;inf,1270,4.10866,;inf,1275,4.15877,;inf,1278,4.20886,;inf,1284,4.25897,;inf,1286,4.30907,;inf,1288,4.35917,;inf,1290,4.40928,;inf,1293,4.4594,;inf,1298,4.50952,;inf,1302,4.55964,;inf,1307,4.60972,;inf,1311,4.65983,;inf,1316,4.70992,;inf,1323,4.76001,;inf,1328,4.8101,;inf,1336,4.86023,;inf,1341,4.91034,;inf,1346,4.96047,;inf,1348,5.01057,;inf,1352,5.06066,;inf,1354,5.11076,;inf,1361,5.16084,;inf,1369,5.21096,;inf,1372,5.26108,;inf,1374,5.31119,;inf,1376,5.36129,;inf,1379,5.41138,;inf,1383,5.46147,;inf,1389,5.51161,;inf,1394,5.56171,;inf,1399,5.61183,;inf,1402,5.66191,;inf,1406,5.71203,;inf,1409,5.76213,;inf,1411,5.81222,;inf,1416,5.86232,;inf,1421,5.91244,;inf,1424,5.96256,;inf,1429,6.01268,;inf,1432,6.06278,;inf,1436,6.11287,;inf,1441,6.16299,;inf,1446,6.2131,;inf,1451,6.2632,;inf,1456,6.31328,;inf,1459,6.3634,;inf,1467,6.41352,;inf,1472,6.46364,;inf,1476,6.51372,;inf,1480,6.56382,;inf,1484,6.61392,;inf,1489,6.66404,;inf,1496,6.71413,;inf,1502,6.76426,;inf,1505,6.81436,;inf,1509,6.86449,;inf,1513,6.9146,;inf,1518,6.96469,;inf,1525,7.01479,;inf,1526,7.06491,;inf,1529,7.115,;inf,1533,7.16513,;inf,1539,7.21525,;inf,1541,7.26537,;inf,1543,7.31549,;inf,1545,7.36561,;inf,1548,7.4157,;inf,1550,7.46578,;inf,1553,7.51591,;inf,1557,7.566,;inf,1559,7.61612,;inf,1559,7.66623,;inf,1563,7.71635,;inf,1566,7.76643,;inf,1568,7.81652,;inf,1575,7.86661,;inf,1579,7.91671,;inf,1584,7.9668,;inf,1586,8.01689,;inf,1589,8.06699,;inf,1593,8.11708,;inf,1594,8.16717,;inf,1599,8.21727,;inf,1603,8.26736,;inf,1609,8.31746,;inf,1610,8.36758,;inf,1615,8.41768,;inf,1625,8.46779,;inf,1630,8.51787,;inf,1636,8.56797,;inf,1637,8.61807,;inf,1640,8.66819,;inf,1643,8.71828,;inf,1646,8.76837,;inf,1648,8.81847,;inf,1652,8.86856,;inf,1660,8.9187,;inf,1665,8.96882,;inf,1669,9.01891,;inf,1673,9.06905,;inf,1681,9.11914,;inf,1685,9.16927,;inf,1694,9.21936,;inf,1698,9.26948,;inf,1703,9.31961,;inf,1706,9.36967,;inf,1709,9.41978,;inf,1714,9.46987,;inf,1717,9.51999,;inf,1720,9.57008,;inf,1725,9.62018,;inf,1731,9.67029,;inf,1734,9.72037,;inf,1742,9.77045,;inf,1744,9.82057,;inf,1746,9.87069,;inf,1757,9.92079,;inf,1767,9.97089,;inf,1775,10.021,;inf,1777,10.0711,;inf,1787,10.1212,;inf,1790,10.1713,;inf,1794,10.2214,;inf,1797,10.2716,;inf,1798,10.3217,;inf,1803,10.3718,;inf,1807,10.4219,;inf,1813,10.472,;inf,1819,10.5221,;inf,1824,10.5722,;inf,1828,10.6223,;inf,1830,10.6724,;inf,1834,10.7225,;inf,1835,10.7726,;inf,1837,10.8227,;inf,1843,10.8728,;inf,1850,10.9229,;inf,1852,10.973,;inf,1859,11.0231,;inf,1864,11.0732,;inf,1876,11.1233,;inf,1881,11.1734,;inf,1885,11.2236,;inf,1889,11.2737,;inf,1892,11.3238,;inf,1899,11.3739,;inf,1901,11.424,;inf,1904,11.4741,;inf,1908,11.5242,;inf,1910,11.5743,;inf,1914,11.6245,;inf,1920,11.6746,;inf,1927,11.7247,;inf,1933,11.7749,;inf,1939,11.825,;inf,1946,11.8751,;inf,1951,11.9252,;inf,1955,11.9753,;inf,1962,12.0254,;inf,1970,12.0756,;inf,1975,12.1257,;inf,1982,12.1758,;inf,1985,12.2259,;inf,1989,12.276,;inf,1994,12.3261,;inf,2000,12.3762,;inf,2004,12.4263,;inf,2007,12.4764,;inf,2008,12.5265,;inf,2017,12.5766,;inf,2019,12.6267,;inf,2023,12.6768,;inf,2029,12.7269,;inf,2035,12.777,;inf,2037,12.8271,;inf,2044,12.8772,;inf,2047,12.9273,;inf,2052,12.9774,;inf,2060,13.0275,;inf,2072,13.0776,;inf,2077,13.1278,;inf,2081,13.1778,;inf,2083,13.228,;inf,2094,13.2781,;inf,2098,13.3282,;inf,2105,13.3783,;inf,2107,13.4284,;inf,2112,13.4785,;inf,2116,13.5286,;inf,2119,13.5787,;inf,2124,13.6288,;inf,2128,13.6789,;inf,2140,13.729,;inf,2146,13.7792,;inf,2148,13.8293,;inf,2158,13.8794,;inf,2162,13.9295,;inf,2165,13.9796,;
inf,460,0.0500718,;
inf,302,0.0500641,;inf,383,0.100164,;inf,416,0.150248,;inf,452,0.20034,;inf,484,0.250438,;inf,507,0.300538,;inf,525,0.350672,;inf,547,0.400763,;inf,571,0.45089,;inf,590,0.500974,;inf,601,0.551096,;inf,608,0.601217,;inf,626,0.651335,;inf,637,0.701451,;inf,647,0.75153,;inf,660,0.801657,;inf,671,0.851741,;inf,677,0.901838,;inf,698,0.95192,;inf,707,1.00204,;inf,718,1.05212,;inf,731,1.10224,;inf,745,1.15234,;inf,753,1.20246,;inf,762,1.25256,;inf,776,1.30268,;inf,786,1.35281,;inf,801,1.40293,;inf,806,1.45305,;inf,815,1.50318,;inf,818,1.55329,;inf,826,1.60341,;inf,840,1.65353,;inf,849,1.70361,;inf,861,1.75374,;inf,864,1.80382,;inf,873,1.85395,;inf,879,1.90405,;inf,891,1.95414,;inf,898,2.00423,;inf,903,2.05436,;inf,906,2.10444,;inf,918,2.15452,;inf,930,2.20462,;inf,935,2.2547,;inf,944,2.30481,;inf,946,2.35489,;inf,949,2.40498,;inf,956,2.45507,;inf,963,2.5052,;inf,966,2.55533,;inf,970,2.60544,;inf,975,2.65556,;inf,979,2.70567,;inf,983,2.75576,;inf,987,2.80588,;inf,991,2.85598,;inf,998,2.9061,;inf,999,2.95621,;inf,1010,3.00632,;inf,1017,3.05641,;inf,1019,3.10654,;inf,1023,3.15665,;inf,1028,3.20677,;inf,1032,3.25689,;inf,1034,3.30701,;inf,1038,3.35713,;inf,1047,3.40726,;inf,1055,3.45738,;inf,1058,3.50753,;inf,1066,3.55766,;inf,1069,3.60774,;inf,1071,3.65788,;inf,1075,3.70796,;inf,1077,3.75808,;inf,1083,3.80817,;inf,1092,3.85827,;inf,1098,3.90839,;inf,1102,3.95849,;inf,1109,4.00859,;inf,1112,4.05867,;inf,1112,4.10876,;inf,1116,4.15889,;inf,1122,4.20899,;inf,1127,4.25911,;inf,1132,4.30924,;inf,1135,4.35933,;
inf,430,0.0500687,;inf,492,0.100165,;inf,542,0.150253,;
inf,440,0.0501003,;inf,535,0.100212,;inf,591,0.150327,;inf,635,0.200442,;inf,665,0.25057,;inf,698,0.300723,;inf,733,0.350827,;inf,755,0.400941,;inf,783,0.45103,;inf,799,0.50111,;inf,817,0.551222,;inf,830,0.601319,;inf,849,0.651428,;inf,864,0.701507,;inf,883,0.751603,;inf,896,0.801681,;inf,906,0.851795,;inf,921,0.901884,;inf,934,0.952005,;inf,938,1.0021,;inf,945,1.05222,;inf,955,1.10231,;inf,967,1.15242,;inf,979,1.20254,;inf,985,1.25263,;
inf,316,0.0500966,;inf,404,0.100194,;inf,451,0.150314,;inf,496,0.200402,;inf,538,0.250531,;inf,564,0.300653,;inf,586,0.350777,;inf,608,0.400862,;inf,624,0.450979,;inf,644,0.501072,;inf,653,0.551196,;inf,663,0.601292,;inf,678,0.651449,;inf,689,0.701527,;inf,702,0.751648,;inf,717,0.801761,;
inf,333,0.0501023,;inf,402,0.100161,;inf,438,0.150251,;inf,492,0.200337,;inf,532,0.250429,;inf,557,0.300513,;inf,588,0.350632,;inf,612,0.400725,;inf,635,0.450846,;inf,665,0.500935,;inf,681,0.551019,;inf,684,0.601109,;inf,704,0.651233,;inf,719,0.701353,;inf,727,0.751475,;
inf,390,0.0500953,;inf,462,0.100214,;inf,503,0.150333,;inf,540,0.200412,;inf,558,0.250517,;inf,589,0.300633,;inf,615,0.350715,;inf,639,0.400835,;inf,662,0.450935,;inf,673,0.501052,;inf,696,0.551153,;inf,721,0.601269,;inf,740,0.651394,;inf,760,0.701525,;inf,774,0.751648,;inf,785,0.801761,;inf,802,0.851856,;inf,813,0.90198,;inf,824,0.952097,;inf,849,1.00219,;inf,866,1.05227,;inf,877,1.10235,;inf,882,1.15244,;inf,892,1.20257,;inf,902,1.2527,;inf,910,1.30279,;inf,921,1.3529,;inf,932,1.403,;inf,939,1.45312,;inf,944,1.50321,;inf,950,1.55333,;inf,953,1.60342,;inf,962,1.65352,;inf,965,1.70361,;inf,971,1.7537,;inf,976,1.80383,;inf,981,1.85396,;inf,991,1.90409,;inf,1001,1.95421,;inf,1014,2.00433,;inf,1017,2.05443,;inf,1028,2.10452,;inf,1032,2.15459,;inf,1044,2.20469,;inf,1054,2.25477,;inf,1058,2.30487,;inf,1067,2.35497,;inf,1080,2.40508,;inf,1082,2.45518,;inf,1090,2.50529,;inf,1096,2.55539,;inf,1107,2.60551,;inf,1116,2.65563,;inf,1125,2.70575,;inf,1132,2.75585,;inf,1140,2.80595,;inf,1142,2.85605,;inf,1147,2.90617,;inf,1154,2.95626,;inf,1162,3.00638,;inf,1167,3.05652,;inf,1172,3.10661,;inf,1178,3.15673,;inf,1183,3.20681,;inf,1188,3.25693,;inf,1191,3.30703,;inf,1200,3.35714,;inf,1208,3.40723,;inf,1216,3.45735,;inf,1221,3.50745,;inf,1227,3.55755,;inf,1234,3.60767,;inf,1239,3.65783,;inf,1244,3.70792,;inf,1254,3.75801,;inf,1257,3.8081,;inf,1267,3.85822,;inf,1277,3.90834,;inf,1286,3.95844,;inf,1296,4.00855,;inf,1300,4.05863,;inf,1310,4.10876,;inf,1312,4.15884,;inf,1314,4.20897,;inf,1321,4.25907,;inf,1325,4.30919,;inf,1326,4.35929,;inf,1334,4.40937,;inf,1343,4.45947,;inf,1346,4.50955,;inf,1351,4.55965,;inf,1357,4.60977,;inf,1367,4.65986,;inf,1374,4.70994,;inf,1376,4.76004,;inf,1383,4.81016,;inf,1384,4.86027,;inf,1391,4.91036,;inf,1397,4.96045,;inf,1398,5.01058,;inf,1399,5.06071,;inf,1402,5.11079,;inf,1407,5.1609,;inf,1411,5.211,;inf,1416,5.26112,;inf,1419,5.31122,;inf,1425,5.36134,;inf,1431,5.41143,;inf,1432,5.46156,;inf,1436,5.51165,;inf,1441,5.56178,;inf,1453,5.61191,;inf,1456,5.66201,;inf,1462,5.7121,;inf,1466,5.76224,;inf,1470,5.81236,;inf,1476,5.86248,;inf,1478,5.9126,;inf,1487,5.96268,;
inf,301,0.0500979,;inf,384,0.10019,;inf,410,0.150311,;inf,427,0.200392,;inf,450,0.250513,;inf,468,0.30063,;inf,488,0.350745,;inf,505,0.400867,;inf,510,0.450958,;inf,539,0.501087,;inf,548,0.551158,;inf,571,0.601277,;inf,577,0.651363,;inf,578,0.701481,;inf,596,0.751571,;inf,611,0.801672,;inf,611,0.851751,;inf,616,0.90189,;inf,619,0.951971,;inf,624,1.00209,;inf,633,1.05218,;inf,633,1.1023,;inf,636,1.15242,;inf,641,1.20254,;inf,641,1.25264,;inf,652,1.30277,;inf,656,1.35288,;inf,664,1.403,;inf,669,1.45312,;inf,673,1.50321,;inf,682,1.55333,;inf,686,1.60343,;inf,688,1.65355,;inf,695,1.70364,;inf,697,1.75373,;inf,703,1.80383,;inf,713,1.85392,;inf,729,1.90404,;inf,731,1.95412,;inf,732,2.00422,;inf,741,2.05434,;inf,746,2.10443,;inf,749,2.15456,;
inf,324,0.0500662,;inf,393,0.100186,;inf,421,0.150267,;inf,452,0.200356,;inf,484,0.250446,;inf,512,0.300567,;inf,528,0.350651,;inf,548,0.400773,;inf,571,0.450888,;inf,589,0.500986,;inf,604,0.551091,;inf,631,0.601189,;inf,653,0.651273,;inf,673,0.701308,;inf,687,0.751394,;inf,704,0.801518,;inf,720,0.851638,;inf,733,0.901735,;inf,743,0.951834,;inf,758,1.00193,;inf,768,1.05205,;inf,780,1.10215,;inf,795,1.15228,;inf,803,1.20236,;inf,810,1.25248,;inf,817,1.30257,;inf,831,1.35268,;inf,843,1.40277,;inf,851,1.45284,;inf,859,1.50296,;inf,868,1.55306,;inf,879,1.60317,;inf,889,1.65328,;inf,894,1.70333,;inf,902,1.75341,;inf,909,1.80353,;inf,920,1.8536,;inf,924,1.90372,;inf,929,1.95381,;inf,937,2.00389,;inf,942,2.05398,;inf,945,2.10405,;inf,948,2.15414,;inf,950,2.20422,;inf,957,2.25434,;inf,969,2.30442,;inf,974,2.3545,;inf,985,2.40457,;inf,989,2.45473,;inf,993,2.50484,;inf,996,2.55495,;inf,1000,2.60506,;inf,1005,2.65518,;inf,1011,2.70531,;inf,1017,2.75538,;inf,1021,2.80546,;inf,1026,2.85553,;inf,1030,2.90561,;inf,1034,2.95573,;inf,1045,3.00582,;inf,1049,3.05593,;inf,1052,3.10606,;inf,1066,3.15615,;inf,1071,3.20624,;inf,1078,3.25634,;inf,1081,3.30643,;inf,1085,3.35652,;inf,1087,3.40661,;inf,1092,3.45672,;inf,1095,3.50687,;inf,1101,3.55694,;inf,1104,3.60702,;inf,1107,3.6571,;inf,1114,3.7072,;inf,1114,3.75732,;inf,1123,3.80743,;inf,1126,3.8575,;inf,1130,3.90762,;inf,1136,3.95771,;inf,1140,4.0078,;inf,1142,4.05789,;inf,1153,4.10801,;inf,1160,4.15809,;inf,1171,4.20817,;inf,1174,4.25826,;inf,1180,4.30839,;inf,1184,4.35848,;inf,1187,4.40858,;inf,1190,4.45869,;inf,1197,4.5088,;inf,1203,4.55885,;inf,1207,4.60894,;inf,1209,4.65902,;inf,1212,4.7091,;inf,1219,4.75917,;inf,1224,4.80928,;inf,1228,4.85942,;inf,1233,4.90949,;inf,1237,4.95962,;inf,1242,5.0097,;inf,1247,5.0598,;inf,1257,5.10988,;inf,1262,5.15996,;inf,1268,5.21004,;inf,1272,5.26012,;inf,1276,5.31021,;inf,1280,5.36031,;inf,1285,5.41038,;inf,1291,5.46049,;
inf,305,0.0500989,;inf,388,0.100189,;inf,446,0.150266,;inf,484,0.200357,;inf,522,0.25047,;inf,554,0.300562,;inf,574,0.350682,;inf,598,0.400772,;inf,618,0.450873,;inf,634,0.500978,;inf,646,0.551076,;inf,658,0.60116,;inf,672,0.651268,;inf,678,0.701373,;inf,693,0.751457,;inf,706,0.801575,;inf,713,0.851668,;inf,725,0.901781,;inf,743,0.951873,;inf,749,1.00199,;inf,764,1.05206,;inf,779,1.10217,;inf,783,1.15229,;inf,791,1.20237,;inf,801,1.25248,;inf,814,1.30259,;inf,824,1.3527,;inf,835,1.40283,;inf,843,1.45291,;inf,852,1.503,;inf,859,1.55308,;inf,867,1.60316,;inf,877,1.65324,;inf,888,1.70336,;
inf,362,0.0500717,;inf,433,0.100163,;
inf,582,0.050073,;inf,661,0.100204,;inf,719,0.15029,;inf,767,0.200379,;inf,800,0.250493,;inf,837,0.300659,;inf,866,0.350741,;inf,888,0.400857,;inf,930,0.45094,;inf,959,0.501025,;inf,982,0.551133,;inf,1002,0.601253,;inf,1018,0.651346,;inf,1033,0.701431,;inf,1051,0.751511,;
inf,562,0.0500322,;inf,625,0.100123,;inf,631,0.150206,;inf,634,0.20033,;inf,646,0.250429,;inf,663,0.3006,;inf,669,0.35069,;inf,677,0.400823,;inf,687,0.45094,;inf,702,0.501039,;inf,716,0.551166,;inf,726,0.601249,;inf,732,0.651365,;inf,741,0.701441,;inf,751,0.751531,;inf,751,0.801612,;inf,757,0.851694,;inf,770,0.901776,;
inf,447,0.0500958,;inf,518,0.100186,;inf,576,0.150271,;inf,612,0.200398,;inf,649,0.250492,;inf,681,0.300581,;inf,708,0.350668,;inf,733,0.400758,;inf,749,0.450843,;inf,778,0.500955,;inf,795,0.551041,;inf,813,0.601128,;inf,833,0.65123,;inf,847,0.701366,;inf,862,0.75152,;inf,871,0.801639,;inf,892,0.851762,;inf,909,0.901881,;inf,928,0.952003,;inf,934,1.00211,;inf,943,1.05223,;inf,963,1.10235,;inf,971,1.15247,;
inf,334,0.050071,;inf,392,0.100231,;inf,453,0.150318,;inf,499,0.200435,;inf,536,0.250535,;inf,578,0.300613,;inf,605,0.350701,;inf,638,0.400827,;inf,672,0.45091,;inf,704,0.500987,;inf,724,0.551105,;inf,737,0.601221,;inf,756,0.651359,;inf,770,0.701477,;inf,790,0.751595,;inf,795,0.801674,;

inf,439,0.0501123,;inf,519,0.100213,;inf,576,0.150327,;inf,640,0.20042,;inf,681,0.250539,;inf,706,0.300628,;inf,741,0.350758,;inf,770,0.400886,;inf,795,0.451007,;inf,824,0.501126,;inf,839,0.551251,;inf,857,0.601367,;inf,872,0.651449,;inf,889,0.701563,;

inf,403,0.0501029,;inf,509,0.100182,;inf,579,0.15027,;inf,615,0.200365,;inf,657,0.250485,;inf,691,0.300593,;inf,731,0.350714,;inf,760,0.400795,;inf,796,0.450886,;inf,821,0.501015,;inf,842,0.55114,;inf,863,0.601262,;inf,872,0.651389,;inf,886,0.701476,;inf,906,0.751608,;inf,912,0.801687,;inf,925,0.851773,;inf,932,0.901863,;inf,939,0.95195,;inf,949,1.00204,;inf,963,1.05213,;inf,985,1.10225,;inf,994,1.15238,;inf,1002,1.20246,;inf,1012,1.25256,;inf,1021,1.30269,;inf,1029,1.35281,;
inf,443,0.050101,;inf,511,0.100215,;inf,547,0.150308,;inf,598,0.200392,;inf,625,0.250512,;inf,655,0.300627,;inf,686,0.350743,;inf,715,0.400857,;inf,743,0.450939,;inf,764,0.501056,;inf,780,0.551134,;inf,793,0.601262,;inf,814,0.651353,;inf,831,0.701474,;inf,850,0.751594,;inf,874,0.801717,;inf,884,0.85183,;inf,899,0.901953,;inf,910,0.952066,;inf,920,1.00218,;inf,932,1.05229,;inf,943,1.10238,;inf,956,1.15251,;inf,962,1.2026,;inf,971,1.25271,;inf,980,1.3028,;inf,989,1.35292,;inf,994,1.40303,;inf,1005,1.45314,;inf,1013,1.50325,;inf,1025,1.55338,;inf,1037,1.6035,;inf,1042,1.65363,;inf,1051,1.70376,;inf,1059,1.75383,;inf,1063,1.80396,;inf,1067,1.85405,;
inf,395,0.050096,;inf,464,0.100218,;inf,525,0.150341,;inf,577,0.200463,;inf,611,0.25055,;inf,635,0.300641,;inf,659,0.350741,;inf,691,0.400834,;inf,713,0.450929,;inf,741,0.501048,;inf,757,0.551138,;inf,777,0.60126,;inf,799,0.651358,;inf,812,0.701459,;inf,823,0.751556,;inf,842,0.801638,;inf,849,0.851773,;inf,852,0.901887,;inf,868,0.952011,;inf,875,1.00209,;inf,889,1.05223,;inf,897,1.10233,;inf,908,1.15246,;
inf,478,0.0500968,;inf,568,0.100188,;inf,609,0.150306,;
inf,323,0.0500958,;inf,384,0.100195,;inf,460,0.150315,;inf,494,0.200428,;inf,529,0.250548,;inf,547,0.300674,;inf,577,0.3508,;inf,597,0.400967,;inf,616,0.451071,;inf,624,0.501186,;inf,650,0.551414,;inf,675,0.601514,;inf,699,0.651609,;inf,724,0.70173,;inf,740,0.751823,;inf,757,0.801922,;inf,774,0.852021,;inf,791,0.902124,;inf,809,0.952215,;inf,821,1.0023,;inf,838,1.05239,;inf,849,1.1025,;inf,862,1.15262,;inf,876,1.20274,;inf,891,1.25286,;inf,910,1.30299,;inf,919,1.3531,;inf,926,1.40315,;inf,934,1.45324,;inf,945,1.50332,;inf,953,1.55344,;inf,959,1.60353,;inf,967,1.65365,;inf,975,1.70374,;inf,992,1.75384,;inf,1000,1.80395,;inf,1008,1.85407,;inf,1016,1.9042,;inf,1029,1.95435,;inf,1033,2.00445,;inf,1036,2.05456,;inf,1047,2.10466,;inf,1053,2.15478,;inf,1067,2.20487,;inf,1077,2.25499,;inf,1087,2.30508,;inf,1097,2.35516,;inf,1106,2.40528,;inf,1109,2.45536,;inf,1113,2.50544,;inf,1114,2.55553,;inf,1120,2.60561,;inf,1128,2.65573,;inf,1136,2.70581,;inf,1147,2.75589,;inf,1159,2.80597,;inf,1167,2.85605,;inf,1173,2.90613,;inf,1180,2.95621,;inf,1186,3.00629,;inf,1190,3.05637,;inf,1192,3.10645,;inf,1199,3.15654,;inf,1203,3.20662,;inf,1206,3.25671,;inf,1212,3.30679,;inf,1220,3.35691,;inf,1222,3.40702,;inf,1224,3.45714,;inf,1226,3.50722,;inf,1236,3.55734,;inf,1240,3.60746,;inf,1246,3.65759,;inf,1250,3.70771,;inf,1254,3.75784,;inf,1256,3.80796,;inf,1266,3.85807,;inf,1268,3.90816,;inf,1273,3.95829,;inf,1276,4.00841,;inf,1280,4.05853,;inf,1283,4.10861,;inf,1288,4.15872,;inf,1293,4.20884,;inf,1298,4.25893,;inf,1304,4.30903,;inf,1307,4.3591,;inf,1311,4.40919,;inf,1316,4.45928,;inf,1320,4.50938,;inf,1327,4.55949,;inf,1331,4.6096,;inf,1333,4.65971,;inf,1339,4.70982,;inf,1351,4.75992,;inf,1354,4.81001,;inf,1359,4.86011,;inf,1363,4.9102,;inf,1365,4.9603,;inf,1367,5.01039,;inf,1372,5.06049,;inf,1377,5.11058,;inf,1380,5.16069,;inf,1387,5.21079,;inf,1393,5.26088,;inf,1397,5.31096,;inf,1401,5.36106,;inf,1406,5.41112,;inf,1409,5.46121,;inf,1414,5.51129,;inf,1416,5.56137,;inf,1418,5.61145,;inf,1419,5.66155,;inf,1421,5.71164,;inf,1425,5.76173,;inf,1429,5.81182,;inf,1436,5.86191,;inf,1440,5.912,;inf,1450,5.9621,;inf,1453,6.01219,;inf,1458,6.06228,;inf,1459,6.11237,;inf,1462,6.16247,;inf,1465,6.21257,;inf,1471,6.26267,;inf,1477,6.31275,;inf,1483,6.36289,;inf,1486,6.41297,;inf,1491,6.4631,;inf,1497,6.51324,;inf,1502,6.56332,;inf,1510,6.61346,;inf,1513,6.66355,;inf,1516,6.71364,;inf,1520,6.76374,;inf,1526,6.81383,;inf,1533,6.86392,;inf,1535,6.91402,;inf,1538,6.9641,;inf,1541,7.01422,;inf,1546,7.06431,;inf,1547,7.11441,;inf,1549,7.1645,;inf,1554,7.2146,;inf,1557,7.26472,;inf,1559,7.31483,;inf,1563,7.36493,;inf,1568,7.41505,;inf,1571,7.46515,;inf,1577,7.51525,;inf,1584,7.56538,;inf,1586,7.61548,;inf,1591,7.6656,;inf,1593,7.71572,;inf,1596,7.76582,;inf,1598,7.81592,;inf,1603,7.86605,;inf,1605,7.91614,;inf,1615,7.96623,;inf,1620,8.01631,;inf,1622,8.06642,;inf,1630,8.11651,;inf,1637,8.16659,;inf,1641,8.21668,;inf,1643,8.26677,;inf,1648,8.31685,;inf,1649,8.36693,;inf,1653,8.41702,;inf,1657,8.46712,;inf,1659,8.51721,;inf,1661,8.56729,;inf,1664,8.61738,;inf,1671,8.66747,;inf,1674,8.71756,;inf,1682,8.76766,;inf,1687,8.81777,;inf,1688,8.86786,;inf,1693,8.91794,;inf,1698,8.96803,;inf,1705,9.01813,;inf,1713,9.06822,;inf,1716,9.11832,;inf,1724,9.16842,;inf,1727,9.21851,;inf,1731,9.2686,;inf,1733,9.3187,;inf,1736,9.36879,;inf,1741,9.41887,;inf,1749,9.46896,;inf,1756,9.51905,;inf,1761,9.56914,;inf,1764,9.61922,;inf,1769,9.66931,;inf,1774,9.71941,;inf,1778,9.7695,;inf,1782,9.81959,;inf,1784,9.86969,;inf,1788,9.91978,;inf,1798,9.96988,;inf,1804,10.02,;inf,1811,10.0701,;inf,1814,10.1202,;inf,1816,10.1703,;inf,1820,10.2204,;inf,1825,10.2705,;inf,1829,10.3206,;inf,1833,10.3706,;inf,1836,10.4207,;inf,1842,10.4708,;inf,1850,10.5209,;inf,1853,10.571,;inf,1862,10.6211,;inf,1866,10.6712,;inf,1871,10.7213,;inf,1877,10.7714,;inf,1884,10.8215,;inf,1887,10.8716,;inf,1893,10.9217,;inf,1896,10.9717,;
inf,309,0.0500603,;inf,387,0.100153,;inf,424,0.150267,;inf,462,0.200361,;inf,489,0.250477,;inf,535,0.300593,;inf,559,0.35071,;inf,576,0.400824,;inf,601,0.450949,;inf,618,0.501027,;inf,640,0.55111,;inf,657,0.60123,;inf,694,0.651343,;inf,713,0.701456,;inf,739,0.75157,;inf,752,0.80168,;inf,762,0.851789,;inf,777,0.901866,;inf,785,0.951945,;inf,793,1.00207,;inf,804,1.05219,;inf,816,1.1023,;inf,834,1.15242,;inf,843,1.2025,;inf,856,1.25262,;inf,866,1.30273,;inf,879,1.35283,;inf,888,1.40295,;inf,891,1.45305,;inf,901,1.50317,;inf,911,1.55328,;inf,915,1.60337,;inf,923,1.65349,;inf,931,1.7036,;inf,936,1.75372,;inf,943,1.8038,;inf,950,1.85392,;inf,958,1.904,;inf,966,1.95412,;inf,972,2.00423,;inf,983,2.05435,;
inf,255,0.0500984,;inf,308,0.100215,;inf,351,0.150296,;inf,394,0.200386,;inf,416,0.250468,;inf,439,0.300556,;inf,473,0.350649,;inf,494,0.400731,;inf,507,0.450817,;inf,537,0.500903,;inf,548,0.550997,;inf,558,0.601088,;inf,573,0.65118,;inf,586,0.701294,;inf,605,0.751383,;inf,617,0.801499,;inf,627,0.8516,;inf,639,0.901708,;inf,646,0.951821,;inf,656,1.00192,;inf,668,1.052,;inf,683,1.10213,;inf,692,1.15222,;inf,703,1.2023,;inf,715,1.25243,;inf,718,1.30252,;inf,725,1.35263,;inf,735,1.40274,;inf,743,1.45285,;inf,749,1.50297,;inf,758,1.55308,;inf,772,1.60317,;inf,777,1.65326,;inf,782,1.70339,;inf,790,1.75351,;inf,800,1.8036,;inf,808,1.85368,;inf,814,1.90379,;inf,822,1.95389,;inf,826,2.00397,;inf,826,2.05406,;inf,829,2.10416,;inf,838,2.15424,;inf,845,2.20432,;inf,854,2.25441,;inf,857,2.30452,;inf,862,2.35461,;inf,868,2.40471,;inf,876,2.45479,;inf,879,2.5049,;inf,887,2.55498,;inf,889,2.6051,;inf,893,2.65518,;inf,899,2.70527,;inf,900,2.75535,;inf,902,2.80547,;inf,909,2.85556,;
inf,518,0.0500934,;inf,563,0.100176,;inf,627,0.150291,;inf,659,0.200369,;inf,682,0.250452,;inf,710,0.300542,;inf,735,0.350675,;inf,767,0.400757,;inf,805,0.450916,;inf,824,0.501009,;inf,848,0.551127,;inf,864,0.601214,;inf,876,0.651343,;inf,888,0.701469,;inf,899,0.751545,;inf,923,0.801646,;inf,938,0.851759,;inf,947,0.901871,;inf,960,0.951964,;inf,967,1.00204,;inf,974,1.05214,;inf,990,1.10222,;inf,999,1.1523,;inf,1005,1.20241,;inf,1015,1.25249,;inf,1028,1.3026,;inf,1037,1.35267,;inf,1047,1.40278,;inf,1050,1.45286,;inf,1057,1.50298,;inf,1069,1.55309,;inf,1080,1.60321,;inf,1086,1.6533,;inf,1090,1.70341,;inf,1097,1.75354,;inf,1104,1.80366,;
inf,305,0.0500966,;inf,390,0.100221,;inf,452,0.150347,;inf,489,0.200443,;
inf,497,0.0500652,;inf,584,0.100156,;inf,637,0.150245,;inf,687,0.200335,;inf,720,0.250425,;inf,747,0.300514,;inf,785,0.350604,;

inf,403,0.0500751,;inf,493,0.100195,;inf,530,0.150296,;inf,564,0.200419,;inf,600,0.250512,;inf,651,0.300595,;inf,693,0.350686,;inf,710,0.400787,;inf,732,0.450915,;
inf,424,0.0501017,;inf,502,0.100226,;inf,562,0.150315,;inf,599,0.200398,;inf,625,0.250513,;inf,653,0.30061,;inf,673,0.35073,;inf,692,0.400827,;inf,712,0.450952,;inf,734,0.501051,;
inf,394,0.0500736,;inf,503,0.100165,;
inf,272,0.0500944,;inf,319,0.100184,;inf,366,0.150259,;inf,397,0.200347,;inf,432,0.250459,;inf,463,0.300546,;inf,479,0.350627,;inf,506,0.400716,;inf,532,0.450799,;inf,553,0.500874,;inf,560,0.550948,;inf,579,0.601033,;inf,599,0.651153,;inf,610,0.701233,;inf,621,0.751349,;inf,626,0.801469,;inf,638,0.851547,;

inf,285,0.0500952,;inf,369,0.100188,;inf,435,0.150306,;inf,468,0.200421,;inf,499,0.250537,;inf,534,0.300646,;inf,548,0.350762,;inf,564,0.400883,;inf,578,0.451006,;inf,595,0.501124,;inf,603,0.551202,;inf,617,0.601319,;inf,628,0.651407,;inf,648,0.701521,;inf,648,0.751635,;inf,655,0.801754,;inf,666,0.851869,;inf,682,0.901982,;inf,694,0.952072,;
.
