OMPL version 
Experiment rrbt
4 experiment properties
Q_value double = 0.200000
R double = 0.100000
R_bad_value double = 5.000000
first_solution bool = 1
Running on Vivaldi
Starting at 2024-07-06 19:25:32
<<<|
Properties of the state space 'RealVectorSpace0'
  - signature: 2 1 2 
  - dimension: 2
  - extent: 141.421
  - sanity checks for state space passed
  - probability of valid states: 0.822
  - average length of a valid motion: 40.3598
  - average number of samples drawn per second: sampleUniform()=2.35782e+07 sampleUniformNear()=2.45308e+07 sampleGaussian()=1.11377e+07
Settings for the state space 'RealVectorSpace0'
  - state validity check resolution: 1%
  - valid segment count factor: 1
  - state space:
Real vector state space 'RealVectorSpace0' of dimension 2 with bounds: 
  - min: 0 0 
  - max: 100 100 

Declared parameters:
longest_valid_segment_fraction = 0.01
max_control_duration = 20
min_control_duration = 1
projection.cellsize.0 = 5
projection.cellsize.1 = 5
projection.cellsize_factor = 0
propagation_step_size = 0.1
valid_segment_count_factor = 1
Valid state sampler named uniform with parameters:
nr_attempts = 100
  - control space:
Real vector control space 'RealVectorControl[RealVectorSpace0]' with bounds: 
  - min: -10 -10 
  - max: 10 10 
  - can propagate backward: no
  - propagation step size: 0.1
  - propagation duration: [1, 20]
Planner KPIECE1 specs:
Multithreaded:                 No
Reports approximate solutions: Yes
Can optimize solutions:        No
Aware of the following parameters: bad_score_factor border_fraction goal_bias good_score_factor max_close_samples
Declared parameters for planner KPIECE1:
bad_score_factor = 0.45
border_fraction = 0.8
goal_bias = 0.05
good_score_factor = 0.9
max_close_samples = 30
Start states:
RealVectorState [90 1]
Goal region, threshold = 10, memory address = 0x16c4c90
Optimization Objective: Path Length @0x16c50f0
Optimization Threshold: 10000
Average state cost: 0
There are 0 solutions

Properties of benchmarked planners:
Planner RRBT specs:
Multithreaded:                 No
Reports approximate solutions: Yes
Can optimize solutions:        Yes
Aware of the following parameters: delay_collision_checking focus_search goal_bias informed_sampling new_state_rejection number_sampling_attempts ordered_sampling ordering_batch_size prune_threshold pruned_measure range rewire_factor sample_rejection tree_pruning use_admissible_heuristic use_k_nearest
|>>>
<<<|
Architecture:                       x86_64
CPU op-mode(s):                     32-bit, 64-bit
Byte Order:                         Little Endian
Address sizes:                      39 bits physical, 48 bits virtual
CPU(s):                             16
On-line CPU(s) list:                0-15
Thread(s) per core:                 2
Core(s) per socket:                 8
Socket(s):                          1
NUMA node(s):                       1
Vendor ID:                          GenuineIntel
CPU family:                         6
Model:                              167
Model name:                         11th Gen Intel(R) Core(TM) i7-11700K @ 3.60GHz
Stepping:                           1
CPU MHz:                            3600.000
CPU max MHz:                        5000.0000
CPU min MHz:                        800.0000
BogoMIPS:                           7200.00
Virtualization:                     VT-x
L1d cache:                          384 KiB
L1i cache:                          256 KiB
L2 cache:                           4 MiB
L3 cache:                           16 MiB
NUMA node0 CPU(s):                  0-15
Vulnerability Gather data sampling: Mitigation; Microcode
Vulnerability Itlb multihit:        Not affected
Vulnerability L1tf:                 Not affected
Vulnerability Mds:                  Not affected
Vulnerability Meltdown:             Not affected
Vulnerability Mmio stale data:      Mitigation; Clear CPU buffers; SMT vulnerable
Vulnerability Retbleed:             Mitigation; Enhanced IBRS
Vulnerability Spec rstack overflow: Not affected
Vulnerability Spec store bypass:    Mitigation; Speculative Store Bypass disabled via prctl and seccomp
Vulnerability Spectre v1:           Mitigation; usercopy/swapgs barriers and __user pointer sanitization
Vulnerability Spectre v2:           Mitigation; Enhanced IBRS, IBPB conditional, RSB filling, PBRSB-eIBRS SW sequence
Vulnerability Srbds:                Not affected
Vulnerability Tsx async abort:      Not affected
Flags:                              fpu vme de pse tsc msr pae mce cx8 apic sep mtrr pge mca cmov pat pse36 clflush dts acpi mmx fxsr sse sse2 ss ht tm pbe syscall nx pdpe1gb rdtscp lm constant_tsc art arch_perfmon pebs bts rep_good nopl xtopology nonstop_tsc cpuid aperfmperf tsc_known_freq pni pclmulqdq dtes64 monitor ds_cpl vmx smx est tm2 ssse3 sdbg fma cx16 xtpr pdcm pcid sse4_1 sse4_2 x2apic movbe popcnt tsc_deadline_timer aes xsave avx f16c rdrand lahf_lm abm 3dnowprefetch cpuid_fault epb invpcid_single ssbd ibrs ibpb stibp ibrs_enhanced tpr_shadow vnmi flexpriority ept vpid ept_ad fsgsbase tsc_adjust bmi1 avx2 smep bmi2 erms invpcid mpx avx512f avx512dq rdseed adx smap avx512ifma clflushopt intel_pt avx512cd sha_ni avx512bw avx512vl xsaveopt xsavec xgetbv1 xsaves dtherm ida arat pln pts hwp hwp_notify hwp_act_window hwp_epp hwp_pkg_req avx512vbmi umip pku ospke avx512_vbmi2 gfni vaes vpclmulqdq avx512_vnni avx512_bitalg avx512_vpopcntdq rdpid fsrm md_clear flush_l1d arch_capabilities
|>>>
10943687569353796 is the random seed
10 seconds per run
10000 MB per run
100 runs per planner
130.186 seconds spent to collect the data
1 enum type
status|Unknown status|Invalid start|Invalid goal|Unrecognized goal type|Timeout|Approximate solution|Exact solution|Crash|Unknown status
1 planners
control_RRBT
24 common properties
delay_collision_checking = 0
focus_search = 0
goal_bias = 0.05
informed_sampling = 0
longest_valid_segment_fraction = 0.01
max_control_duration = 20
min_control_duration = 1
new_state_rejection = 0
number_sampling_attempts = 100
ordered_sampling = 0
ordering_batch_size = 1
projection.cellsize.0 = 5
projection.cellsize.1 = 5
projection.cellsize_factor = 0
propagation_step_size = 0.1
prune_threshold = 0.05
pruned_measure = 0
range = 10
rewire_factor = 1.1
sample_rejection = 0
tree_pruning = 0
use_admissible_heuristic = 1
use_k_nearest = 0
valid_segment_count_factor = 1
11 properties for each run
approximate solution BOOLEAN
best cost REAL
graph motions INTEGER
graph states INTEGER
iterations INTEGER
memory REAL
solution length REAL
solved BOOLEAN
status ENUM
time REAL
valid segment fraction REAL
100 runs
0; 417.476860; 340; 341; 708; 10.5859; 207.124; 1; 6; 0.293421; 0; 
0; 370.410616; 399; 400; 617; 12.1953; 184.154; 1; 6; 0.351906; 0; 
0; 220.712158; 252; 253; 567; 12.7422; 94.7329; 1; 6; 0.145198; 0; 
0; 223.121250; 150; 151; 459; 13; 96.5156; 1; 6; 0.0238061; 0; 
0; 210.426196; 127; 128; 219; 13.2578; 91.9305; 1; 6; 0.0256918; 0; 
0; 220.140668; 96; 97; 300; 13.5156; 94.2582; 1; 6; 0.0118753; 0; 
0; 223.497138; 436; 437; 711; 14.8047; 97.407; 1; 6; 0.545205; 0; 
0; 381.499500; 316; 317; 609; 15.8398; 186.568; 1; 6; 0.196265; 0; 
0; 221.307136; 347; 348; 583; 17.3867; 92.9531; 1; 6; 0.670246; 0; 
0; 213.463378; 379; 380; 835; 19.1953; 91.3726; 1; 6; 0.581706; 0; 
0; 393.994428; 424; 425; 742; 21.8867; 192.705; 1; 6; 1.44136; 0; 
0; 234.070469; 185; 186; 391; 22.4023; 100.961; 1; 6; 0.0947307; 0; 
0; 211.168657; 382; 383; 653; 24.207; 89.9838; 1; 6; 0.510301; 0; 
0; 216.720773; 945; 946; 2159; 28.0938; 93.2625; 1; 6; 5.67783; 0; 
0; 373.381376; 803; 804; 1403; 32.7656; 182.307; 1; 6; 4.86548; 0; 
0; 218.779645; 469; 470; 719; 34.7734; 94.3456; 1; 6; 1.19805; 0; 
0; 219.646379; 329; 330; 578; 35.5469; 93.5987; 1; 6; 0.282362; 0; 
0; 223.583981; 197; 198; 527; 35.8047; 97.205; 1; 6; 0.108764; 0; 
0; 223.657074; 858; 859; 1437; 40.4727; 97.3302; 1; 6; 8.33488; 0; 
0; 219.779149; 573; 574; 963; 43.3086; 93.7075; 1; 6; 1.91635; 0; 
0; 225.730010; 235; 236; 685; 43.8242; 98.175; 1; 6; 0.112546; 0; 
0; 383.991182; 453; 454; 678; 46.4023; 187.095; 1; 6; 1.00837; 0; 
0; 210.811970; 304; 305; 476; 47.4336; 90.2261; 1; 6; 0.227992; 0; 
0; 417.203376; 286; 287; 485; 48.7227; 211.141; 1; 6; 0.225011; 0; 
0; 369.766889; 743; 744; 1280; 53.3633; 186.059; 1; 6; 3.96501; 0; 
0; 225.821627; 400; 401; 855; 54.6523; 95.2649; 1; 6; 0.482057; 0; 
0; 218.896181; 229; 230; 610; 55.6445; 95.3025; 1; 6; 0.202929; 0; 
0; 365.501323; 881; 882; 1363; 60.0273; 177.001; 1; 6; 5.60555; 0; 
0; 228.502536; 171; 172; 703; 60.2852; 96.0087; 1; 6; 0.0465636; 0; 
0; 235.168578; 618; 619; 1122; 62.0898; 100.189; 1; 6; 1.9736; 0; 
0; 210.940096; 332; 333; 760; 63.3789; 90.3599; 1; 6; 0.464016; 0; 
0; 230.766546; 130; 131; 503; 63.6367; 97.6568; 1; 6; 0.0341463; 0; 
0; 369.276318; 491; 492; 941; 66.2148; 184.041; 1; 6; 0.945427; 0; 
0; 226.049523; 580; 581; 974; 68.793; 95.7059; 1; 6; 1.82002; 0; 
0; 412.848684; 199; 200; 342; 69.5664; 203.519; 1; 6; 0.0849238; 0; 
0; 394.026928; 365; 366; 1097; 71.3711; 191.988; 1; 6; 0.508671; 0; 
0; 223.100452; 384; 385; 889; 72.6602; 99.2838; 1; 6; 0.728412; 0; 
0; 225.115307; 163; 164; 440; 72.918; 97.5566; 1; 6; 0.0313193; 0; 
0; 220.094198; 1129; 1130; 1715; 78.3633; 93.2526; 1; 6; 9.43556; 0; 
0; 216.979564; 725; 726; 1073; 81.9727; 91.547; 1; 6; 2.72926; 0; 
0; 229.712960; 433; 434; 990; 83.5195; 95.6425; 1; 6; 1.10604; 0; 
0; 222.632463; 251; 252; 589; 84.0352; 95.1149; 1; 6; 0.104697; 0; 
0; 364.623242; 639; 640; 1040; 87.1289; 176.886; 1; 6; 2.36363; 0; 
0; 220.905523; 752; 753; 1362; 90.4805; 92.3591; 1; 6; 3.30157; 0; 
0; 222.385276; 211; 212; 471; 90.9961; 95.1287; 1; 6; 0.0804372; 0; 
0; 399.362771; 239; 240; 475; 91.2539; 195.353; 1; 6; 0.0862775; 0; 
0; 369.700542; 365; 366; 629; 93.3164; 183.303; 1; 6; 0.771798; 0; 
0; 426.718274; 303; 304; 601; 94.0898; 202.154; 1; 6; 0.207198; 0; 
0; 226.062729; 558; 559; 1156; 96.1523; 99.19; 1; 6; 1.16352; 0; 
0; 387.459419; 521; 522; 1153; 97.6992; 188.916; 1; 6; 1.04977; 0; 
0; 227.001091; 324; 325; 723; 98.9883; 96.4895; 1; 6; 0.487459; 0; 
0; 212.269122; 972; 973; 1645; 103.004; 88.6813; 1; 6; 6.84722; 0; 
0; 212.067785; 666; 667; 1157; 106.613; 88.7899; 1; 6; 2.88128; 0; 
0; 247.163012; 444; 445; 800; 108.16; 109.849; 1; 6; 0.947385; 0; 
0; 233.156085; 180; 181; 413; 108.418; 99.4097; 1; 6; 0.0528073; 0; 
0; 246.939940; 181; 182; 422; 108.676; 105.03; 1; 6; 0.0406537; 0; 
; inf; 1284; 1285; 1886; 115.137; ; 0; 4; 10.0558; 0; 
0; 229.283538; 275; 276; 698; 115.652; 97.8118; 1; 6; 0.149176; 0; 
0; 224.257601; 758; 759; 1238; 118.488; 99.5008; 1; 6; 3.78577; 0; 
0; 216.714330; 361; 362; 830; 119.52; 90.8603; 1; 6; 0.498556; 0; 
0; 222.313880; 804; 805; 1138; 123.383; 94.8442; 1; 6; 3.61704; 0; 
0; 224.860051; 537; 538; 786; 128.797; 96.582; 1; 6; 2.71591; 0; 
0; 212.594055; 349; 350; 571; 130.086; 93.6707; 1; 6; 0.38435; 0; 
0; 381.194485; 302; 303; 538; 131.117; 188.673; 1; 6; 0.198246; 0; 
0; 217.207389; 633; 634; 1010; 134.469; 92.0851; 1; 6; 2.58523; 0; 
0; 220.285858; 183; 184; 617; 135.242; 93.9675; 1; 6; 0.10348; 0; 
0; 226.599490; 159; 160; 559; 135.5; 96.5875; 1; 6; 0.0759061; 0; 
0; 213.729741; 585; 586; 1213; 137.562; 92.0161; 1; 6; 1.57528; 0; 
0; 224.759719; 187; 188; 418; 137.82; 95.8918; 1; 6; 0.0738676; 0; 
0; 217.948547; 107; 108; 245; 138.078; 92.3004; 1; 6; 0.018279; 0; 
0; 380.865249; 708; 709; 1192; 141.43; 186.733; 1; 6; 2.83547; 0; 
0; 224.226047; 710; 711; 1161; 144.523; 93.9421; 1; 6; 2.25098; 0; 
0; 215.827243; 319; 320; 539; 145.297; 92.1879; 1; 6; 0.200725; 0; 
0; 224.059240; 515; 516; 763; 149.938; 98.6875; 1; 6; 1.75564; 0; 
0; 221.661019; 383; 384; 608; 151.484; 97.3869; 1; 6; 0.50582; 0; 
0; 221.248124; 88; 89; 567; 151.484; 93.1662; 1; 6; 0.0161593; 0; 
0; 246.099157; 301; 302; 556; 152.516; 107.289; 1; 6; 0.422121; 0; 
0; 377.882617; 397; 398; 730; 153.805; 183.617; 1; 6; 0.444939; 0; 
0; 213.721636; 519; 520; 1013; 155.609; 87.9256; 1; 6; 2.02854; 0; 
0; 376.999467; 488; 489; 1063; 157.672; 184.639; 1; 6; 0.968849; 0; 
0; 230.197755; 348; 349; 846; 158.445; 96.6197; 1; 6; 0.321514; 0; 
0; 223.917075; 533; 534; 909; 159.992; 94.727; 1; 6; 1.14478; 0; 
0; 236.190190; 63; 64; 198; 160.25; 100.952; 1; 6; 0.00442306; 0; 
0; 227.627646; 428; 429; 876; 161.281; 94.9112; 1; 6; 0.520266; 0; 
0; 222.492331; 300; 301; 737; 162.57; 95.3359; 1; 6; 0.355847; 0; 
0; 224.544133; 153; 154; 448; 163.344; 96.5031; 1; 6; 0.0586672; 0; 
0; 226.403122; 424; 425; 817; 164.891; 96.2989; 1; 6; 0.471803; 0; 
0; 217.388927; 258; 259; 789; 165.922; 95.4857; 1; 6; 0.28695; 0; 
0; 222.028738; 547; 548; 934; 167.727; 94.6587; 1; 6; 0.890267; 0; 
0; 226.742824; 181; 182; 367; 167.984; 100.339; 1; 6; 0.0353944; 0; 
0; 216.977917; 233; 234; 510; 168.758; 91.7171; 1; 6; 0.140351; 0; 
0; 217.207491; 184; 185; 433; 169.273; 95.3369; 1; 6; 0.0553539; 0; 
0; 418.396890; 239; 240; 377; 170.562; 209.173; 1; 6; 0.219246; 0; 
0; 223.109079; 905; 906; 1398; 176.234; 95.2092; 1; 6; 6.52954; 0; 
0; 212.353355; 198; 199; 789; 176.75; 89.2823; 1; 6; 0.093637; 0; 
0; 219.389630; 197; 198; 491; 177.266; 93.1621; 1; 6; 0.148449; 0; 
0; 214.850321; 225; 226; 640; 177.781; 94.0133; 1; 6; 0.100018; 0; 
0; 385.093768; 513; 514; 973; 179.844; 189.248; 1; 6; 1.05452; 0; 
0; 227.285704; 436; 437; 737; 181.391; 94.2776; 1; 6; 0.74299; 0; 
0; 227.798337; 307; 308; 832; 182.164; 95.5394; 1; 6; 0.275954; 0; 
3 progress properties for each run
best cost REAL
iterations INTEGER
time REAL
100 runs
inf,467,0.0500607,;inf,541,0.100152,;inf,591,0.150238,;inf,636,0.200326,;inf,680,0.250407,;
inf,353,0.0500672,;inf,442,0.100183,;inf,500,0.150274,;inf,538,0.200387,;inf,584,0.2505,;inf,613,0.300595,;inf,616,0.350716,;
inf,439,0.0500616,;inf,519,0.10014,;



inf,371,0.0500688,;inf,445,0.100149,;inf,503,0.150251,;inf,540,0.200329,;inf,575,0.250411,;inf,601,0.300505,;inf,627,0.35058,;inf,644,0.400698,;inf,663,0.450781,;inf,688,0.500866,;
inf,442,0.050066,;inf,517,0.100182,;inf,569,0.150274,;
inf,283,0.0500726,;inf,336,0.100157,;inf,370,0.150275,;inf,428,0.200352,;inf,443,0.250436,;inf,453,0.30053,;inf,486,0.350641,;inf,511,0.40071,;inf,519,0.450825,;inf,528,0.500908,;inf,540,0.55099,;inf,559,0.60109,;inf,582,0.651191,;
inf,508,0.0500681,;inf,577,0.100157,;inf,639,0.150306,;inf,667,0.200376,;inf,702,0.250451,;inf,737,0.300534,;inf,748,0.350611,;inf,783,0.400691,;inf,796,0.45077,;inf,807,0.500846,;inf,823,0.550917,;
inf,321,0.0500573,;inf,382,0.100142,;inf,424,0.150252,;inf,460,0.200363,;inf,484,0.25047,;inf,524,0.300577,;inf,534,0.350683,;inf,536,0.400788,;inf,553,0.450876,;inf,566,0.500998,;inf,583,0.551071,;inf,596,0.60114,;inf,599,0.651247,;inf,607,0.70136,;inf,630,0.75143,;inf,655,0.801547,;inf,667,0.851622,;inf,674,0.901697,;inf,684,0.951772,;inf,692,1.00188,;inf,698,1.05196,;inf,703,1.10205,;inf,709,1.15215,;inf,715,1.20227,;inf,716,1.25235,;inf,724,1.30246,;inf,731,1.35252,;inf,741,1.40265,;
inf,330,0.0500948,;
inf,357,0.0501148,;inf,424,0.100198,;inf,488,0.150315,;inf,531,0.200434,;inf,545,0.250558,;inf,572,0.30064,;inf,585,0.350721,;inf,612,0.400829,;inf,631,0.450916,;inf,651,0.500995,;
inf,863,0.0500651,;inf,984,0.100151,;inf,1089,0.150275,;inf,1150,0.200362,;inf,1194,0.250459,;inf,1228,0.300542,;inf,1268,0.350625,;inf,1298,0.400749,;inf,1319,0.450854,;inf,1367,0.500958,;inf,1382,0.551038,;inf,1409,0.601136,;inf,1422,0.651215,;inf,1447,0.70129,;inf,1470,0.751366,;inf,1486,0.801472,;inf,1503,0.85158,;inf,1518,0.901687,;inf,1530,0.951755,;inf,1544,1.00184,;inf,1559,1.05191,;inf,1580,1.10202,;inf,1598,1.15209,;inf,1618,1.2022,;inf,1632,1.25229,;inf,1641,1.30237,;inf,1655,1.35247,;inf,1664,1.40256,;inf,1673,1.45263,;inf,1684,1.50274,;inf,1696,1.55284,;inf,1703,1.60295,;inf,1715,1.65304,;inf,1720,1.70312,;inf,1729,1.75321,;inf,1737,1.80329,;inf,1742,1.85337,;inf,1751,1.90345,;inf,1761,1.95352,;inf,1770,2.00362,;inf,1784,2.0537,;inf,1793,2.10378,;inf,1799,2.15386,;inf,1806,2.20393,;inf,1813,2.25402,;inf,1817,2.3041,;inf,1819,2.3542,;inf,1824,2.40429,;inf,1829,2.45438,;inf,1834,2.50446,;inf,1843,2.55455,;inf,1847,2.60464,;inf,1854,2.65476,;inf,1858,2.70485,;inf,1865,2.75494,;inf,1867,2.80503,;inf,1871,2.85514,;inf,1874,2.90525,;inf,1880,2.95536,;inf,1885,3.00543,;inf,1892,3.05551,;inf,1897,3.1056,;inf,1905,3.1557,;inf,1911,3.20578,;inf,1916,3.25588,;inf,1921,3.30598,;inf,1925,3.35606,;inf,1926,3.40618,;inf,1932,3.45627,;inf,1939,3.50639,;inf,1943,3.55648,;inf,1950,3.60657,;inf,1952,3.65669,;inf,1959,3.70678,;inf,1963,3.75688,;inf,1968,3.807,;inf,1979,3.85711,;inf,1983,3.90722,;inf,1991,3.9573,;inf,1995,4.0074,;inf,2000,4.05751,;inf,2002,4.1076,;inf,2008,4.1577,;inf,2010,4.20778,;inf,2014,4.25786,;inf,2021,4.30793,;inf,2025,4.35804,;inf,2028,4.40815,;inf,2032,4.45826,;inf,2040,4.50838,;inf,2046,4.55845,;inf,2050,4.60856,;inf,2060,4.65864,;inf,2066,4.70871,;inf,2071,4.75884,;inf,2076,4.80895,;inf,2078,4.85906,;inf,2082,4.90917,;inf,2085,4.95924,;inf,2094,5.00936,;inf,2100,5.05945,;inf,2106,5.10954,;inf,2111,5.15967,;inf,2114,5.20977,;inf,2119,5.25985,;inf,2122,5.30995,;inf,2125,5.36002,;inf,2131,5.41016,;inf,2133,5.46024,;inf,2138,5.51033,;inf,2144,5.56041,;inf,2150,5.6105,;inf,2158,5.6606,;
inf,550,0.0500972,;inf,613,0.100176,;inf,657,0.15027,;inf,685,0.200389,;inf,701,0.2505,;inf,722,0.300611,;inf,742,0.350729,;inf,765,0.400808,;inf,792,0.450921,;inf,808,0.501038,;inf,823,0.551123,;inf,837,0.60125,;inf,850,0.651338,;inf,870,0.701432,;inf,889,0.751545,;inf,910,0.801654,;inf,918,0.851765,;inf,930,0.90186,;inf,941,0.951984,;inf,954,1.00211,;inf,962,1.05224,;inf,973,1.10235,;inf,990,1.15243,;inf,998,1.20255,;inf,1007,1.25264,;inf,1015,1.30276,;inf,1024,1.35283,;inf,1030,1.40295,;inf,1034,1.45304,;inf,1043,1.50316,;inf,1052,1.55324,;inf,1059,1.60331,;inf,1067,1.6534,;inf,1073,1.70349,;inf,1080,1.75357,;inf,1087,1.80368,;inf,1095,1.85378,;inf,1102,1.9039,;inf,1108,1.95398,;inf,1119,2.00406,;inf,1124,2.05414,;inf,1132,2.10423,;inf,1137,2.15432,;inf,1144,2.2044,;inf,1151,2.25448,;inf,1157,2.30461,;inf,1161,2.35471,;inf,1165,2.40479,;inf,1167,2.45491,;inf,1172,2.50499,;inf,1174,2.55515,;inf,1181,2.60523,;inf,1185,2.65535,;inf,1188,2.70544,;inf,1195,2.75555,;inf,1199,2.80565,;inf,1213,2.85576,;inf,1217,2.90584,;inf,1224,2.95596,;inf,1229,3.00605,;inf,1234,3.05614,;inf,1239,3.10626,;inf,1244,3.15637,;inf,1251,3.20645,;inf,1254,3.25657,;inf,1260,3.30665,;inf,1269,3.35672,;inf,1274,3.40679,;inf,1281,3.45687,;inf,1281,3.50696,;inf,1287,3.55705,;inf,1291,3.60714,;inf,1295,3.65724,;inf,1302,3.70732,;inf,1308,3.75742,;inf,1313,3.8075,;inf,1316,3.85759,;inf,1319,3.90768,;inf,1329,3.95776,;inf,1337,4.00783,;inf,1342,4.05795,;inf,1344,4.10804,;inf,1350,4.15812,;inf,1354,4.20824,;inf,1357,4.25831,;inf,1357,4.30838,;inf,1368,4.35848,;inf,1368,4.40856,;inf,1371,4.45865,;inf,1373,4.50873,;inf,1378,4.55882,;inf,1384,4.60889,;inf,1388,4.65897,;inf,1392,4.70905,;inf,1395,4.75914,;inf,1399,4.80927,;inf,1402,4.85939,;
inf,279,0.0500957,;inf,335,0.10018,;inf,377,0.150265,;inf,418,0.200344,;inf,458,0.250436,;inf,470,0.300525,;inf,504,0.350615,;inf,525,0.400702,;inf,536,0.450825,;inf,547,0.500896,;inf,568,0.551009,;inf,583,0.601095,;inf,600,0.651218,;inf,611,0.701331,;inf,627,0.751415,;inf,640,0.801495,;inf,653,0.851587,;inf,672,0.90171,;inf,680,0.95179,;inf,687,1.00191,;inf,693,1.05203,;inf,702,1.10212,;inf,710,1.15225,;
inf,358,0.0500945,;inf,408,0.100129,;inf,467,0.150239,;inf,497,0.200352,;inf,562,0.250469,;
inf,441,0.0500677,;inf,515,0.100146,;
inf,375,0.050066,;inf,449,0.100146,;inf,507,0.150217,;inf,549,0.200303,;inf,581,0.250385,;inf,605,0.300502,;inf,641,0.350587,;inf,673,0.400679,;inf,695,0.450803,;inf,711,0.500898,;inf,726,0.550976,;inf,736,0.601069,;inf,751,0.651161,;inf,760,0.701256,;inf,775,0.751351,;inf,787,0.801461,;inf,799,0.851545,;inf,816,0.901644,;inf,832,0.951732,;inf,841,1.00183,;inf,850,1.05192,;inf,859,1.10204,;inf,866,1.15213,;inf,874,1.20225,;inf,885,1.25234,;inf,890,1.30241,;inf,902,1.35249,;inf,911,1.4026,;inf,918,1.45271,;inf,929,1.50281,;inf,935,1.55289,;inf,939,1.60298,;inf,950,1.6531,;inf,953,1.70322,;inf,965,1.75333,;inf,969,1.80344,;inf,973,1.85352,;inf,975,1.90364,;inf,979,1.95376,;inf,985,2.00384,;inf,988,2.05392,;inf,992,2.104,;inf,995,2.15411,;inf,1002,2.20418,;inf,1008,2.25427,;inf,1014,2.30436,;inf,1017,2.35448,;inf,1020,2.4046,;inf,1021,2.45467,;inf,1027,2.50478,;inf,1028,2.55486,;inf,1037,2.60497,;inf,1041,2.65505,;inf,1045,2.70513,;inf,1047,2.75521,;inf,1049,2.80533,;inf,1055,2.85542,;inf,1061,2.90551,;inf,1065,2.9556,;inf,1069,3.00573,;inf,1078,3.05581,;inf,1080,3.10593,;inf,1083,3.15602,;inf,1088,3.20613,;inf,1103,3.25621,;inf,1112,3.30632,;inf,1115,3.35641,;inf,1120,3.40654,;inf,1122,3.45661,;inf,1126,3.50674,;inf,1130,3.55682,;inf,1137,3.6069,;inf,1144,3.65699,;inf,1148,3.70707,;inf,1161,3.75716,;inf,1168,3.80724,;inf,1169,3.85735,;inf,1176,3.90743,;inf,1178,3.95752,;inf,1187,4.00762,;inf,1193,4.0577,;inf,1196,4.10778,;inf,1201,4.1579,;inf,1202,4.20798,;inf,1203,4.2581,;inf,1209,4.30822,;inf,1210,4.35833,;inf,1215,4.40845,;inf,1216,4.45852,;inf,1220,4.5086,;inf,1226,4.55868,;inf,1231,4.60876,;inf,1234,4.65883,;inf,1237,4.70893,;inf,1248,4.75904,;inf,1249,4.80915,;inf,1252,4.85922,;inf,1255,4.9093,;inf,1256,4.95939,;inf,1259,5.00954,;inf,1260,5.05966,;inf,1263,5.10978,;inf,1265,5.15985,;inf,1267,5.20996,;inf,1270,5.26005,;inf,1270,5.31016,;inf,1272,5.36028,;inf,1272,5.41039,;inf,1273,5.4605,;inf,1278,5.51063,;inf,1282,5.56075,;inf,1284,5.61081,;inf,1286,5.66089,;inf,1293,5.71097,;inf,1296,5.76108,;inf,1303,5.81115,;inf,1304,5.86123,;inf,1307,5.91132,;inf,1307,5.9614,;inf,1308,6.01148,;inf,1310,6.06157,;inf,1315,6.11167,;inf,1316,6.16175,;inf,1316,6.21186,;inf,1325,6.26194,;inf,1327,6.31206,;inf,1328,6.36217,;inf,1331,6.41228,;inf,1334,6.46239,;inf,1338,6.51253,;inf,1344,6.56266,;inf,1347,6.61274,;inf,1348,6.66279,;inf,1350,6.71287,;inf,1350,6.76294,;inf,1352,6.81306,;inf,1352,6.86314,;inf,1354,6.91326,;inf,1356,6.96338,;inf,1359,7.01349,;inf,1361,7.06357,;inf,1361,7.11366,;inf,1362,7.16377,;inf,1365,7.21388,;inf,1373,7.26395,;inf,1380,7.31409,;inf,1382,7.36421,;inf,1387,7.41433,;inf,1397,7.46442,;inf,1399,7.51454,;inf,1400,7.56465,;inf,1404,7.61474,;inf,1405,7.66491,;inf,1408,7.71498,;inf,1409,7.76506,;inf,1413,7.81513,;inf,1417,7.8652,;inf,1417,7.91527,;inf,1419,7.96534,;inf,1419,8.01544,;inf,1420,8.06551,;inf,1423,8.11558,;inf,1424,8.16566,;inf,1425,8.21573,;inf,1425,8.2658,;inf,1431,8.31588,;
inf,377,0.0500981,;inf,417,0.100186,;inf,458,0.150282,;inf,492,0.200399,;inf,527,0.250516,;inf,547,0.300628,;inf,576,0.350706,;inf,601,0.400819,;inf,623,0.450934,;inf,652,0.501048,;inf,666,0.551134,;inf,689,0.601248,;inf,706,0.651341,;inf,711,0.701451,;inf,720,0.751544,;inf,732,0.801668,;inf,757,0.85176,;inf,766,0.901875,;inf,776,0.951987,;inf,793,1.00211,;inf,803,1.0522,;inf,815,1.10231,;inf,826,1.15242,;inf,835,1.20254,;inf,846,1.25262,;inf,855,1.30271,;inf,860,1.35279,;inf,878,1.40287,;inf,887,1.45299,;inf,897,1.50307,;inf,904,1.55319,;inf,910,1.60328,;inf,925,1.6534,;inf,931,1.70349,;inf,936,1.75356,;inf,945,1.80365,;inf,953,1.85377,;inf,960,1.90386,;
inf,578,0.0500649,;inf,665,0.100204,;
inf,273,0.0500671,;inf,328,0.100172,;inf,377,0.150268,;inf,409,0.200345,;inf,450,0.250465,;inf,489,0.300542,;inf,511,0.350628,;inf,534,0.400719,;inf,547,0.450837,;inf,551,0.500926,;inf,567,0.551058,;inf,579,0.601174,;inf,594,0.651289,;inf,607,0.701379,;inf,619,0.751494,;inf,629,0.801567,;inf,644,0.851656,;inf,657,0.901771,;inf,664,0.951857,;inf,674,1.00197,;
inf,296,0.0500935,;inf,342,0.100188,;inf,408,0.150283,;inf,456,0.200368,;
inf,297,0.0501085,;inf,398,0.100234,;inf,435,0.150321,;inf,463,0.200446,;
inf,496,0.0500748,;inf,568,0.100192,;inf,616,0.150311,;inf,650,0.200404,;inf,671,0.250534,;inf,694,0.300615,;inf,712,0.350735,;inf,729,0.400813,;inf,748,0.450934,;inf,762,0.501013,;inf,780,0.551131,;inf,794,0.60121,;inf,811,0.651329,;inf,830,0.701414,;inf,839,0.751502,;inf,848,0.801594,;inf,859,0.851716,;inf,868,0.901806,;inf,882,0.951899,;inf,892,1.00198,;inf,901,1.05206,;inf,917,1.10215,;inf,923,1.15223,;inf,931,1.20231,;inf,943,1.25241,;inf,949,1.3025,;inf,956,1.35261,;inf,967,1.40271,;inf,976,1.4528,;inf,984,1.50292,;inf,988,1.55297,;inf,995,1.60309,;inf,1003,1.65317,;inf,1016,1.70329,;inf,1025,1.75341,;inf,1033,1.80349,;inf,1040,1.85357,;inf,1047,1.90366,;inf,1058,1.95374,;inf,1062,2.00383,;inf,1069,2.05391,;inf,1079,2.10399,;inf,1090,2.15407,;inf,1098,2.20416,;inf,1104,2.25424,;inf,1118,2.30432,;inf,1124,2.3544,;inf,1131,2.40448,;inf,1139,2.45456,;inf,1142,2.50464,;inf,1151,2.55472,;inf,1157,2.6048,;inf,1162,2.65488,;inf,1168,2.70493,;inf,1177,2.75501,;inf,1187,2.80509,;inf,1192,2.85518,;inf,1201,2.90526,;inf,1206,2.95534,;inf,1213,3.00543,;inf,1218,3.05551,;inf,1224,3.10558,;inf,1227,3.15565,;inf,1228,3.20573,;inf,1228,3.25581,;inf,1229,3.30588,;inf,1237,3.35596,;inf,1239,3.40604,;inf,1244,3.45611,;inf,1249,3.5062,;inf,1255,3.55628,;inf,1258,3.60636,;inf,1261,3.65643,;inf,1263,3.70651,;inf,1265,3.75659,;inf,1267,3.80666,;inf,1270,3.85674,;inf,1272,3.90681,;inf,1279,3.95688,;
inf,476,0.0501034,;inf,564,0.100216,;inf,623,0.150333,;inf,678,0.200424,;inf,710,0.250542,;inf,741,0.300659,;inf,782,0.350772,;inf,816,0.400885,;inf,844,0.450993,;
inf,455,0.0500671,;inf,503,0.100184,;inf,559,0.150262,;inf,606,0.200334,;
inf,380,0.0500568,;inf,442,0.100137,;inf,486,0.150232,;inf,547,0.200321,;inf,568,0.250407,;inf,591,0.300495,;inf,620,0.350581,;inf,636,0.400671,;inf,664,0.450791,;inf,683,0.500867,;inf,705,0.55095,;inf,712,0.601041,;inf,723,0.651128,;inf,728,0.701218,;inf,734,0.751309,;inf,748,0.801388,;inf,759,0.851471,;inf,767,0.901553,;inf,776,0.951642,;inf,785,1.00173,;inf,792,1.05184,;inf,801,1.10193,;inf,818,1.15203,;inf,826,1.20212,;inf,840,1.25221,;inf,844,1.30233,;inf,858,1.35242,;inf,873,1.40254,;inf,881,1.45262,;inf,893,1.50275,;inf,903,1.5528,;inf,908,1.60289,;inf,915,1.65298,;inf,920,1.7031,;inf,931,1.75319,;inf,937,1.80331,;inf,944,1.8534,;inf,947,1.90351,;inf,967,1.95364,;inf,980,2.00372,;inf,989,2.05384,;inf,996,2.10393,;inf,1003,2.15402,;inf,1013,2.20414,;inf,1021,2.25422,;inf,1026,2.30434,;inf,1033,2.35446,;inf,1040,2.40457,;inf,1044,2.45468,;inf,1053,2.50481,;inf,1056,2.55488,;inf,1062,2.60497,;inf,1069,2.65506,;inf,1078,2.70514,;inf,1083,2.75522,;inf,1088,2.80531,;inf,1096,2.85543,;inf,1100,2.90552,;inf,1103,2.9556,;inf,1107,3.0057,;inf,1110,3.05579,;inf,1115,3.10587,;inf,1120,3.15598,;inf,1127,3.20606,;inf,1136,3.25614,;inf,1143,3.30626,;inf,1147,3.35637,;inf,1152,3.40644,;inf,1155,3.45655,;inf,1159,3.50667,;inf,1165,3.55679,;inf,1171,3.6069,;inf,1175,3.65698,;inf,1183,3.70705,;inf,1189,3.75715,;inf,1194,3.80728,;inf,1199,3.85735,;inf,1202,3.90747,;inf,1207,3.95756,;inf,1217,4.00764,;inf,1225,4.05777,;inf,1228,4.10786,;inf,1231,4.15798,;inf,1238,4.2081,;inf,1243,4.25822,;inf,1247,4.30833,;inf,1258,4.35844,;inf,1261,4.40853,;inf,1266,4.45864,;inf,1270,4.50876,;inf,1274,4.55887,;inf,1276,4.60896,;inf,1281,4.65907,;inf,1283,4.70916,;inf,1285,4.75928,;inf,1293,4.80936,;inf,1298,4.85947,;inf,1300,4.90958,;inf,1303,4.95966,;inf,1310,5.00975,;inf,1313,5.05984,;inf,1318,5.10994,;inf,1323,5.16005,;inf,1324,5.21014,;inf,1332,5.26025,;inf,1337,5.31036,;inf,1340,5.36048,;inf,1347,5.41056,;inf,1351,5.46069,;inf,1354,5.5108,;inf,1359,5.56088,;

inf,378,0.0500713,;inf,467,0.100151,;inf,537,0.150233,;inf,600,0.200315,;inf,621,0.250388,;inf,670,0.30047,;inf,693,0.350557,;inf,717,0.400699,;inf,737,0.450783,;inf,753,0.500864,;inf,774,0.550938,;inf,803,0.601013,;inf,818,0.651085,;inf,834,0.701155,;inf,851,0.751228,;inf,859,0.801301,;inf,884,0.851382,;inf,895,0.901478,;inf,906,0.951578,;inf,921,1.00167,;inf,931,1.05174,;inf,939,1.10186,;inf,956,1.15195,;inf,982,1.20204,;inf,992,1.25213,;inf,1000,1.30222,;inf,1012,1.35235,;inf,1019,1.40247,;inf,1029,1.45255,;inf,1034,1.50266,;inf,1043,1.55278,;inf,1060,1.60285,;inf,1069,1.65294,;inf,1079,1.70303,;inf,1084,1.75311,;inf,1099,1.8032,;inf,1107,1.85328,;inf,1115,1.90336,;inf,1121,1.95348,;
inf,441,0.0500933,;inf,502,0.100196,;inf,562,0.150313,;inf,604,0.200393,;inf,669,0.25047,;inf,696,0.300563,;inf,725,0.350656,;inf,739,0.400755,;inf,758,0.45087,;

inf,495,0.0501007,;inf,611,0.100187,;inf,658,0.150288,;inf,719,0.200415,;inf,759,0.250533,;inf,792,0.30065,;inf,814,0.35074,;inf,829,0.40082,;inf,847,0.450935,;inf,859,0.501011,;inf,863,0.551096,;inf,874,0.601184,;inf,887,0.651314,;inf,896,0.701404,;inf,906,0.751479,;inf,918,0.801556,;inf,927,0.851641,;inf,932,0.901768,;
inf,386,0.0500953,;inf,464,0.100183,;inf,513,0.150309,;inf,546,0.20039,;inf,569,0.250478,;inf,593,0.300596,;inf,615,0.350679,;inf,636,0.400765,;inf,656,0.450882,;inf,677,0.500995,;inf,685,0.551112,;inf,712,0.601223,;inf,730,0.651316,;inf,745,0.701394,;inf,752,0.751478,;inf,762,0.801603,;inf,778,0.851696,;inf,797,0.901803,;inf,805,0.951879,;inf,821,1.00197,;inf,828,1.05206,;inf,837,1.1022,;inf,855,1.15231,;inf,860,1.20243,;inf,887,1.25254,;inf,896,1.30265,;inf,908,1.35276,;inf,917,1.40284,;inf,925,1.45294,;inf,936,1.50302,;inf,937,1.55313,;inf,944,1.6033,;inf,954,1.65341,;inf,957,1.70351,;inf,963,1.75362,;inf,969,1.80371,;
inf,315,0.0500578,;
inf,845,0.0500694,;inf,930,0.100197,;inf,977,0.150314,;inf,1014,0.200395,;inf,1033,0.250532,;inf,1044,0.300613,;inf,1052,0.350733,;inf,1067,0.40083,;inf,1081,0.450958,;inf,1094,0.501048,;
inf,476,0.0500599,;inf,576,0.100165,;inf,604,0.150243,;inf,661,0.200319,;inf,701,0.250392,;inf,734,0.300471,;inf,749,0.350567,;inf,770,0.40065,;inf,791,0.450777,;inf,808,0.500889,;inf,829,0.550968,;inf,847,0.601051,;inf,870,0.651176,;inf,884,0.70129,;

inf,372,0.0500957,;inf,422,0.10021,;inf,482,0.150324,;inf,510,0.200439,;inf,544,0.250517,;inf,574,0.300602,;inf,594,0.350688,;inf,613,0.400819,;inf,629,0.450911,;inf,656,0.501035,;inf,674,0.551189,;inf,691,0.601284,;inf,702,0.65138,;inf,720,0.701474,;inf,742,0.751557,;inf,760,0.801651,;inf,769,0.851742,;inf,782,0.901827,;inf,795,0.951954,;inf,801,1.00208,;inf,812,1.05216,;inf,820,1.10228,;inf,831,1.1524,;inf,846,1.20247,;inf,857,1.25255,;inf,864,1.30263,;inf,866,1.35271,;inf,874,1.40279,;inf,889,1.45287,;inf,895,1.50294,;inf,908,1.55301,;inf,918,1.60309,;inf,928,1.65317,;inf,938,1.70324,;inf,948,1.75332,;inf,956,1.80341,;inf,965,1.85349,;inf,976,1.90357,;inf,981,1.95364,;inf,987,2.00372,;inf,995,2.05379,;inf,1005,2.10388,;inf,1011,2.15399,;inf,1016,2.20412,;inf,1023,2.25421,;inf,1029,2.30434,;inf,1034,2.3544,;inf,1040,2.40452,;inf,1045,2.4546,;inf,1049,2.50469,;inf,1058,2.55479,;inf,1065,2.60491,;inf,1069,2.655,;inf,1072,2.70512,;inf,1081,2.75521,;inf,1084,2.80533,;inf,1089,2.85543,;inf,1095,2.90555,;inf,1101,2.95564,;inf,1106,3.00576,;inf,1109,3.05585,;inf,1112,3.10597,;inf,1116,3.15609,;inf,1122,3.20617,;inf,1124,3.25628,;inf,1130,3.30638,;inf,1133,3.35648,;inf,1135,3.40657,;inf,1138,3.45665,;inf,1146,3.50674,;inf,1156,3.55686,;inf,1165,3.60696,;inf,1167,3.65708,;inf,1175,3.70717,;inf,1179,3.75729,;inf,1187,3.80741,;inf,1194,3.85754,;inf,1199,3.90766,;inf,1202,3.95777,;inf,1208,4.00786,;inf,1219,4.05799,;inf,1223,4.1081,;inf,1225,4.15822,;inf,1230,4.20833,;inf,1233,4.25846,;inf,1240,4.30855,;inf,1247,4.35864,;inf,1253,4.40876,;inf,1257,4.45885,;inf,1261,4.50894,;inf,1267,4.55903,;inf,1269,4.60912,;inf,1275,4.65921,;inf,1278,4.70933,;inf,1283,4.75945,;inf,1286,4.80956,;inf,1290,4.85967,;inf,1296,4.90979,;inf,1302,4.95987,;inf,1304,5.00999,;inf,1309,5.0601,;inf,1313,5.11019,;inf,1318,5.16031,;inf,1322,5.21043,;inf,1330,5.26056,;inf,1333,5.31067,;inf,1337,5.36079,;inf,1343,5.4109,;inf,1349,5.46103,;inf,1355,5.51112,;inf,1357,5.56122,;inf,1363,5.61131,;inf,1366,5.6614,;inf,1373,5.7115,;inf,1379,5.76159,;inf,1381,5.81168,;inf,1385,5.86177,;inf,1393,5.91184,;inf,1402,5.96193,;inf,1411,6.01203,;inf,1418,6.06211,;inf,1423,6.11223,;inf,1426,6.16235,;inf,1432,6.21244,;inf,1436,6.26253,;inf,1436,6.31265,;inf,1437,6.36273,;inf,1441,6.41284,;inf,1449,6.46292,;inf,1450,6.51305,;inf,1461,6.56314,;inf,1464,6.61326,;inf,1469,6.66338,;inf,1471,6.71348,;inf,1475,6.76357,;inf,1480,6.81365,;inf,1483,6.86375,;inf,1487,6.91382,;inf,1489,6.96391,;inf,1492,7.014,;inf,1499,7.06412,;inf,1506,7.1142,;inf,1510,7.1643,;inf,1514,7.2144,;inf,1518,7.26449,;inf,1521,7.31456,;inf,1531,7.36463,;inf,1537,7.41471,;inf,1540,7.46479,;inf,1544,7.51487,;inf,1547,7.56495,;inf,1549,7.61504,;inf,1555,7.66513,;inf,1558,7.71522,;inf,1566,7.76534,;inf,1570,7.81542,;inf,1576,7.86551,;inf,1579,7.9156,;inf,1588,7.9657,;inf,1591,8.01577,;inf,1594,8.06588,;inf,1596,8.11596,;inf,1600,8.16604,;inf,1604,8.21611,;inf,1607,8.26623,;inf,1610,8.31634,;inf,1611,8.36647,;inf,1614,8.41658,;inf,1617,8.46669,;inf,1623,8.5168,;inf,1626,8.56688,;inf,1633,8.61697,;inf,1639,8.66705,;inf,1642,8.71714,;inf,1647,8.76722,;inf,1654,8.81734,;inf,1659,8.86743,;inf,1664,8.91753,;inf,1667,8.96761,;inf,1672,9.0177,;inf,1676,9.06784,;inf,1678,9.11795,;inf,1686,9.16806,;inf,1695,9.21818,;inf,1699,9.26827,;inf,1702,9.31836,;inf,1704,9.36846,;inf,1714,9.41854,;
inf,327,0.0500952,;inf,418,0.100211,;inf,473,0.150301,;inf,502,0.200425,;inf,552,0.250512,;inf,588,0.300607,;inf,615,0.350707,;inf,644,0.400826,;inf,665,0.450926,;inf,687,0.50105,;inf,703,0.55118,;inf,717,0.601296,;inf,730,0.651383,;inf,744,0.701466,;inf,762,0.751581,;inf,771,0.801671,;inf,782,0.851762,;inf,793,0.901856,;inf,805,0.952012,;inf,817,1.00211,;inf,829,1.05219,;inf,843,1.10227,;inf,856,1.15235,;inf,861,1.20243,;inf,866,1.25251,;inf,878,1.3026,;inf,891,1.35269,;inf,895,1.40285,;inf,903,1.45294,;inf,909,1.50303,;inf,913,1.55312,;inf,924,1.60321,;inf,934,1.65334,;inf,939,1.70347,;inf,952,1.75355,;inf,956,1.80367,;inf,963,1.85376,;inf,968,1.90389,;inf,976,1.95398,;inf,983,2.0041,;inf,987,2.0542,;inf,993,2.10432,;inf,1000,2.1544,;inf,1007,2.20451,;inf,1010,2.25461,;inf,1010,2.30472,;inf,1016,2.35484,;inf,1031,2.40496,;inf,1036,2.45504,;inf,1041,2.50513,;inf,1046,2.55525,;inf,1055,2.60534,;inf,1063,2.65547,;inf,1068,2.70555,;
inf,458,0.0500571,;inf,531,0.100135,;inf,578,0.150208,;inf,612,0.200284,;inf,661,0.250375,;inf,688,0.300466,;inf,715,0.350544,;inf,745,0.40062,;inf,768,0.450707,;inf,786,0.500805,;inf,816,0.550881,;inf,834,0.600972,;inf,848,0.65105,;inf,863,0.701132,;inf,878,0.751234,;inf,895,0.801324,;inf,915,0.851411,;inf,939,0.901526,;inf,954,0.951619,;inf,971,1.0017,;inf,983,1.05182,;inf,988,1.10191,;
inf,515,0.0500664,;inf,584,0.100153,;
inf,363,0.0500991,;inf,447,0.100222,;inf,500,0.150337,;inf,523,0.200422,;inf,548,0.250501,;inf,587,0.300616,;inf,615,0.350735,;inf,647,0.400815,;inf,665,0.450891,;inf,681,0.501014,;inf,700,0.551119,;inf,713,0.601244,;inf,723,0.651335,;inf,735,0.701454,;inf,749,0.751547,;inf,770,0.801666,;inf,792,0.851743,;inf,804,0.901859,;inf,813,0.951954,;inf,818,1.00208,;inf,825,1.05216,;inf,838,1.10227,;inf,846,1.15238,;inf,860,1.2025,;inf,867,1.25258,;inf,873,1.30275,;inf,882,1.35287,;inf,895,1.40295,;inf,901,1.45303,;inf,908,1.50313,;inf,920,1.55325,;inf,928,1.60336,;inf,935,1.65348,;inf,942,1.70357,;inf,944,1.75369,;inf,949,1.80381,;inf,956,1.85393,;inf,964,1.90401,;inf,972,1.95411,;inf,981,2.0042,;inf,995,2.05428,;inf,997,2.10439,;inf,1004,2.15451,;inf,1010,2.20462,;inf,1017,2.25475,;inf,1031,2.30485,;inf,1038,2.35492,;
inf,568,0.0500809,;inf,667,0.100241,;inf,738,0.150324,;inf,792,0.200446,;inf,845,0.250562,;inf,878,0.300685,;inf,897,0.350783,;inf,916,0.400898,;inf,935,0.450988,;inf,946,0.501086,;inf,953,0.551185,;inf,970,0.601305,;inf,985,0.6514,;inf,996,0.701498,;inf,1005,0.751598,;inf,1013,0.801721,;inf,1022,0.851842,;inf,1037,0.901964,;inf,1048,0.952056,;inf,1057,1.00215,;inf,1069,1.05229,;inf,1078,1.10237,;inf,1082,1.1525,;inf,1087,1.20258,;inf,1093,1.2527,;inf,1099,1.30278,;inf,1110,1.35286,;inf,1122,1.40295,;inf,1137,1.45302,;inf,1144,1.50311,;inf,1152,1.5532,;inf,1158,1.60332,;inf,1166,1.65343,;inf,1170,1.70351,;inf,1176,1.75362,;inf,1181,1.80375,;inf,1186,1.85386,;inf,1193,1.90397,;inf,1203,1.95406,;inf,1212,2.00414,;inf,1217,2.05422,;inf,1230,2.10433,;inf,1237,2.15443,;inf,1242,2.20454,;inf,1249,2.25463,;inf,1258,2.30474,;inf,1264,2.35483,;inf,1267,2.40495,;inf,1271,2.45506,;inf,1276,2.50514,;inf,1283,2.55527,;inf,1290,2.60538,;inf,1295,2.65546,;inf,1300,2.70559,;inf,1305,2.75566,;inf,1310,2.80577,;inf,1317,2.85585,;inf,1323,2.90596,;inf,1329,2.95603,;inf,1335,3.00611,;inf,1344,3.0562,;inf,1347,3.10628,;inf,1351,3.15636,;inf,1355,3.20643,;inf,1358,3.2565,;
inf,425,0.0500961,;
inf,415,0.0500978,;
inf,364,0.0500935,;inf,387,0.100186,;inf,396,0.150273,;inf,425,0.200361,;inf,446,0.250476,;inf,474,0.300551,;inf,490,0.350632,;inf,509,0.400751,;inf,530,0.450867,;inf,551,0.500979,;inf,566,0.551092,;inf,574,0.601205,;inf,587,0.651315,;inf,608,0.701427,;inf,623,0.751541,;
inf,388,0.0500946,;inf,483,0.100178,;inf,538,0.150262,;inf,599,0.200355,;
inf,581,0.0500593,;inf,659,0.100139,;inf,710,0.150235,;inf,756,0.200333,;inf,803,0.250427,;inf,844,0.300522,;inf,878,0.350607,;inf,912,0.4007,;inf,944,0.450834,;inf,970,0.50093,;inf,991,0.551031,;inf,1010,0.601113,;inf,1027,0.651207,;inf,1046,0.701304,;inf,1071,0.751408,;inf,1086,0.80149,;inf,1096,0.851575,;inf,1105,0.901668,;inf,1113,0.951767,;inf,1126,1.00186,;inf,1132,1.05194,;inf,1142,1.10204,;inf,1152,1.15214,;
inf,574,0.050095,;inf,670,0.100207,;inf,746,0.150285,;inf,790,0.2004,;inf,820,0.250515,;inf,849,0.30063,;inf,882,0.350678,;inf,914,0.400794,;inf,939,0.450872,;inf,977,0.500986,;inf,1001,0.551097,;inf,1025,0.60122,;inf,1040,0.651308,;inf,1054,0.701405,;inf,1066,0.75149,;inf,1086,0.801613,;inf,1106,0.851706,;inf,1115,0.9018,;inf,1127,0.951897,;inf,1137,1.00201,;
inf,430,0.0500937,;inf,484,0.100172,;inf,532,0.150253,;inf,582,0.200341,;inf,621,0.250455,;inf,650,0.300577,;inf,684,0.350692,;inf,687,0.400808,;inf,705,0.450924,;
inf,409,0.050095,;inf,474,0.10018,;inf,534,0.150298,;inf,580,0.200397,;inf,611,0.250489,;inf,632,0.300585,;inf,655,0.350675,;inf,681,0.40078,;inf,694,0.450903,;inf,715,0.501022,;inf,733,0.551113,;inf,754,0.601202,;inf,770,0.651319,;inf,789,0.701406,;inf,800,0.751497,;inf,819,0.801583,;inf,837,0.851671,;inf,844,0.901757,;inf,861,0.951877,;inf,869,1.002,;inf,883,1.05212,;inf,907,1.10221,;inf,925,1.15231,;inf,945,1.20243,;inf,958,1.25255,;inf,971,1.30267,;inf,984,1.35276,;inf,1000,1.40289,;inf,1016,1.45297,;inf,1033,1.50309,;inf,1043,1.5532,;inf,1053,1.60332,;inf,1064,1.65342,;inf,1069,1.70356,;inf,1084,1.75364,;inf,1089,1.80374,;inf,1093,1.85387,;inf,1100,1.90399,;inf,1109,1.95411,;inf,1118,2.00419,;inf,1121,2.05431,;inf,1132,2.10441,;inf,1134,2.15454,;inf,1139,2.20463,;inf,1146,2.25471,;inf,1157,2.30483,;inf,1162,2.35492,;inf,1169,2.40505,;inf,1172,2.45517,;inf,1182,2.50526,;inf,1188,2.55538,;inf,1195,2.60547,;inf,1198,2.65557,;inf,1210,2.70565,;inf,1215,2.75578,;inf,1222,2.8059,;inf,1228,2.85597,;inf,1237,2.90606,;inf,1248,2.95614,;inf,1258,3.00623,;inf,1263,3.05632,;inf,1264,3.10644,;inf,1268,3.15654,;inf,1275,3.20664,;inf,1284,3.25673,;inf,1288,3.30683,;inf,1298,3.35694,;inf,1302,3.40707,;inf,1306,3.45717,;inf,1308,3.50727,;inf,1314,3.55737,;inf,1318,3.60748,;inf,1325,3.6576,;inf,1329,3.70769,;inf,1341,3.75781,;inf,1345,3.8079,;inf,1357,3.85799,;inf,1362,3.90808,;inf,1364,3.95819,;inf,1368,4.00827,;inf,1371,4.0584,;inf,1374,4.10847,;inf,1385,4.15859,;inf,1390,4.20868,;inf,1395,4.25876,;inf,1400,4.30883,;inf,1407,4.35891,;inf,1409,4.409,;inf,1416,4.45913,;inf,1422,4.50923,;inf,1427,4.55931,;inf,1435,4.60939,;inf,1437,4.65948,;inf,1439,4.70957,;inf,1447,4.75965,;inf,1451,4.80973,;inf,1456,4.85981,;inf,1458,4.90991,;inf,1465,4.95996,;inf,1471,5.01004,;inf,1474,5.06013,;inf,1483,5.11024,;inf,1484,5.16034,;inf,1487,5.21045,;inf,1493,5.26054,;inf,1498,5.31062,;inf,1502,5.36071,;inf,1504,5.41082,;inf,1510,5.46091,;inf,1515,5.51103,;inf,1522,5.56111,;inf,1524,5.61122,;inf,1534,5.66131,;inf,1539,5.71141,;inf,1544,5.76152,;inf,1547,5.8116,;inf,1559,5.86169,;inf,1562,5.9118,;inf,1568,5.96189,;inf,1574,6.01201,;inf,1575,6.06211,;inf,1579,6.11218,;inf,1583,6.16228,;inf,1584,6.21236,;inf,1587,6.26249,;inf,1592,6.31258,;inf,1597,6.36271,;inf,1602,6.41279,;inf,1607,6.46288,;inf,1609,6.51298,;inf,1616,6.5631,;inf,1619,6.61318,;inf,1623,6.6633,;inf,1630,6.71339,;inf,1638,6.76349,;inf,1643,6.81358,;
inf,435,0.0501025,;inf,503,0.100191,;inf,506,0.150295,;inf,537,0.200389,;inf,580,0.250508,;inf,607,0.300608,;inf,628,0.350725,;inf,647,0.400843,;inf,667,0.450922,;inf,689,0.501038,;inf,712,0.551159,;inf,727,0.601293,;inf,750,0.651373,;inf,763,0.701449,;inf,780,0.75151,;inf,794,0.801602,;inf,805,0.851703,;inf,817,0.90178,;inf,831,0.951869,;inf,839,1.00196,;inf,854,1.05206,;inf,871,1.10218,;inf,883,1.15228,;inf,893,1.2024,;inf,907,1.25251,;inf,926,1.30259,;inf,936,1.35272,;inf,955,1.40284,;inf,964,1.45296,;inf,980,1.50309,;inf,987,1.55322,;inf,996,1.6033,;inf,1007,1.65339,;inf,1018,1.70352,;inf,1027,1.75365,;inf,1032,1.80375,;inf,1040,1.85382,;inf,1043,1.90395,;inf,1049,1.95404,;inf,1058,2.00414,;inf,1065,2.05427,;inf,1067,2.1044,;inf,1078,2.15449,;inf,1080,2.20458,;inf,1092,2.25467,;inf,1097,2.30484,;inf,1102,2.35492,;inf,1111,2.40501,;inf,1116,2.45511,;inf,1122,2.5052,;inf,1127,2.55529,;inf,1131,2.60541,;inf,1136,2.65549,;inf,1142,2.70558,;inf,1145,2.7557,;inf,1148,2.80582,;inf,1153,2.85591,;
inf,357,0.0500663,;inf,431,0.100155,;inf,491,0.150236,;inf,531,0.200321,;inf,560,0.250403,;inf,585,0.300514,;inf,607,0.350601,;inf,630,0.400718,;inf,654,0.450801,;inf,670,0.500847,;inf,691,0.550969,;inf,714,0.601047,;inf,725,0.651138,;inf,733,0.701223,;inf,744,0.7513,;inf,751,0.801376,;inf,772,0.851465,;inf,786,0.901551,;
inf,410,0.0500769,;

inf,494,0.0500942,;inf,573,0.100215,;inf,622,0.150339,;inf,661,0.200438,;inf,707,0.250522,;inf,720,0.300643,;inf,739,0.350744,;inf,763,0.400864,;inf,788,0.450965,;inf,803,0.501052,;inf,830,0.551154,;inf,848,0.601276,;inf,874,0.651375,;inf,890,0.701495,;inf,906,0.751614,;inf,920,0.801728,;inf,930,0.851846,;inf,940,0.901966,;inf,951,0.952084,;inf,967,1.0022,;inf,983,1.05232,;inf,989,1.10241,;inf,999,1.15253,;inf,1005,1.20263,;inf,1011,1.25275,;inf,1019,1.30285,;inf,1025,1.35297,;inf,1028,1.40307,;inf,1031,1.45319,;inf,1037,1.50332,;inf,1056,1.55344,;inf,1064,1.60356,;inf,1071,1.65368,;inf,1075,1.7038,;inf,1078,1.75392,;inf,1087,1.80405,;inf,1092,1.85417,;inf,1095,1.90429,;inf,1097,1.95434,;inf,1100,2.00445,;inf,1109,2.05454,;inf,1116,2.10472,;inf,1126,2.15481,;inf,1131,2.20491,;inf,1142,2.255,;inf,1143,2.30511,;inf,1144,2.35524,;inf,1150,2.40532,;inf,1155,2.45545,;inf,1159,2.50558,;inf,1167,2.55571,;inf,1175,2.6058,;inf,1185,2.65592,;inf,1187,2.70601,;inf,1196,2.75613,;inf,1199,2.80626,;inf,1209,2.85638,;inf,1211,2.9065,;inf,1217,2.95662,;inf,1220,3.00675,;inf,1230,3.05686,;inf,1237,3.10698,;inf,1244,3.1571,;inf,1249,3.20722,;inf,1259,3.2573,;inf,1265,3.30739,;inf,1272,3.3575,;inf,1276,3.40758,;inf,1277,3.45768,;inf,1283,3.50781,;inf,1288,3.5579,;inf,1298,3.60797,;inf,1305,3.65807,;inf,1308,3.70815,;inf,1311,3.75822,;inf,1314,3.80831,;inf,1317,3.85838,;inf,1322,3.9085,;inf,1328,3.95858,;inf,1332,4.00867,;inf,1332,4.05877,;inf,1332,4.10886,;inf,1336,4.15895,;inf,1340,4.20903,;inf,1350,4.25914,;inf,1351,4.30926,;inf,1354,4.35935,;inf,1358,4.40942,;inf,1361,4.45958,;inf,1365,4.50969,;inf,1372,4.55977,;inf,1378,4.60984,;inf,1380,4.65996,;inf,1382,4.71005,;inf,1383,4.76017,;inf,1386,4.81024,;inf,1393,4.86037,;inf,1400,4.91044,;inf,1401,4.96056,;inf,1407,5.01067,;inf,1410,5.06079,;inf,1414,5.1109,;inf,1420,5.16098,;inf,1420,5.2111,;inf,1420,5.26122,;inf,1421,5.31133,;inf,1430,5.36145,;inf,1433,5.41156,;inf,1439,5.46165,;inf,1442,5.51174,;inf,1446,5.56186,;inf,1450,5.61196,;inf,1454,5.66207,;inf,1456,5.71216,;inf,1462,5.76225,;inf,1463,5.81238,;inf,1469,5.86246,;inf,1479,5.91258,;inf,1483,5.96269,;inf,1486,6.0128,;inf,1496,6.0629,;inf,1502,6.11299,;inf,1506,6.16308,;inf,1507,6.21316,;inf,1511,6.26325,;inf,1515,6.31334,;inf,1520,6.36343,;inf,1521,6.41359,;inf,1527,6.46369,;inf,1532,6.51381,;inf,1538,6.56393,;inf,1541,6.61405,;inf,1547,6.66416,;inf,1548,6.71424,;inf,1551,6.76436,;inf,1554,6.81444,;inf,1556,6.86456,;inf,1557,6.91464,;inf,1561,6.96475,;inf,1564,7.01484,;inf,1571,7.06499,;inf,1579,7.11508,;inf,1590,7.1652,;inf,1599,7.21529,;inf,1605,7.26538,;inf,1612,7.31546,;inf,1616,7.36557,;inf,1619,7.41566,;inf,1626,7.46576,;inf,1631,7.51585,;inf,1638,7.56594,;inf,1645,7.61605,;inf,1650,7.66615,;inf,1653,7.71624,;inf,1654,7.76634,;inf,1659,7.81647,;inf,1662,7.86657,;inf,1670,7.9167,;inf,1675,7.96679,;inf,1679,8.01692,;inf,1685,8.06702,;inf,1692,8.11714,;inf,1695,8.16723,;inf,1701,8.21736,;inf,1711,8.26748,;inf,1713,8.31758,;inf,1718,8.36769,;inf,1721,8.41777,;inf,1728,8.46787,;inf,1737,8.51797,;inf,1741,8.56808,;inf,1745,8.6182,;inf,1747,8.66828,;inf,1751,8.71836,;inf,1760,8.76848,;inf,1766,8.8186,;inf,1767,8.86872,;inf,1770,8.91881,;inf,1774,8.96895,;inf,1780,9.01904,;inf,1787,9.06914,;inf,1791,9.11925,;inf,1798,9.16934,;inf,1802,9.21943,;inf,1808,9.26952,;inf,1813,9.31965,;inf,1815,9.36976,;inf,1821,9.41985,;inf,1830,9.46998,;inf,1834,9.52007,;inf,1839,9.57016,;inf,1844,9.62028,;inf,1846,9.67036,;inf,1852,9.72046,;inf,1860,9.77055,;inf,1863,9.82067,;inf,1867,9.87077,;inf,1874,9.92089,;inf,1880,9.97099,;inf,1882,10.0211,;
inf,545,0.0500952,;inf,637,0.100253,;
inf,336,0.0500978,;inf,404,0.100218,;inf,447,0.150329,;inf,488,0.200443,;inf,515,0.250523,;inf,541,0.300657,;inf,581,0.350776,;inf,605,0.400889,;inf,637,0.450969,;inf,647,0.501092,;inf,675,0.551172,;inf,689,0.601287,;inf,702,0.651402,;inf,718,0.701515,;inf,737,0.751631,;inf,764,0.80174,;inf,778,0.851856,;inf,794,0.901969,;inf,801,0.952088,;inf,813,1.0022,;inf,818,1.05229,;inf,837,1.10235,;inf,855,1.15246,;inf,862,1.20258,;inf,870,1.25269,;inf,874,1.30281,;inf,880,1.35294,;inf,897,1.40302,;inf,907,1.45311,;inf,920,1.50324,;inf,926,1.55336,;inf,934,1.60345,;inf,940,1.65357,;inf,945,1.70369,;inf,955,1.75379,;inf,965,1.8039,;inf,973,1.85401,;inf,989,1.90409,;inf,998,1.95418,;inf,1010,2.00434,;inf,1013,2.05445,;inf,1021,2.10457,;inf,1026,2.15465,;inf,1033,2.20477,;inf,1047,2.25489,;inf,1056,2.305,;inf,1066,2.35511,;inf,1073,2.40522,;inf,1081,2.45534,;inf,1089,2.50545,;inf,1094,2.55557,;inf,1099,2.60568,;inf,1102,2.6558,;inf,1108,2.70591,;inf,1116,2.75603,;inf,1120,2.80614,;inf,1127,2.85626,;inf,1134,2.90634,;inf,1142,2.95646,;inf,1153,3.00657,;inf,1156,3.0567,;inf,1164,3.10678,;inf,1174,3.15687,;inf,1179,3.20695,;inf,1186,3.25705,;inf,1189,3.30713,;inf,1193,3.35725,;inf,1203,3.40733,;inf,1209,3.45742,;inf,1213,3.50752,;inf,1216,3.55763,;inf,1222,3.6077,;inf,1224,3.65779,;inf,1225,3.70786,;inf,1232,3.75798,;
inf,524,0.0500982,;inf,613,0.100183,;inf,653,0.150273,;inf,673,0.200366,;inf,713,0.250466,;inf,738,0.300571,;inf,765,0.350697,;inf,794,0.40079,;inf,809,0.450905,;
inf,233,0.0500959,;inf,292,0.100207,;inf,332,0.150333,;inf,380,0.200454,;inf,409,0.250568,;inf,454,0.300666,;inf,494,0.350778,;inf,526,0.400894,;inf,549,0.451013,;inf,584,0.501128,;inf,600,0.551206,;inf,624,0.601323,;inf,649,0.651441,;inf,668,0.70156,;inf,673,0.751675,;inf,694,0.801768,;inf,710,0.85185,;inf,725,0.901976,;inf,738,0.952092,;inf,752,1.00221,;inf,764,1.05226,;inf,776,1.10238,;inf,795,1.15246,;inf,809,1.20256,;inf,833,1.25266,;inf,846,1.30274,;inf,859,1.35283,;inf,866,1.40293,;inf,878,1.45302,;inf,887,1.50315,;inf,891,1.55326,;inf,900,1.60338,;inf,905,1.65347,;inf,910,1.70359,;inf,917,1.75368,;inf,919,1.80378,;inf,927,1.85386,;inf,937,1.90398,;inf,948,1.95406,;inf,949,2.00418,;inf,958,2.05427,;inf,962,2.10435,;inf,969,2.15443,;inf,974,2.20451,;inf,980,2.25459,;inf,995,2.30468,;inf,1003,2.35476,;inf,1008,2.40484,;inf,1020,2.45492,;inf,1029,2.50501,;inf,1041,2.5551,;inf,1053,2.60522,;inf,1056,2.6553,;inf,1063,2.7054,;inf,1067,2.7555,;inf,1071,2.8056,;inf,1074,2.8557,;inf,1077,2.90578,;inf,1079,2.95587,;inf,1081,3.00597,;inf,1087,3.05607,;inf,1092,3.10619,;inf,1099,3.15628,;inf,1105,3.20636,;inf,1108,3.25644,;inf,1115,3.30656,;inf,1117,3.35666,;inf,1123,3.40678,;inf,1126,3.4569,;inf,1129,3.50698,;inf,1131,3.55706,;inf,1137,3.60718,;
inf,332,0.0500586,;inf,404,0.100171,;inf,437,0.150264,;inf,455,0.200382,;inf,477,0.250476,;inf,506,0.300552,;inf,526,0.350668,;inf,543,0.400783,;inf,558,0.450871,;inf,583,0.500987,;inf,608,0.551107,;inf,630,0.601192,;inf,643,0.651307,;inf,649,0.701418,;inf,649,0.751495,;inf,649,0.801559,;inf,649,0.851678,;inf,649,0.901804,;inf,649,0.951891,;inf,649,1.00201,;inf,649,1.05209,;inf,649,1.10218,;inf,651,1.15227,;inf,652,1.20237,;inf,659,1.25249,;inf,665,1.30261,;inf,667,1.35273,;inf,673,1.40284,;inf,676,1.45295,;inf,677,1.50307,;inf,683,1.55319,;inf,685,1.6033,;inf,688,1.65341,;inf,690,1.70353,;inf,699,1.7536,;inf,703,1.80372,;inf,710,1.85382,;inf,712,1.90393,;inf,718,1.95402,;inf,724,2.0041,;inf,729,2.05417,;inf,734,2.10425,;inf,736,2.15431,;inf,740,2.20443,;inf,747,2.25453,;inf,750,2.30464,;inf,755,2.35473,;inf,762,2.40486,;inf,764,2.45496,;inf,768,2.50505,;inf,772,2.55513,;inf,776,2.60524,;inf,777,2.65533,;inf,781,2.70543,;
inf,353,0.0500575,;inf,409,0.100191,;inf,454,0.150281,;inf,483,0.200379,;inf,528,0.250471,;inf,545,0.300615,;inf,563,0.350717,;
inf,365,0.0500968,;inf,441,0.100182,;inf,503,0.150303,;
inf,376,0.0501047,;inf,431,0.100217,;inf,479,0.150334,;inf,512,0.200446,;inf,536,0.250554,;inf,553,0.300663,;inf,568,0.350751,;inf,583,0.400865,;inf,599,0.450979,;inf,614,0.501061,;inf,622,0.551172,;inf,630,0.60125,;inf,648,0.651359,;inf,659,0.701435,;inf,669,0.751544,;inf,676,0.801658,;inf,689,0.851734,;inf,707,0.901852,;inf,722,0.951971,;inf,735,1.00206,;inf,753,1.05215,;inf,770,1.10224,;inf,782,1.15232,;inf,792,1.20244,;inf,803,1.25255,;inf,819,1.30267,;inf,832,1.35278,;inf,842,1.40289,;inf,850,1.45301,;inf,862,1.5031,;inf,875,1.55318,;inf,886,1.60329,;inf,898,1.65336,;inf,901,1.70348,;inf,909,1.75356,;inf,915,1.80367,;inf,920,1.85376,;inf,928,1.90388,;inf,933,1.95397,;inf,942,2.00409,;inf,949,2.05418,;inf,954,2.10425,;inf,959,2.15437,;inf,964,2.20446,;inf,967,2.25457,;inf,973,2.30464,;inf,981,2.35473,;inf,984,2.40485,;inf,987,2.45498,;inf,997,2.50504,;inf,1002,2.55513,;
inf,560,0.0500992,;inf,616,0.100184,;
inf,490,0.0500993,;
inf,576,0.0500978,;inf,668,0.100215,;inf,712,0.150335,;inf,748,0.200426,;inf,787,0.250516,;inf,817,0.300607,;inf,842,0.350712,;inf,866,0.400801,;inf,889,0.450888,;inf,911,0.500985,;inf,925,0.551075,;inf,941,0.601166,;inf,971,0.651257,;inf,989,0.70135,;inf,1012,0.75144,;inf,1026,0.801533,;inf,1049,0.851626,;inf,1062,0.901759,;inf,1078,0.951875,;inf,1102,1.00197,;inf,1117,1.05205,;inf,1127,1.10213,;inf,1146,1.15225,;inf,1153,1.20234,;inf,1161,1.25243,;inf,1171,1.30252,;inf,1177,1.35262,;inf,1192,1.40271,;inf,1199,1.45279,;inf,1205,1.50288,;inf,1210,1.55295,;
inf,382,0.0501366,;

inf,420,0.0500585,;inf,493,0.100185,;inf,564,0.150269,;inf,609,0.200349,;inf,652,0.250435,;inf,684,0.300523,;inf,702,0.350602,;inf,723,0.400676,;inf,742,0.450759,;inf,762,0.500849,;inf,787,0.550942,;inf,803,0.601029,;inf,813,0.651112,;inf,831,0.701198,;inf,854,0.751284,;inf,869,0.801373,;inf,885,0.851463,;inf,900,0.901581,;inf,919,0.9517,;inf,932,1.00184,;inf,944,1.05195,;inf,954,1.10203,;inf,964,1.15214,;inf,969,1.20224,;inf,975,1.25235,;inf,989,1.30244,;inf,996,1.35256,;inf,1005,1.40266,;inf,1015,1.45278,;inf,1025,1.50287,;inf,1040,1.55299,;inf,1045,1.60311,;inf,1056,1.65322,;inf,1062,1.70334,;inf,1077,1.75345,;inf,1083,1.80354,;inf,1091,1.85366,;inf,1096,1.90378,;inf,1103,1.95387,;inf,1114,2.004,;inf,1118,2.05412,;inf,1123,2.10424,;inf,1129,2.15433,;inf,1135,2.20445,;inf,1139,2.25454,;inf,1142,2.30466,;inf,1147,2.35476,;inf,1151,2.40488,;inf,1159,2.45495,;inf,1163,2.50506,;inf,1169,2.55517,;inf,1174,2.60528,;inf,1178,2.65539,;inf,1181,2.70551,;inf,1184,2.75558,;inf,1190,2.80568,;
inf,411,0.0500666,;inf,530,0.100162,;inf,580,0.150286,;inf,631,0.200363,;inf,664,0.250454,;inf,698,0.300576,;inf,733,0.350668,;inf,760,0.400788,;inf,782,0.450869,;inf,796,0.50095,;inf,814,0.551114,;inf,826,0.601195,;inf,846,0.651324,;inf,855,0.701406,;inf,870,0.751532,;inf,885,0.80163,;inf,914,0.851753,;inf,924,0.901836,;inf,934,0.951917,;inf,937,1.00201,;inf,950,1.05214,;inf,965,1.10223,;inf,976,1.15235,;inf,982,1.20244,;inf,1000,1.25256,;inf,1004,1.30268,;inf,1016,1.35277,;inf,1023,1.40285,;inf,1033,1.45298,;inf,1040,1.50307,;inf,1051,1.55319,;inf,1062,1.60331,;inf,1066,1.65339,;inf,1079,1.70349,;inf,1088,1.75362,;inf,1096,1.8037,;inf,1106,1.8538,;inf,1108,1.90388,;inf,1116,1.95397,;inf,1124,2.0041,;inf,1132,2.05422,;inf,1144,2.10433,;inf,1149,2.15447,;inf,1157,2.20458,;
inf,367,0.0500698,;inf,458,0.100194,;inf,501,0.150287,;inf,539,0.200411,;
inf,323,0.050097,;inf,390,0.1002,;inf,448,0.150324,;inf,471,0.200447,;inf,471,0.250569,;inf,471,0.30065,;inf,471,0.350793,;inf,485,0.400918,;inf,494,0.45105,;inf,503,0.501168,;inf,517,0.55129,;inf,533,0.601422,;inf,547,0.651543,;inf,552,0.701624,;inf,569,0.751747,;inf,571,0.801872,;inf,577,0.851957,;inf,591,0.902062,;inf,596,0.952156,;inf,614,1.00228,;inf,625,1.05238,;inf,642,1.1025,;inf,653,1.1526,;inf,668,1.20272,;inf,675,1.25284,;inf,686,1.30296,;inf,690,1.35308,;inf,700,1.4032,;inf,710,1.45332,;inf,719,1.50344,;inf,726,1.55356,;inf,751,1.60368,;inf,756,1.6538,;inf,761,1.70392,;inf,763,1.75405,;
inf,322,0.0500951,;inf,383,0.100198,;inf,437,0.150319,;inf,468,0.200441,;inf,514,0.250559,;inf,538,0.300662,;inf,550,0.350757,;inf,560,0.400872,;inf,585,0.450999,;inf,604,0.501117,;

inf,326,0.0500632,;inf,409,0.100188,;inf,425,0.150306,;inf,456,0.200426,;inf,483,0.250541,;inf,510,0.300676,;inf,517,0.350793,;inf,531,0.400904,;
inf,372,0.0500589,;inf,466,0.100167,;inf,534,0.150241,;inf,592,0.200325,;inf,615,0.250414,;inf,652,0.300548,;inf,679,0.350638,;inf,708,0.400757,;
inf,368,0.0500943,;inf,460,0.100208,;inf,507,0.150319,;inf,536,0.200402,;inf,578,0.250521,;inf,609,0.300594,;inf,622,0.350705,;inf,653,0.400831,;inf,677,0.450918,;inf,696,0.501005,;inf,720,0.551125,;inf,729,0.601198,;inf,733,0.651289,;inf,743,0.701361,;inf,756,0.751446,;inf,760,0.801591,;inf,769,0.851701,;inf,779,0.901791,;inf,791,0.95191,;inf,801,1.00203,;inf,817,1.05214,;inf,841,1.10226,;inf,850,1.15237,;inf,855,1.20245,;inf,861,1.25252,;inf,882,1.30263,;inf,892,1.35271,;inf,900,1.40278,;inf,910,1.4529,;inf,922,1.50301,;inf,925,1.55311,;inf,942,1.60319,;inf,954,1.65328,;inf,960,1.70335,;inf,964,1.75344,;inf,974,1.80354,;inf,977,1.85364,;inf,991,1.90372,;inf,997,1.95384,;inf,1002,2.00393,;
inf,620,0.0501068,;inf,693,0.100187,;inf,751,0.150332,;inf,795,0.200441,;inf,837,0.250531,;inf,864,0.300625,;inf,885,0.350713,;inf,907,0.400833,;inf,927,0.450923,;inf,942,0.50102,;inf,960,0.551113,;inf,972,0.601209,;inf,990,0.651262,;inf,999,0.701347,;inf,1010,0.751434,;inf,1029,0.801522,;inf,1043,0.851632,;inf,1048,0.901722,;inf,1060,0.951829,;
inf,591,0.0500975,;inf,672,0.100173,;inf,726,0.150255,;inf,769,0.200397,;inf,805,0.250481,;inf,835,0.300601,;
inf,366,0.0500948,;inf,461,0.100185,;inf,512,0.150313,;inf,544,0.200432,;inf,594,0.250554,;inf,617,0.300631,;inf,643,0.35072,;inf,674,0.400839,;inf,702,0.450957,;inf,716,0.501119,;inf,735,0.551237,;inf,749,0.601357,;inf,765,0.651441,;inf,776,0.701565,;inf,788,0.751657,;inf,804,0.80177,;inf,823,0.851867,;inf,836,0.901986,;inf,854,0.952087,;inf,860,1.00221,;inf,879,1.0523,;inf,894,1.1024,;

inf,535,0.0500969,;inf,600,0.100215,;inf,652,0.150329,;inf,710,0.200408,;inf,737,0.250494,;inf,763,0.300595,;inf,791,0.350711,;inf,814,0.400802,;inf,843,0.450918,;inf,864,0.501012,;
inf,481,0.0500975,;inf,544,0.100186,;inf,585,0.150272,;inf,629,0.200405,;inf,675,0.250523,;inf,706,0.300604,;inf,730,0.350726,;
inf,442,0.0500726,;
inf,524,0.0500937,;inf,603,0.100217,;inf,651,0.150303,;inf,689,0.200422,;inf,714,0.250539,;inf,755,0.300655,;inf,781,0.350746,;inf,794,0.400822,;inf,809,0.450904,;
inf,600,0.050073,;inf,664,0.100172,;inf,708,0.150276,;inf,749,0.200364,;inf,776,0.250456,;
inf,463,0.0500565,;inf,551,0.100136,;inf,608,0.150245,;inf,652,0.200329,;inf,673,0.250446,;inf,706,0.300548,;inf,733,0.350676,;inf,757,0.400763,;inf,773,0.450881,;inf,797,0.500972,;inf,812,0.551054,;inf,829,0.601139,;inf,835,0.651219,;inf,866,0.701301,;inf,886,0.751422,;inf,901,0.801536,;inf,922,0.851623,;

inf,383,0.0500857,;inf,477,0.100213,;
inf,427,0.0500718,;
inf,247,0.0500716,;inf,307,0.100193,;inf,344,0.15029,;inf,370,0.200387,;
inf,489,0.0500565,;inf,525,0.100149,;inf,559,0.150248,;inf,587,0.200342,;inf,597,0.25046,;inf,631,0.300573,;inf,657,0.350648,;inf,685,0.400764,;inf,697,0.450839,;inf,710,0.500933,;inf,718,0.551047,;inf,729,0.601121,;inf,740,0.651212,;inf,754,0.70133,;inf,766,0.751473,;inf,775,0.801557,;inf,786,0.851645,;inf,794,0.901735,;inf,798,0.951823,;inf,814,1.0019,;inf,823,1.05197,;inf,829,1.10205,;inf,834,1.15212,;inf,841,1.2022,;inf,848,1.25227,;inf,857,1.30235,;inf,867,1.35242,;inf,872,1.4025,;inf,879,1.45257,;inf,883,1.50265,;inf,886,1.55277,;inf,895,1.60289,;inf,906,1.653,;inf,913,1.70309,;inf,918,1.75321,;inf,923,1.80332,;inf,929,1.85341,;inf,937,1.9035,;inf,939,1.9536,;inf,947,2.00374,;inf,954,2.05385,;inf,964,2.10395,;inf,978,2.15403,;inf,981,2.20414,;inf,986,2.25423,;inf,990,2.30431,;inf,998,2.35441,;inf,1001,2.40456,;inf,1005,2.45464,;inf,1010,2.50472,;inf,1021,2.5548,;inf,1029,2.60489,;inf,1033,2.655,;inf,1043,2.7051,;inf,1045,2.75519,;inf,1051,2.80532,;inf,1059,2.85544,;inf,1065,2.90556,;inf,1072,2.95565,;inf,1075,3.00577,;inf,1079,3.05589,;inf,1083,3.10597,;inf,1093,3.15605,;inf,1098,3.20613,;inf,1104,3.25624,;inf,1108,3.30632,;inf,1111,3.35641,;inf,1117,3.40649,;inf,1122,3.45656,;inf,1127,3.50664,;inf,1131,3.55675,;inf,1134,3.60683,;inf,1139,3.65692,;inf,1145,3.707,;inf,1149,3.75709,;inf,1153,3.80718,;inf,1159,3.85729,;inf,1162,3.90738,;inf,1170,3.95747,;inf,1174,4.00755,;inf,1178,4.05764,;inf,1183,4.10772,;inf,1189,4.15781,;inf,1193,4.2079,;inf,1193,4.25799,;inf,1198,4.30807,;inf,1207,4.35816,;inf,1210,4.40828,;inf,1213,4.45838,;inf,1217,4.50849,;inf,1220,4.55858,;inf,1221,4.6087,;inf,1224,4.65878,;inf,1227,4.70889,;inf,1230,4.759,;inf,1232,4.80908,;inf,1239,4.85921,;inf,1245,4.90929,;inf,1250,4.95938,;inf,1259,5.0095,;inf,1261,5.05959,;inf,1267,5.10967,;inf,1271,5.15975,;inf,1277,5.20984,;inf,1282,5.25994,;inf,1287,5.31002,;inf,1291,5.3601,;inf,1297,5.41018,;inf,1301,5.4603,;inf,1310,5.51039,;inf,1314,5.56051,;inf,1323,5.61063,;inf,1327,5.66075,;inf,1330,5.71084,;inf,1338,5.76097,;inf,1340,5.81109,;inf,1343,5.8612,;inf,1349,5.91132,;inf,1353,5.96144,;inf,1358,6.01153,;inf,1362,6.06166,;inf,1366,6.11177,;inf,1369,6.16188,;inf,1370,6.212,;inf,1376,6.26208,;inf,1379,6.31219,;inf,1386,6.36229,;inf,1390,6.41238,;inf,1394,6.46247,;inf,1396,6.51259,;
inf,703,0.0500655,;
inf,368,0.0500764,;inf,459,0.100189,;
inf,573,0.0501092,;
inf,516,0.0500673,;inf,588,0.10016,;inf,647,0.150243,;inf,701,0.200342,;inf,744,0.250465,;inf,779,0.300548,;inf,799,0.350668,;inf,824,0.400773,;inf,842,0.450896,;inf,861,0.500988,;inf,871,0.551074,;inf,883,0.601156,;inf,895,0.651247,;inf,904,0.701326,;inf,917,0.751439,;inf,929,0.801552,;inf,935,0.851688,;inf,945,0.901806,;inf,952,0.951887,;inf,964,1.002,;inf,973,1.05208,;
inf,334,0.0500615,;inf,399,0.100159,;inf,462,0.150246,;inf,510,0.200343,;inf,536,0.250502,;inf,559,0.300586,;inf,585,0.35072,;inf,613,0.400814,;inf,641,0.450903,;inf,661,0.500995,;inf,676,0.551092,;inf,692,0.601237,;inf,705,0.651319,;inf,726,0.701395,;
inf,584,0.050097,;inf,648,0.100212,;inf,725,0.150342,;inf,773,0.200452,;inf,820,0.250537,;
.
