[0.211s] DEBUG:colcon:Command line arguments: ['/usr/bin/colcon', 'build']
[0.211s] DEBUG:colcon:Parsed command line arguments: Namespace(allow_overriding=[], ament_cmake_args=None, base_paths=['.'], build_base='build', catkin_cmake_args=None, catkin_skip_building_tests=False, cmake_args=None, cmake_clean_cache=False, cmake_clean_first=False, cmake_force_configure=False, cmake_target=None, cmake_target_skip_unavailable=False, continue_on_error=False, event_handlers=None, executor='parallel', ignore_user_meta=False, install_base='install', log_base=None, log_level=None, main=<bound method BuildVerb.main of <colcon_core.verb.build.BuildVerb object at 0x7f7f2ec094f0>>, merge_install=False, metas=['./colcon.meta'], packages_above=None, packages_above_and_dependencies=None, packages_above_depth=None, packages_end=None, packages_ignore=None, packages_ignore_regex=None, packages_select=None, packages_select_build_failed=False, packages_select_by_dep=None, packages_select_regex=None, packages_select_test_failures=False, packages_skip=None, packages_skip_build_finished=False, packages_skip_by_dep=None, packages_skip_regex=None, packages_skip_test_passed=False, packages_skip_up_to=None, packages_start=None, packages_up_to=None, packages_up_to_regex=None, parallel_workers=16, paths=None, symlink_install=False, test_result_base=None, verb_extension=<colcon_core.verb.build.BuildVerb object at 0x7f7f2ec094f0>, verb_name='build', verb_parser=<colcon_defaults.argument_parser.defaults.DefaultArgumentsDecorator object at 0x7f7f2ea62640>)
[0.377s] Level 1:colcon.colcon_core.package_discovery:discover_packages(colcon_meta) check parameters
[0.377s] Level 1:colcon.colcon_core.package_discovery:discover_packages(recursive) check parameters
[0.377s] Level 1:colcon.colcon_core.package_discovery:discover_packages(ignore) check parameters
[0.377s] Level 1:colcon.colcon_core.package_discovery:discover_packages(path) check parameters
[0.377s] Level 1:colcon.colcon_core.package_discovery:discover_packages(colcon_meta) discover
[0.377s] Level 1:colcon.colcon_core.package_discovery:discover_packages(recursive) discover
[0.377s] INFO:colcon.colcon_core.package_discovery:Crawling recursively for packages in '/home/qiheng/phd/BeliefSpaceMotionPlanning/GaussianBeliefTrees/ros_ws'
[0.377s] Level 1:colcon.colcon_core.package_identification:_identify(.) by extensions ['ignore', 'ignore_ament_install']
[0.377s] Level 1:colcon.colcon_core.package_identification:_identify(.) by extension 'ignore'
[0.377s] Level 1:colcon.colcon_core.package_identification:_identify(.) by extension 'ignore_ament_install'
[0.377s] Level 1:colcon.colcon_core.package_identification:_identify(.) by extensions ['colcon_pkg']
[0.377s] Level 1:colcon.colcon_core.package_identification:_identify(.) by extension 'colcon_pkg'
[0.377s] Level 1:colcon.colcon_core.package_identification:_identify(.) by extensions ['colcon_meta']
[0.377s] Level 1:colcon.colcon_core.package_identification:_identify(.) by extension 'colcon_meta'
[0.378s] Level 1:colcon.colcon_core.package_identification:_identify(.) by extensions ['ros']
[0.378s] Level 1:colcon.colcon_core.package_identification:_identify(.) by extension 'ros'
[0.388s] Level 1:colcon.colcon_core.package_identification:_identify(.) by extensions ['cmake', 'python']
[0.388s] Level 1:colcon.colcon_core.package_identification:_identify(.) by extension 'cmake'
[0.388s] Level 1:colcon.colcon_core.package_identification:_identify(.) by extension 'python'
[0.388s] Level 1:colcon.colcon_core.package_identification:_identify(.) by extensions ['python_setup_py']
[0.388s] Level 1:colcon.colcon_core.package_identification:_identify(.) by extension 'python_setup_py'
[0.388s] Level 1:colcon.colcon_core.package_identification:_identify(agent_helpers) by extensions ['ignore', 'ignore_ament_install']
[0.388s] Level 1:colcon.colcon_core.package_identification:_identify(agent_helpers) by extension 'ignore'
[0.388s] Level 1:colcon.colcon_core.package_identification:_identify(agent_helpers) by extension 'ignore_ament_install'
[0.388s] Level 1:colcon.colcon_core.package_identification:_identify(agent_helpers) by extensions ['colcon_pkg']
[0.389s] Level 1:colcon.colcon_core.package_identification:_identify(agent_helpers) by extension 'colcon_pkg'
[0.389s] Level 1:colcon.colcon_core.package_identification:_identify(agent_helpers) by extensions ['colcon_meta']
[0.389s] Level 1:colcon.colcon_core.package_identification:_identify(agent_helpers) by extension 'colcon_meta'
[0.389s] Level 1:colcon.colcon_core.package_identification:_identify(agent_helpers) by extensions ['ros']
[0.389s] Level 1:colcon.colcon_core.package_identification:_identify(agent_helpers) by extension 'ros'
[0.392s] DEBUG:colcon.colcon_core.package_identification:Package 'agent_helpers' with type 'ros.ament_cmake' and name 'agent_helpers'
[0.392s] Level 1:colcon.colcon_core.package_identification:_identify(agent_visualizer) by extensions ['ignore', 'ignore_ament_install']
[0.392s] Level 1:colcon.colcon_core.package_identification:_identify(agent_visualizer) by extension 'ignore'
[0.392s] Level 1:colcon.colcon_core.package_identification:_identify(agent_visualizer) by extension 'ignore_ament_install'
[0.392s] Level 1:colcon.colcon_core.package_identification:_identify(agent_visualizer) by extensions ['colcon_pkg']
[0.393s] Level 1:colcon.colcon_core.package_identification:_identify(agent_visualizer) by extension 'colcon_pkg'
[0.393s] Level 1:colcon.colcon_core.package_identification:_identify(agent_visualizer) by extensions ['colcon_meta']
[0.393s] Level 1:colcon.colcon_core.package_identification:_identify(agent_visualizer) by extension 'colcon_meta'
[0.393s] Level 1:colcon.colcon_core.package_identification:_identify(agent_visualizer) by extensions ['ros']
[0.393s] Level 1:colcon.colcon_core.package_identification:_identify(agent_visualizer) by extension 'ros'
[0.394s] DEBUG:colcon.colcon_core.package_identification:Package 'agent_visualizer' with type 'ros.ament_cmake' and name 'agent_visualizer'
[0.394s] Level 1:colcon.colcon_core.package_identification:_identify(build) by extensions ['ignore', 'ignore_ament_install']
[0.394s] Level 1:colcon.colcon_core.package_identification:_identify(build) by extension 'ignore'
[0.394s] Level 1:colcon.colcon_core.package_identification:_identify(build) ignored
[0.394s] Level 1:colcon.colcon_core.package_identification:_identify(install) by extensions ['ignore', 'ignore_ament_install']
[0.394s] Level 1:colcon.colcon_core.package_identification:_identify(install) by extension 'ignore'
[0.394s] Level 1:colcon.colcon_core.package_identification:_identify(install) ignored
[0.394s] Level 1:colcon.colcon_core.package_identification:_identify(log) by extensions ['ignore', 'ignore_ament_install']
[0.395s] Level 1:colcon.colcon_core.package_identification:_identify(log) by extension 'ignore'
[0.395s] Level 1:colcon.colcon_core.package_identification:_identify(log) ignored
[0.395s] Level 1:colcon.colcon_core.package_discovery:discover_packages(recursive) using defaults
[0.395s] Level 1:colcon.colcon_core.package_discovery:discover_packages(ignore) discover
[0.395s] Level 1:colcon.colcon_core.package_discovery:discover_packages(ignore) using defaults
[0.395s] Level 1:colcon.colcon_core.package_discovery:discover_packages(path) discover
[0.395s] Level 1:colcon.colcon_core.package_discovery:discover_packages(path) using defaults
[0.421s] Level 1:colcon.colcon_core.package_discovery:discover_packages(prefix_path) check parameters
[0.421s] Level 1:colcon.colcon_core.package_discovery:discover_packages(prefix_path) discover
[0.423s] DEBUG:colcon.colcon_installed_package_information.package_discovery:Found 256 installed packages in /opt/ros/foxy
[0.424s] Level 1:colcon.colcon_core.package_discovery:discover_packages(prefix_path) using defaults
[0.481s] Level 5:colcon.colcon_core.verb:set package 'agent_helpers' build argument 'cmake_args' from command line to 'None'
[0.482s] Level 5:colcon.colcon_core.verb:set package 'agent_helpers' build argument 'cmake_target' from command line to 'None'
[0.482s] Level 5:colcon.colcon_core.verb:set package 'agent_helpers' build argument 'cmake_target_skip_unavailable' from command line to 'False'
[0.482s] Level 5:colcon.colcon_core.verb:set package 'agent_helpers' build argument 'cmake_clean_cache' from command line to 'False'
[0.482s] Level 5:colcon.colcon_core.verb:set package 'agent_helpers' build argument 'cmake_clean_first' from command line to 'False'
[0.482s] Level 5:colcon.colcon_core.verb:set package 'agent_helpers' build argument 'cmake_force_configure' from command line to 'False'
[0.482s] Level 5:colcon.colcon_core.verb:set package 'agent_helpers' build argument 'ament_cmake_args' from command line to 'None'
[0.482s] Level 5:colcon.colcon_core.verb:set package 'agent_helpers' build argument 'catkin_cmake_args' from command line to 'None'
[0.482s] Level 5:colcon.colcon_core.verb:set package 'agent_helpers' build argument 'catkin_skip_building_tests' from command line to 'False'
[0.482s] DEBUG:colcon.colcon_core.verb:Building package 'agent_helpers' with the following arguments: {'ament_cmake_args': None, 'build_base': '/home/qiheng/phd/BeliefSpaceMotionPlanning/GaussianBeliefTrees/ros_ws/build/agent_helpers', 'catkin_cmake_args': None, 'catkin_skip_building_tests': False, 'cmake_args': None, 'cmake_clean_cache': False, 'cmake_clean_first': False, 'cmake_force_configure': False, 'cmake_target': None, 'cmake_target_skip_unavailable': False, 'install_base': '/home/qiheng/phd/BeliefSpaceMotionPlanning/GaussianBeliefTrees/ros_ws/install/agent_helpers', 'merge_install': False, 'path': '/home/qiheng/phd/BeliefSpaceMotionPlanning/GaussianBeliefTrees/ros_ws/agent_helpers', 'symlink_install': False, 'test_result_base': None}
[0.482s] Level 5:colcon.colcon_core.verb:set package 'agent_visualizer' build argument 'cmake_args' from command line to 'None'
[0.482s] Level 5:colcon.colcon_core.verb:set package 'agent_visualizer' build argument 'cmake_target' from command line to 'None'
[0.482s] Level 5:colcon.colcon_core.verb:set package 'agent_visualizer' build argument 'cmake_target_skip_unavailable' from command line to 'False'
[0.482s] Level 5:colcon.colcon_core.verb:set package 'agent_visualizer' build argument 'cmake_clean_cache' from command line to 'False'
[0.482s] Level 5:colcon.colcon_core.verb:set package 'agent_visualizer' build argument 'cmake_clean_first' from command line to 'False'
[0.482s] Level 5:colcon.colcon_core.verb:set package 'agent_visualizer' build argument 'cmake_force_configure' from command line to 'False'
[0.482s] Level 5:colcon.colcon_core.verb:set package 'agent_visualizer' build argument 'ament_cmake_args' from command line to 'None'
[0.482s] Level 5:colcon.colcon_core.verb:set package 'agent_visualizer' build argument 'catkin_cmake_args' from command line to 'None'
[0.482s] Level 5:colcon.colcon_core.verb:set package 'agent_visualizer' build argument 'catkin_skip_building_tests' from command line to 'False'
[0.482s] DEBUG:colcon.colcon_core.verb:Building package 'agent_visualizer' with the following arguments: {'ament_cmake_args': None, 'build_base': '/home/qiheng/phd/BeliefSpaceMotionPlanning/GaussianBeliefTrees/ros_ws/build/agent_visualizer', 'catkin_cmake_args': None, 'catkin_skip_building_tests': False, 'cmake_args': None, 'cmake_clean_cache': False, 'cmake_clean_first': False, 'cmake_force_configure': False, 'cmake_target': None, 'cmake_target_skip_unavailable': False, 'install_base': '/home/qiheng/phd/BeliefSpaceMotionPlanning/GaussianBeliefTrees/ros_ws/install/agent_visualizer', 'merge_install': False, 'path': '/home/qiheng/phd/BeliefSpaceMotionPlanning/GaussianBeliefTrees/ros_ws/agent_visualizer', 'symlink_install': False, 'test_result_base': None}
[0.483s] INFO:colcon.colcon_core.executor:Executing jobs using 'parallel' executor
[0.483s] DEBUG:colcon.colcon_parallel_executor.executor.parallel:run_until_complete
[0.484s] INFO:colcon.colcon_ros.task.ament_cmake.build:Building ROS package in '/home/qiheng/phd/BeliefSpaceMotionPlanning/GaussianBeliefTrees/ros_ws/agent_helpers' with build type 'ament_cmake'
[0.484s] INFO:colcon.colcon_cmake.task.cmake.build:Building CMake package in '/home/qiheng/phd/BeliefSpaceMotionPlanning/GaussianBeliefTrees/ros_ws/agent_helpers'
[0.486s] INFO:colcon.colcon_core.plugin_system:Skipping extension 'colcon_core.shell.bat': Not used on non-Windows systems
[0.486s] INFO:colcon.colcon_core.shell:Skip shell extension 'powershell' for command environment: Not usable outside of PowerShell
[0.486s] DEBUG:colcon.colcon_core.shell:Skip shell extension 'dsv' for command environment
[0.496s] DEBUG:colcon.colcon_core.event_handler.log_command:Invoking command in '/home/qiheng/phd/BeliefSpaceMotionPlanning/GaussianBeliefTrees/ros_ws/build/agent_helpers': CMAKE_PREFIX_PATH=/opt/ros/foxy /usr/bin/cmake /home/qiheng/phd/BeliefSpaceMotionPlanning/GaussianBeliefTrees/ros_ws/agent_helpers -DCMAKE_INSTALL_PREFIX=/home/qiheng/phd/BeliefSpaceMotionPlanning/GaussianBeliefTrees/ros_ws/install/agent_helpers
[1.663s] DEBUG:colcon.colcon_core.event_handler.log_command:Invoked command in '/home/qiheng/phd/BeliefSpaceMotionPlanning/GaussianBeliefTrees/ros_ws/build/agent_helpers' returned '0': CMAKE_PREFIX_PATH=/opt/ros/foxy /usr/bin/cmake /home/qiheng/phd/BeliefSpaceMotionPlanning/GaussianBeliefTrees/ros_ws/agent_helpers -DCMAKE_INSTALL_PREFIX=/home/qiheng/phd/BeliefSpaceMotionPlanning/GaussianBeliefTrees/ros_ws/install/agent_helpers
[1.667s] DEBUG:colcon.colcon_core.event_handler.log_command:Invoking command in '/home/qiheng/phd/BeliefSpaceMotionPlanning/GaussianBeliefTrees/ros_ws/build/agent_helpers': CMAKE_PREFIX_PATH=/opt/ros/foxy /usr/bin/cmake --build /home/qiheng/phd/BeliefSpaceMotionPlanning/GaussianBeliefTrees/ros_ws/build/agent_helpers -- -j16 -l16
[3.105s] DEBUG:colcon.colcon_core.event_handler.log_command:Invoked command in '/home/qiheng/phd/BeliefSpaceMotionPlanning/GaussianBeliefTrees/ros_ws/build/agent_helpers' returned '0': CMAKE_PREFIX_PATH=/opt/ros/foxy /usr/bin/cmake --build /home/qiheng/phd/BeliefSpaceMotionPlanning/GaussianBeliefTrees/ros_ws/build/agent_helpers -- -j16 -l16
[3.176s] DEBUG:colcon.colcon_core.event_handler.log_command:Invoking command in '/home/qiheng/phd/BeliefSpaceMotionPlanning/GaussianBeliefTrees/ros_ws/build/agent_helpers': CMAKE_PREFIX_PATH=/opt/ros/foxy /usr/bin/cmake --install /home/qiheng/phd/BeliefSpaceMotionPlanning/GaussianBeliefTrees/ros_ws/build/agent_helpers
[3.208s] Level 1:colcon.colcon_core.environment:create_environment_scripts_only(agent_helpers)
[3.209s] DEBUG:colcon.colcon_core.event_handler.log_command:Invoked command in '/home/qiheng/phd/BeliefSpaceMotionPlanning/GaussianBeliefTrees/ros_ws/build/agent_helpers' returned '0': CMAKE_PREFIX_PATH=/opt/ros/foxy /usr/bin/cmake --install /home/qiheng/phd/BeliefSpaceMotionPlanning/GaussianBeliefTrees/ros_ws/build/agent_helpers
[3.216s] Level 1:colcon.colcon_core.environment:checking '/home/qiheng/phd/BeliefSpaceMotionPlanning/GaussianBeliefTrees/ros_ws/install/agent_helpers' for CMake module files
[3.216s] Level 1:colcon.colcon_core.environment:checking '/home/qiheng/phd/BeliefSpaceMotionPlanning/GaussianBeliefTrees/ros_ws/install/agent_helpers' for CMake config files
[3.216s] Level 1:colcon.colcon_core.shell:create_environment_hook('agent_helpers', 'cmake_prefix_path')
[3.216s] INFO:colcon.colcon_core.shell:Creating environment hook '/home/qiheng/phd/BeliefSpaceMotionPlanning/GaussianBeliefTrees/ros_ws/install/agent_helpers/share/agent_helpers/hook/cmake_prefix_path.ps1'
[3.217s] INFO:colcon.colcon_core.shell:Creating environment descriptor '/home/qiheng/phd/BeliefSpaceMotionPlanning/GaussianBeliefTrees/ros_ws/install/agent_helpers/share/agent_helpers/hook/cmake_prefix_path.dsv'
[3.217s] INFO:colcon.colcon_core.shell:Creating environment hook '/home/qiheng/phd/BeliefSpaceMotionPlanning/GaussianBeliefTrees/ros_ws/install/agent_helpers/share/agent_helpers/hook/cmake_prefix_path.sh'
[3.218s] Level 1:colcon.colcon_core.environment:checking '/home/qiheng/phd/BeliefSpaceMotionPlanning/GaussianBeliefTrees/ros_ws/install/agent_helpers/lib'
[3.218s] Level 1:colcon.colcon_core.environment:checking '/home/qiheng/phd/BeliefSpaceMotionPlanning/GaussianBeliefTrees/ros_ws/install/agent_helpers/bin'
[3.219s] Level 1:colcon.colcon_core.environment:checking '/home/qiheng/phd/BeliefSpaceMotionPlanning/GaussianBeliefTrees/ros_ws/install/agent_helpers/lib/pkgconfig/agent_helpers.pc'
[3.219s] Level 1:colcon.colcon_core.environment:checking '/home/qiheng/phd/BeliefSpaceMotionPlanning/GaussianBeliefTrees/ros_ws/install/agent_helpers/lib/python3.8/site-packages'
[3.219s] Level 1:colcon.colcon_core.environment:checking '/home/qiheng/phd/BeliefSpaceMotionPlanning/GaussianBeliefTrees/ros_ws/install/agent_helpers/bin'
[3.219s] INFO:colcon.colcon_core.shell:Creating package script '/home/qiheng/phd/BeliefSpaceMotionPlanning/GaussianBeliefTrees/ros_ws/install/agent_helpers/share/agent_helpers/package.ps1'
[3.220s] INFO:colcon.colcon_core.shell:Creating package descriptor '/home/qiheng/phd/BeliefSpaceMotionPlanning/GaussianBeliefTrees/ros_ws/install/agent_helpers/share/agent_helpers/package.dsv'
[3.220s] INFO:colcon.colcon_core.shell:Creating package script '/home/qiheng/phd/BeliefSpaceMotionPlanning/GaussianBeliefTrees/ros_ws/install/agent_helpers/share/agent_helpers/package.sh'
[3.221s] INFO:colcon.colcon_core.shell:Creating package script '/home/qiheng/phd/BeliefSpaceMotionPlanning/GaussianBeliefTrees/ros_ws/install/agent_helpers/share/agent_helpers/package.bash'
[3.222s] INFO:colcon.colcon_core.shell:Creating package script '/home/qiheng/phd/BeliefSpaceMotionPlanning/GaussianBeliefTrees/ros_ws/install/agent_helpers/share/agent_helpers/package.zsh'
[3.222s] Level 1:colcon.colcon_core.environment:create_file_with_runtime_dependencies(/home/qiheng/phd/BeliefSpaceMotionPlanning/GaussianBeliefTrees/ros_ws/install/agent_helpers/share/colcon-core/packages/agent_helpers)
[3.285s] Level 1:colcon.colcon_core.environment:create_environment_scripts_only(agent_helpers)
[3.286s] Level 1:colcon.colcon_core.environment:checking '/home/qiheng/phd/BeliefSpaceMotionPlanning/GaussianBeliefTrees/ros_ws/install/agent_helpers' for CMake module files
[3.287s] Level 1:colcon.colcon_core.environment:checking '/home/qiheng/phd/BeliefSpaceMotionPlanning/GaussianBeliefTrees/ros_ws/install/agent_helpers' for CMake config files
[3.287s] Level 1:colcon.colcon_core.shell:create_environment_hook('agent_helpers', 'cmake_prefix_path')
[3.288s] INFO:colcon.colcon_core.shell:Creating environment hook '/home/qiheng/phd/BeliefSpaceMotionPlanning/GaussianBeliefTrees/ros_ws/install/agent_helpers/share/agent_helpers/hook/cmake_prefix_path.ps1'
[3.289s] INFO:colcon.colcon_core.shell:Creating environment descriptor '/home/qiheng/phd/BeliefSpaceMotionPlanning/GaussianBeliefTrees/ros_ws/install/agent_helpers/share/agent_helpers/hook/cmake_prefix_path.dsv'
[3.291s] INFO:colcon.colcon_core.shell:Creating environment hook '/home/qiheng/phd/BeliefSpaceMotionPlanning/GaussianBeliefTrees/ros_ws/install/agent_helpers/share/agent_helpers/hook/cmake_prefix_path.sh'
[3.292s] Level 1:colcon.colcon_core.environment:checking '/home/qiheng/phd/BeliefSpaceMotionPlanning/GaussianBeliefTrees/ros_ws/install/agent_helpers/lib'
[3.293s] Level 1:colcon.colcon_core.environment:checking '/home/qiheng/phd/BeliefSpaceMotionPlanning/GaussianBeliefTrees/ros_ws/install/agent_helpers/bin'
[3.293s] Level 1:colcon.colcon_core.environment:checking '/home/qiheng/phd/BeliefSpaceMotionPlanning/GaussianBeliefTrees/ros_ws/install/agent_helpers/lib/pkgconfig/agent_helpers.pc'
[3.293s] Level 1:colcon.colcon_core.environment:checking '/home/qiheng/phd/BeliefSpaceMotionPlanning/GaussianBeliefTrees/ros_ws/install/agent_helpers/lib/python3.8/site-packages'
[3.294s] Level 1:colcon.colcon_core.environment:checking '/home/qiheng/phd/BeliefSpaceMotionPlanning/GaussianBeliefTrees/ros_ws/install/agent_helpers/bin'
[3.295s] INFO:colcon.colcon_core.shell:Creating package script '/home/qiheng/phd/BeliefSpaceMotionPlanning/GaussianBeliefTrees/ros_ws/install/agent_helpers/share/agent_helpers/package.ps1'
[3.296s] INFO:colcon.colcon_core.shell:Creating package descriptor '/home/qiheng/phd/BeliefSpaceMotionPlanning/GaussianBeliefTrees/ros_ws/install/agent_helpers/share/agent_helpers/package.dsv'
[3.297s] INFO:colcon.colcon_core.shell:Creating package script '/home/qiheng/phd/BeliefSpaceMotionPlanning/GaussianBeliefTrees/ros_ws/install/agent_helpers/share/agent_helpers/package.sh'
[3.299s] INFO:colcon.colcon_core.shell:Creating package script '/home/qiheng/phd/BeliefSpaceMotionPlanning/GaussianBeliefTrees/ros_ws/install/agent_helpers/share/agent_helpers/package.bash'
[3.300s] INFO:colcon.colcon_core.shell:Creating package script '/home/qiheng/phd/BeliefSpaceMotionPlanning/GaussianBeliefTrees/ros_ws/install/agent_helpers/share/agent_helpers/package.zsh'
[3.301s] Level 1:colcon.colcon_core.environment:create_file_with_runtime_dependencies(/home/qiheng/phd/BeliefSpaceMotionPlanning/GaussianBeliefTrees/ros_ws/install/agent_helpers/share/colcon-core/packages/agent_helpers)
[3.302s] INFO:colcon.colcon_ros.task.ament_cmake.build:Building ROS package in '/home/qiheng/phd/BeliefSpaceMotionPlanning/GaussianBeliefTrees/ros_ws/agent_visualizer' with build type 'ament_cmake'
[3.302s] INFO:colcon.colcon_cmake.task.cmake.build:Building CMake package in '/home/qiheng/phd/BeliefSpaceMotionPlanning/GaussianBeliefTrees/ros_ws/agent_visualizer'
[3.303s] INFO:colcon.colcon_core.shell:Skip shell extension 'powershell' for command environment: Not usable outside of PowerShell
[3.304s] DEBUG:colcon.colcon_core.shell:Skip shell extension 'dsv' for command environment
[3.330s] DEBUG:colcon.colcon_core.event_handler.log_command:Invoking command in '/home/qiheng/phd/BeliefSpaceMotionPlanning/GaussianBeliefTrees/ros_ws/build/agent_visualizer': AMENT_PREFIX_PATH=/home/qiheng/phd/BeliefSpaceMotionPlanning/GaussianBeliefTrees/ros_ws/install/agent_helpers:${AMENT_PREFIX_PATH} CMAKE_PREFIX_PATH=/home/qiheng/phd/BeliefSpaceMotionPlanning/GaussianBeliefTrees/ros_ws/install/agent_helpers:/opt/ros/foxy LD_LIBRARY_PATH=/home/qiheng/phd/BeliefSpaceMotionPlanning/GaussianBeliefTrees/ros_ws/install/agent_helpers/lib:${LD_LIBRARY_PATH} /usr/bin/cmake /home/qiheng/phd/BeliefSpaceMotionPlanning/GaussianBeliefTrees/ros_ws/agent_visualizer -DCMAKE_INSTALL_PREFIX=/home/qiheng/phd/BeliefSpaceMotionPlanning/GaussianBeliefTrees/ros_ws/install/agent_visualizer
[5.441s] DEBUG:colcon.colcon_core.event_handler.log_command:Invoked command in '/home/qiheng/phd/BeliefSpaceMotionPlanning/GaussianBeliefTrees/ros_ws/build/agent_visualizer' returned '0': AMENT_PREFIX_PATH=/home/qiheng/phd/BeliefSpaceMotionPlanning/GaussianBeliefTrees/ros_ws/install/agent_helpers:${AMENT_PREFIX_PATH} CMAKE_PREFIX_PATH=/home/qiheng/phd/BeliefSpaceMotionPlanning/GaussianBeliefTrees/ros_ws/install/agent_helpers:/opt/ros/foxy LD_LIBRARY_PATH=/home/qiheng/phd/BeliefSpaceMotionPlanning/GaussianBeliefTrees/ros_ws/install/agent_helpers/lib:${LD_LIBRARY_PATH} /usr/bin/cmake /home/qiheng/phd/BeliefSpaceMotionPlanning/GaussianBeliefTrees/ros_ws/agent_visualizer -DCMAKE_INSTALL_PREFIX=/home/qiheng/phd/BeliefSpaceMotionPlanning/GaussianBeliefTrees/ros_ws/install/agent_visualizer
[5.447s] DEBUG:colcon.colcon_core.event_handler.log_command:Invoking command in '/home/qiheng/phd/BeliefSpaceMotionPlanning/GaussianBeliefTrees/ros_ws/build/agent_visualizer': AMENT_PREFIX_PATH=/home/qiheng/phd/BeliefSpaceMotionPlanning/GaussianBeliefTrees/ros_ws/install/agent_helpers:${AMENT_PREFIX_PATH} CMAKE_PREFIX_PATH=/home/qiheng/phd/BeliefSpaceMotionPlanning/GaussianBeliefTrees/ros_ws/install/agent_helpers:/opt/ros/foxy LD_LIBRARY_PATH=/home/qiheng/phd/BeliefSpaceMotionPlanning/GaussianBeliefTrees/ros_ws/install/agent_helpers/lib:${LD_LIBRARY_PATH} /usr/bin/cmake --build /home/qiheng/phd/BeliefSpaceMotionPlanning/GaussianBeliefTrees/ros_ws/build/agent_visualizer -- -j16 -l16
[10.656s] DEBUG:colcon.colcon_core.event_handler.log_command:Invoked command in '/home/qiheng/phd/BeliefSpaceMotionPlanning/GaussianBeliefTrees/ros_ws/build/agent_visualizer' returned '0': AMENT_PREFIX_PATH=/home/qiheng/phd/BeliefSpaceMotionPlanning/GaussianBeliefTrees/ros_ws/install/agent_helpers:${AMENT_PREFIX_PATH} CMAKE_PREFIX_PATH=/home/qiheng/phd/BeliefSpaceMotionPlanning/GaussianBeliefTrees/ros_ws/install/agent_helpers:/opt/ros/foxy LD_LIBRARY_PATH=/home/qiheng/phd/BeliefSpaceMotionPlanning/GaussianBeliefTrees/ros_ws/install/agent_helpers/lib:${LD_LIBRARY_PATH} /usr/bin/cmake --build /home/qiheng/phd/BeliefSpaceMotionPlanning/GaussianBeliefTrees/ros_ws/build/agent_visualizer -- -j16 -l16
[10.690s] DEBUG:colcon.colcon_core.event_handler.log_command:Invoking command in '/home/qiheng/phd/BeliefSpaceMotionPlanning/GaussianBeliefTrees/ros_ws/build/agent_visualizer': AMENT_PREFIX_PATH=/home/qiheng/phd/BeliefSpaceMotionPlanning/GaussianBeliefTrees/ros_ws/install/agent_helpers:${AMENT_PREFIX_PATH} CMAKE_PREFIX_PATH=/home/qiheng/phd/BeliefSpaceMotionPlanning/GaussianBeliefTrees/ros_ws/install/agent_helpers:/opt/ros/foxy LD_LIBRARY_PATH=/home/qiheng/phd/BeliefSpaceMotionPlanning/GaussianBeliefTrees/ros_ws/install/agent_helpers/lib:${LD_LIBRARY_PATH} /usr/bin/cmake --install /home/qiheng/phd/BeliefSpaceMotionPlanning/GaussianBeliefTrees/ros_ws/build/agent_visualizer
[10.712s] Level 1:colcon.colcon_core.environment:create_environment_scripts_only(agent_visualizer)
[10.713s] Level 1:colcon.colcon_core.environment:checking '/home/qiheng/phd/BeliefSpaceMotionPlanning/GaussianBeliefTrees/ros_ws/install/agent_visualizer' for CMake module files
[10.713s] DEBUG:colcon.colcon_core.event_handler.log_command:Invoked command in '/home/qiheng/phd/BeliefSpaceMotionPlanning/GaussianBeliefTrees/ros_ws/build/agent_visualizer' returned '0': AMENT_PREFIX_PATH=/home/qiheng/phd/BeliefSpaceMotionPlanning/GaussianBeliefTrees/ros_ws/install/agent_helpers:${AMENT_PREFIX_PATH} CMAKE_PREFIX_PATH=/home/qiheng/phd/BeliefSpaceMotionPlanning/GaussianBeliefTrees/ros_ws/install/agent_helpers:/opt/ros/foxy LD_LIBRARY_PATH=/home/qiheng/phd/BeliefSpaceMotionPlanning/GaussianBeliefTrees/ros_ws/install/agent_helpers/lib:${LD_LIBRARY_PATH} /usr/bin/cmake --install /home/qiheng/phd/BeliefSpaceMotionPlanning/GaussianBeliefTrees/ros_ws/build/agent_visualizer
[10.714s] Level 1:colcon.colcon_core.environment:checking '/home/qiheng/phd/BeliefSpaceMotionPlanning/GaussianBeliefTrees/ros_ws/install/agent_visualizer' for CMake config files
[10.714s] Level 1:colcon.colcon_core.shell:create_environment_hook('agent_visualizer', 'cmake_prefix_path')
[10.714s] INFO:colcon.colcon_core.shell:Creating environment hook '/home/qiheng/phd/BeliefSpaceMotionPlanning/GaussianBeliefTrees/ros_ws/install/agent_visualizer/share/agent_visualizer/hook/cmake_prefix_path.ps1'
[10.714s] INFO:colcon.colcon_core.shell:Creating environment descriptor '/home/qiheng/phd/BeliefSpaceMotionPlanning/GaussianBeliefTrees/ros_ws/install/agent_visualizer/share/agent_visualizer/hook/cmake_prefix_path.dsv'
[10.715s] INFO:colcon.colcon_core.shell:Creating environment hook '/home/qiheng/phd/BeliefSpaceMotionPlanning/GaussianBeliefTrees/ros_ws/install/agent_visualizer/share/agent_visualizer/hook/cmake_prefix_path.sh'
[10.715s] Level 1:colcon.colcon_core.environment:checking '/home/qiheng/phd/BeliefSpaceMotionPlanning/GaussianBeliefTrees/ros_ws/install/agent_visualizer/lib'
[10.715s] Level 1:colcon.colcon_core.environment:checking '/home/qiheng/phd/BeliefSpaceMotionPlanning/GaussianBeliefTrees/ros_ws/install/agent_visualizer/bin'
[10.715s] Level 1:colcon.colcon_core.environment:checking '/home/qiheng/phd/BeliefSpaceMotionPlanning/GaussianBeliefTrees/ros_ws/install/agent_visualizer/lib/pkgconfig/agent_visualizer.pc'
[10.716s] Level 1:colcon.colcon_core.environment:checking '/home/qiheng/phd/BeliefSpaceMotionPlanning/GaussianBeliefTrees/ros_ws/install/agent_visualizer/lib/python3.8/site-packages'
[10.716s] Level 1:colcon.colcon_core.environment:checking '/home/qiheng/phd/BeliefSpaceMotionPlanning/GaussianBeliefTrees/ros_ws/install/agent_visualizer/bin'
[10.716s] INFO:colcon.colcon_core.shell:Creating package script '/home/qiheng/phd/BeliefSpaceMotionPlanning/GaussianBeliefTrees/ros_ws/install/agent_visualizer/share/agent_visualizer/package.ps1'
[10.716s] INFO:colcon.colcon_core.shell:Creating package descriptor '/home/qiheng/phd/BeliefSpaceMotionPlanning/GaussianBeliefTrees/ros_ws/install/agent_visualizer/share/agent_visualizer/package.dsv'
[10.717s] INFO:colcon.colcon_core.shell:Creating package script '/home/qiheng/phd/BeliefSpaceMotionPlanning/GaussianBeliefTrees/ros_ws/install/agent_visualizer/share/agent_visualizer/package.sh'
[10.717s] INFO:colcon.colcon_core.shell:Creating package script '/home/qiheng/phd/BeliefSpaceMotionPlanning/GaussianBeliefTrees/ros_ws/install/agent_visualizer/share/agent_visualizer/package.bash'
[10.717s] INFO:colcon.colcon_core.shell:Creating package script '/home/qiheng/phd/BeliefSpaceMotionPlanning/GaussianBeliefTrees/ros_ws/install/agent_visualizer/share/agent_visualizer/package.zsh'
[10.717s] Level 1:colcon.colcon_core.environment:create_file_with_runtime_dependencies(/home/qiheng/phd/BeliefSpaceMotionPlanning/GaussianBeliefTrees/ros_ws/install/agent_visualizer/share/colcon-core/packages/agent_visualizer)
[10.769s] Level 1:colcon.colcon_core.environment:create_environment_scripts_only(agent_visualizer)
[10.770s] Level 1:colcon.colcon_core.environment:checking '/home/qiheng/phd/BeliefSpaceMotionPlanning/GaussianBeliefTrees/ros_ws/install/agent_visualizer' for CMake module files
[10.771s] Level 1:colcon.colcon_core.environment:checking '/home/qiheng/phd/BeliefSpaceMotionPlanning/GaussianBeliefTrees/ros_ws/install/agent_visualizer' for CMake config files
[10.771s] Level 1:colcon.colcon_core.shell:create_environment_hook('agent_visualizer', 'cmake_prefix_path')
[10.771s] INFO:colcon.colcon_core.shell:Creating environment hook '/home/qiheng/phd/BeliefSpaceMotionPlanning/GaussianBeliefTrees/ros_ws/install/agent_visualizer/share/agent_visualizer/hook/cmake_prefix_path.ps1'
[10.772s] INFO:colcon.colcon_core.shell:Creating environment descriptor '/home/qiheng/phd/BeliefSpaceMotionPlanning/GaussianBeliefTrees/ros_ws/install/agent_visualizer/share/agent_visualizer/hook/cmake_prefix_path.dsv'
[10.772s] INFO:colcon.colcon_core.shell:Creating environment hook '/home/qiheng/phd/BeliefSpaceMotionPlanning/GaussianBeliefTrees/ros_ws/install/agent_visualizer/share/agent_visualizer/hook/cmake_prefix_path.sh'
[10.773s] Level 1:colcon.colcon_core.environment:checking '/home/qiheng/phd/BeliefSpaceMotionPlanning/GaussianBeliefTrees/ros_ws/install/agent_visualizer/lib'
[10.773s] Level 1:colcon.colcon_core.environment:checking '/home/qiheng/phd/BeliefSpaceMotionPlanning/GaussianBeliefTrees/ros_ws/install/agent_visualizer/bin'
[10.773s] Level 1:colcon.colcon_core.environment:checking '/home/qiheng/phd/BeliefSpaceMotionPlanning/GaussianBeliefTrees/ros_ws/install/agent_visualizer/lib/pkgconfig/agent_visualizer.pc'
[10.773s] Level 1:colcon.colcon_core.environment:checking '/home/qiheng/phd/BeliefSpaceMotionPlanning/GaussianBeliefTrees/ros_ws/install/agent_visualizer/lib/python3.8/site-packages'
[10.773s] Level 1:colcon.colcon_core.environment:checking '/home/qiheng/phd/BeliefSpaceMotionPlanning/GaussianBeliefTrees/ros_ws/install/agent_visualizer/bin'
[10.773s] INFO:colcon.colcon_core.shell:Creating package script '/home/qiheng/phd/BeliefSpaceMotionPlanning/GaussianBeliefTrees/ros_ws/install/agent_visualizer/share/agent_visualizer/package.ps1'
[10.774s] INFO:colcon.colcon_core.shell:Creating package descriptor '/home/qiheng/phd/BeliefSpaceMotionPlanning/GaussianBeliefTrees/ros_ws/install/agent_visualizer/share/agent_visualizer/package.dsv'
[10.774s] INFO:colcon.colcon_core.shell:Creating package script '/home/qiheng/phd/BeliefSpaceMotionPlanning/GaussianBeliefTrees/ros_ws/install/agent_visualizer/share/agent_visualizer/package.sh'
[10.775s] INFO:colcon.colcon_core.shell:Creating package script '/home/qiheng/phd/BeliefSpaceMotionPlanning/GaussianBeliefTrees/ros_ws/install/agent_visualizer/share/agent_visualizer/package.bash'
[10.775s] INFO:colcon.colcon_core.shell:Creating package script '/home/qiheng/phd/BeliefSpaceMotionPlanning/GaussianBeliefTrees/ros_ws/install/agent_visualizer/share/agent_visualizer/package.zsh'
[10.775s] Level 1:colcon.colcon_core.environment:create_file_with_runtime_dependencies(/home/qiheng/phd/BeliefSpaceMotionPlanning/GaussianBeliefTrees/ros_ws/install/agent_visualizer/share/colcon-core/packages/agent_visualizer)
[10.776s] DEBUG:colcon.colcon_parallel_executor.executor.parallel:closing loop
[10.776s] DEBUG:colcon.colcon_parallel_executor.executor.parallel:loop closed
[10.776s] DEBUG:colcon.colcon_parallel_executor.executor.parallel:run_until_complete finished with '0'
[10.776s] DEBUG:colcon.colcon_core.event_reactor:joining thread
[10.782s] INFO:colcon.colcon_core.plugin_system:Skipping extension 'colcon_notification.desktop_notification.terminal_notifier': Not used on non-Darwin systems
[10.782s] INFO:colcon.colcon_core.plugin_system:Skipping extension 'colcon_notification.desktop_notification.win32': Not used on non-Windows systems
[10.782s] INFO:colcon.colcon_notification.desktop_notification:Sending desktop notification using 'notify2'
[10.797s] DEBUG:colcon.colcon_core.event_reactor:joined thread
[10.798s] INFO:colcon.colcon_core.shell:Creating prefix script '/home/qiheng/phd/BeliefSpaceMotionPlanning/GaussianBeliefTrees/ros_ws/install/local_setup.ps1'
[10.799s] INFO:colcon.colcon_core.shell:Creating prefix util module '/home/qiheng/phd/BeliefSpaceMotionPlanning/GaussianBeliefTrees/ros_ws/install/_local_setup_util_ps1.py'
[10.800s] INFO:colcon.colcon_core.shell:Creating prefix chain script '/home/qiheng/phd/BeliefSpaceMotionPlanning/GaussianBeliefTrees/ros_ws/install/setup.ps1'
[10.801s] INFO:colcon.colcon_core.shell:Creating prefix script '/home/qiheng/phd/BeliefSpaceMotionPlanning/GaussianBeliefTrees/ros_ws/install/local_setup.sh'
[10.801s] INFO:colcon.colcon_core.shell:Creating prefix util module '/home/qiheng/phd/BeliefSpaceMotionPlanning/GaussianBeliefTrees/ros_ws/install/_local_setup_util_sh.py'
[10.802s] INFO:colcon.colcon_core.shell:Creating prefix chain script '/home/qiheng/phd/BeliefSpaceMotionPlanning/GaussianBeliefTrees/ros_ws/install/setup.sh'
[10.803s] INFO:colcon.colcon_core.shell:Creating prefix script '/home/qiheng/phd/BeliefSpaceMotionPlanning/GaussianBeliefTrees/ros_ws/install/local_setup.bash'
[10.803s] INFO:colcon.colcon_core.shell:Creating prefix chain script '/home/qiheng/phd/BeliefSpaceMotionPlanning/GaussianBeliefTrees/ros_ws/install/setup.bash'
[10.804s] INFO:colcon.colcon_core.shell:Creating prefix script '/home/qiheng/phd/BeliefSpaceMotionPlanning/GaussianBeliefTrees/ros_ws/install/local_setup.zsh'
[10.804s] INFO:colcon.colcon_core.shell:Creating prefix chain script '/home/qiheng/phd/BeliefSpaceMotionPlanning/GaussianBeliefTrees/ros_ws/install/setup.zsh'
