OMPL version 
Experiment wasserstein
5 experiment properties
Q_value double = 0.200000
R double = 0.100000
R_bad_value double = 5.000000
bias_value double = 0.200000
first_solution bool = 1
Running on Vivaldi
Starting at 2024-07-06 19:08:18
<<<|
Properties of the state space 'R2_BELIEFRealVectorSpace0'
  - signature: 2 1 2 
  - dimension: 2
  - extent: 141.421
  - sanity checks for state space passed
  - probability of valid states: 1
  - average length of a valid motion: 53.7422
  - average number of samples drawn per second: sampleUniform()=7.78877e+06 sampleUniformNear()=8.21463e+06 sampleGaussian()=3.29047e+06
Settings for the state space 'R2_BELIEFRealVectorSpace0'
  - state validity check resolution: 1%
  - valid segment count factor: 1
  - state space:
Real vector state space 'R2_BELIEFRealVectorSpace0' of dimension 2 with bounds: 
  - min: 0 0 
  - max: 100 100 

Declared parameters:
longest_valid_segment_fraction = 0.01
max_control_duration = 20
min_control_duration = 1
projection.cellsize.0 = 5
projection.cellsize.1 = 5
projection.cellsize_factor = 0
propagation_step_size = 0.1
valid_segment_count_factor = 1
Valid state sampler named uniform with parameters:
nr_attempts = 100
  - control space:
Real vector control space 'RealVectorControl[R2_BELIEFRealVectorSpace0]' with bounds: 
  - min: -10 -10 0 
  - max: 10 10 1 
  - can propagate backward: no
  - propagation step size: 0.1
  - propagation duration: [1, 20]
Planner KPIECE1 specs:
Multithreaded:                 No
Reports approximate solutions: Yes
Can optimize solutions:        No
Aware of the following parameters: bad_score_factor border_fraction goal_bias good_score_factor max_close_samples
Declared parameters for planner KPIECE1:
bad_score_factor = 0.45
border_fraction = 0.8
goal_bias = 0.05
good_score_factor = 0.9
max_close_samples = 30
Start states:
RealVectorState [1 1]
Goal region, threshold = 10, memory address = 0x1920940
Optimization Objective: Path Length @0x1920040
Optimization Threshold: 10000
Average state cost: 0
There are 0 solutions

Properties of benchmarked planners:
Planner SSBT specs:
Multithreaded:                 No
Reports approximate solutions: Yes
Can optimize solutions:        No
Aware of the following parameters: goal_bias pruning_radius selection_radius
Planner mod_RRT specs:
Multithreaded:                 No
Reports approximate solutions: Yes
Can optimize solutions:        No
Aware of the following parameters: goal_bias intermediate_states
|>>>
<<<|
Architecture:                       x86_64
CPU op-mode(s):                     32-bit, 64-bit
Byte Order:                         Little Endian
Address sizes:                      39 bits physical, 48 bits virtual
CPU(s):                             16
On-line CPU(s) list:                0-15
Thread(s) per core:                 2
Core(s) per socket:                 8
Socket(s):                          1
NUMA node(s):                       1
Vendor ID:                          GenuineIntel
CPU family:                         6
Model:                              167
Model name:                         11th Gen Intel(R) Core(TM) i7-11700K @ 3.60GHz
Stepping:                           1
CPU MHz:                            3600.000
CPU max MHz:                        5000.0000
CPU min MHz:                        800.0000
BogoMIPS:                           7200.00
Virtualization:                     VT-x
L1d cache:                          384 KiB
L1i cache:                          256 KiB
L2 cache:                           4 MiB
L3 cache:                           16 MiB
NUMA node0 CPU(s):                  0-15
Vulnerability Gather data sampling: Mitigation; Microcode
Vulnerability Itlb multihit:        Not affected
Vulnerability L1tf:                 Not affected
Vulnerability Mds:                  Not affected
Vulnerability Meltdown:             Not affected
Vulnerability Mmio stale data:      Mitigation; Clear CPU buffers; SMT vulnerable
Vulnerability Retbleed:             Mitigation; Enhanced IBRS
Vulnerability Spec rstack overflow: Not affected
Vulnerability Spec store bypass:    Mitigation; Speculative Store Bypass disabled via prctl and seccomp
Vulnerability Spectre v1:           Mitigation; usercopy/swapgs barriers and __user pointer sanitization
Vulnerability Spectre v2:           Mitigation; Enhanced IBRS, IBPB conditional, RSB filling, PBRSB-eIBRS SW sequence
Vulnerability Srbds:                Not affected
Vulnerability Tsx async abort:      Not affected
Flags:                              fpu vme de pse tsc msr pae mce cx8 apic sep mtrr pge mca cmov pat pse36 clflush dts acpi mmx fxsr sse sse2 ss ht tm pbe syscall nx pdpe1gb rdtscp lm constant_tsc art arch_perfmon pebs bts rep_good nopl xtopology nonstop_tsc cpuid aperfmperf tsc_known_freq pni pclmulqdq dtes64 monitor ds_cpl vmx smx est tm2 ssse3 sdbg fma cx16 xtpr pdcm pcid sse4_1 sse4_2 x2apic movbe popcnt tsc_deadline_timer aes xsave avx f16c rdrand lahf_lm abm 3dnowprefetch cpuid_fault epb invpcid_single ssbd ibrs ibpb stibp ibrs_enhanced tpr_shadow vnmi flexpriority ept vpid ept_ad fsgsbase tsc_adjust bmi1 avx2 smep bmi2 erms invpcid mpx avx512f avx512dq rdseed adx smap avx512ifma clflushopt intel_pt avx512cd sha_ni avx512bw avx512vl xsaveopt xsavec xgetbv1 xsaves dtherm ida arat pln pts hwp hwp_notify hwp_act_window hwp_epp hwp_pkg_req avx512vbmi umip pku ospke avx512_vbmi2 gfni vaes vpclmulqdq avx512_vnni avx512_bitalg avx512_vpopcntdq rdpid fsrm md_clear flush_l1d arch_capabilities
|>>>
10943686535322382 is the random seed
10 seconds per run
1000 MB per run
100 runs per planner
18.0655 seconds spent to collect the data
1 enum type
status|Unknown status|Invalid start|Invalid goal|Unrecognized goal type|Timeout|Approximate solution|Exact solution|Crash|Unknown status
2 planners
control_SSBT
11 common properties
goal_bias = 0.05
longest_valid_segment_fraction = 0.01
max_control_duration = 20
min_control_duration = 1
projection.cellsize.0 = 5
projection.cellsize.1 = 5
projection.cellsize_factor = 0
propagation_step_size = 0.1
pruning_radius = 5
selection_radius = 5
valid_segment_count_factor = 1
15 properties for each run
approximate solution BOOLEAN
best cost REAL
correct solution BOOLEAN
graph motions INTEGER
graph states INTEGER
memory REAL
solution clearance REAL
solution difference REAL
solution length REAL
solution path length REAL
solution segments INTEGER
solved BOOLEAN
status ENUM
time REAL
valid segment fraction REAL
100 runs
0; 436.047408; 1; 80; 82; 10.25; 0; 0; 18.8; 181.493; 14; 1; 6; 0.0294985; 0; 
0; 582.309962; 1; 308; 310; 10.2539; 0; 0; 25.2; 238.537; 19; 1; 6; 0.0811737; 0; 
0; 542.273487; 1; 39; 41; 10.2617; 0; 0; 24.2; 191.999; 18; 1; 6; 0.00330154; 0; 
0; 463.056314; 1; 525; 527; 10.668; 0; 0; 20.3; 172.394; 15; 1; 6; 0.168734; 0; 
0; 773.169783; 1; 268; 270; 10.6719; 0; 0; 34.3; 278.347; 22; 1; 6; 0.056403; 0; 
0; 460.691788; 1; 91; 93; 10.6719; 0; 0; 19.8; 189.046; 14; 1; 6; 0.00977421; 0; 
0; 452.893958; 1; 182; 184; 10.6719; 0; 0; 19.7; 169.716; 14; 1; 6; 0.026657; 0; 
0; 428.791269; 1; 581; 583; 10.6719; 0; 0; 18.7; 162.489; 13; 1; 6; 0.201459; 0; 
0; 491.885413; 1; 190; 192; 10.9297; 0; 0; 21.9; 174.135; 15; 1; 6; 0.0256613; 0; 
0; 518.826602; 1; 642; 644; 10.9297; 0; 0; 22.6; 199.354; 17; 1; 6; 0.259064; 0; 
0; 511.951364; 1; 245; 247; 11.1914; 0; 0; 22.5; 168.85; 17; 1; 6; 0.0428584; 0; 
0; 447.894314; 1; 613; 615; 11.1914; 0; 0; 19.7; 163.581; 15; 1; 6; 0.238942; 0; 
0; 634.753302; 1; 153; 155; 11.1914; 0; 0; 27.5; 233.735; 21; 1; 6; 0.0223191; 0; 
0; 480.370310; 1; 200; 202; 11.293; 0; 0; 21.1; 184.681; 16; 1; 6; 0.0298994; 0; 
0; 678.603760; 1; 324; 326; 11.293; 0; 0; 30.4; 243.526; 22; 1; 6; 0.0730377; 0; 
0; 535.959173; 1; 287; 289; 11.293; 0; 0; 23.3; 196.632; 16; 1; 6; 0.0667184; 0; 
0; 487.995385; 1; 237; 239; 11.293; 0; 0; 21.8; 168.89; 14; 1; 6; 0.0488328; 0; 
0; 434.675129; 1; 82; 84; 11.293; 0; 0; 18.9; 170.53; 15; 1; 6; 0.0106945; 0; 
0; 470.772676; 1; 251; 253; 11.293; 0; 0; 20.1; 196.215; 18; 1; 6; 0.0551635; 0; 
0; 710.922493; 1; 324; 326; 11.293; 0; 0; 31.2; 259.205; 21; 1; 6; 0.0626691; 0; 
0; 513.119564; 1; 231; 233; 11.3711; 0; 0; 22.5; 182.897; 18; 1; 6; 0.0415642; 0; 
0; 543.189838; 1; 208; 210; 11.3711; 0; 0; 23.9; 205.667; 18; 1; 6; 0.0330646; 0; 
0; 412.072242; 1; 237; 239; 11.3711; 0; 0; 18; 158.606; 13; 1; 6; 0.0486486; 0; 
0; 384.678831; 1; 334; 336; 11.3711; 0; 0; 16.8; 149.897; 12; 1; 6; 0.0879409; 0; 
0; 450.226371; 1; 165; 167; 11.3711; 0; 0; 20.2; 148.556; 14; 1; 6; 0.0212825; 0; 
0; 548.377096; 1; 88; 90; 11.3711; 0; 0; 24.1; 201.384; 18; 1; 6; 0.0107971; 0; 
0; 507.785723; 1; 273; 275; 11.3711; 0; 0; 22.4; 193.365; 16; 1; 6; 0.0501208; 0; 
0; 496.459405; 1; 309; 311; 11.3711; 0; 0; 21.7; 187.288; 14; 1; 6; 0.0754194; 0; 
0; 678.601378; 1; 178; 180; 11.625; 0; 0; 30.1; 236.815; 24; 1; 6; 0.0237125; 0; 
0; 668.881209; 1; 93; 95; 11.625; 0; 0; 30.1; 200.483; 20; 1; 6; 0.0108061; 0; 
0; 612.757865; 1; 183; 185; 11.625; 0; 0; 27.6; 184; 18; 1; 6; 0.0280326; 0; 
0; 500.512297; 1; 227; 229; 11.625; 0; 0; 22; 195.024; 16; 1; 6; 0.0412003; 0; 
0; 411.661698; 1; 172; 174; 11.625; 0; 0; 17.7; 164.686; 12; 1; 6; 0.0237347; 0; 
0; 590.366645; 1; 106; 108; 11.625; 0; 0; 26.1; 212.686; 19; 1; 6; 0.010801; 0; 
0; 600.119841; 1; 198; 200; 11.625; 0; 0; 26.7; 191.782; 20; 1; 6; 0.0261747; 0; 
0; 482.691849; 1; 295; 297; 11.625; 0; 0; 20.9; 193.982; 15; 1; 6; 0.0680892; 0; 
0; 440.132217; 1; 332; 334; 11.625; 0; 0; 18.2; 172.567; 16; 1; 6; 0.0699732; 0; 
0; 419.535073; 1; 73; 75; 11.8828; 0; 0; 18.1; 158.855; 13; 1; 6; 0.00765478; 0; 
0; 371.471644; 1; 78; 80; 11.8828; 0; 0; 16.2; 141.727; 12; 1; 6; 0.00971031; 0; 
0; 465.958940; 1; 100; 102; 11.8828; 0; 0; 20.3; 175.865; 15; 1; 6; 0.0119866; 0; 
0; 447.875775; 1; 160; 162; 11.8828; 0; 0; 19.5; 175.32; 13; 1; 6; 0.0170834; 0; 
0; 581.223993; 1; 123; 125; 11.8828; 0; 0; 25.9; 204.621; 20; 1; 6; 0.014185; 0; 
0; 533.767411; 1; 489; 491; 11.8828; 0; 0; 23.9; 177.319; 17; 1; 6; 0.172751; 0; 
0; 587.785776; 1; 160; 162; 12.1406; 0; 0; 26.4; 197.733; 17; 1; 6; 0.0224059; 0; 
0; 421.078441; 1; 470; 472; 12.1406; 0; 0; 18.4; 166.884; 17; 1; 6; 0.142287; 0; 
0; 386.000489; 1; 95; 97; 12.1406; 0; 0; 16.4; 159.343; 12; 1; 6; 0.00863423; 0; 
0; 373.402730; 1; 1175; 1177; 12.3984; 0; 0; 16.1; 142.624; 12; 1; 6; 0.714518; 0; 
0; 507.891953; 1; 101; 103; 12.7539; 0; 0; 22.5; 186.499; 18; 1; 6; 0.0107838; 0; 
0; 552.058800; 1; 137; 139; 12.7539; 0; 0; 23.7; 200.883; 19; 1; 6; 0.0152969; 0; 
0; 481.903531; 1; 179; 181; 12.7539; 0; 0; 21.4; 177.424; 15; 1; 6; 0.0213895; 0; 
0; 511.329194; 1; 598; 600; 12.7539; 0; 0; 22.2; 185.76; 19; 1; 6; 0.202764; 0; 
0; 587.983310; 1; 118; 120; 12.7539; 0; 0; 26; 204.312; 19; 1; 6; 0.0140796; 0; 
0; 410.658961; 1; 523; 525; 12.7539; 0; 0; 17.5; 166.103; 15; 1; 6; 0.199912; 0; 
0; 625.559291; 1; 221; 223; 12.7539; 0; 0; 27.7; 231.128; 20; 1; 6; 0.0385081; 0; 
0; 511.685041; 1; 689; 691; 12.7539; 0; 0; 22.7; 167.846; 16; 1; 6; 0.236378; 0; 
0; 509.170372; 1; 218; 220; 12.7539; 0; 0; 21.8; 178.201; 17; 1; 6; 0.0364505; 0; 
0; 556.557489; 1; 539; 541; 12.7539; 0; 0; 24.3; 212.022; 17; 1; 6; 0.18598; 0; 
0; 575.325028; 1; 118; 120; 12.7539; 0; 0; 24.9; 223.479; 19; 1; 6; 0.0130308; 0; 
0; 524.282065; 1; 156; 158; 12.7539; 0; 0; 23; 200.452; 18; 1; 6; 0.0216966; 0; 
0; 497.173536; 1; 523; 525; 12.7539; 0; 0; 21.6; 184.258; 18; 1; 6; 0.149022; 0; 
0; 548.383741; 1; 202; 204; 12.7539; 0; 0; 24.6; 176.898; 17; 1; 6; 0.0347229; 0; 
0; 568.099821; 1; 200; 202; 12.7539; 0; 0; 24.4; 222.165; 20; 1; 6; 0.0290508; 0; 
0; 444.038658; 1; 146; 148; 12.7539; 0; 0; 19.6; 158.316; 18; 1; 6; 0.017347; 0; 
0; 688.127947; 1; 212; 214; 12.7539; 0; 0; 30.2; 254.62; 23; 1; 6; 0.0320388; 0; 
0; 456.892561; 1; 123; 125; 12.7539; 0; 0; 19.4; 177.318; 16; 1; 6; 0.0129697; 0; 
0; 454.737874; 1; 211; 213; 12.7539; 0; 0; 19.3; 174.68; 16; 1; 6; 0.0358326; 0; 
0; 566.348737; 1; 535; 537; 12.7539; 0; 0; 25.1; 195.58; 18; 1; 6; 0.140303; 0; 
0; 351.850669; 1; 311; 313; 13.0078; 0; 0; 15.1; 137.102; 13; 1; 6; 0.0618137; 0; 
0; 421.552614; 1; 859; 861; 13.0078; 0; 0; 18.3; 155.961; 14; 1; 6; 0.351692; 0; 
0; 447.865168; 1; 451; 453; 13.2656; 0; 0; 19.5; 172.439; 14; 1; 6; 0.12679; 0; 
0; 429.184794; 1; 365; 367; 13.2656; 0; 0; 18.3; 157.936; 14; 1; 6; 0.0776863; 0; 
0; 516.819274; 1; 379; 381; 13.2656; 0; 0; 22.5; 202.499; 16; 1; 6; 0.0984333; 0; 
0; 468.919962; 1; 136; 138; 13.2656; 0; 0; 20; 183.506; 15; 1; 6; 0.0141095; 0; 
0; 479.017887; 1; 408; 410; 13.2656; 0; 0; 21.6; 161.369; 15; 1; 6; 0.11314; 0; 
0; 532.150019; 1; 332; 334; 13.2656; 0; 0; 23.4; 186.047; 16; 1; 6; 0.0642915; 0; 
0; 565.658159; 1; 241; 243; 13.2656; 0; 0; 24.4; 224.123; 17; 1; 6; 0.0441461; 0; 
0; 563.634975; 1; 117; 119; 13.2656; 0; 0; 25.2; 199.629; 17; 1; 6; 0.0118203; 0; 
0; 520.163856; 1; 240; 242; 13.2656; 0; 0; 23.1; 183.348; 16; 1; 6; 0.0388025; 0; 
0; 435.063478; 1; 145; 147; 13.2656; 0; 0; 19; 167.89; 15; 1; 6; 0.0173865; 0; 
0; 454.409469; 1; 347; 349; 13.2656; 0; 0; 19.4; 166.393; 16; 1; 6; 0.0960572; 0; 
0; 522.376009; 1; 226; 228; 13.5234; 0; 0; 22.7; 186.605; 18; 1; 6; 0.0373927; 0; 
0; 420.739853; 1; 101; 103; 13.5234; 0; 0; 18.6; 155.137; 14; 1; 6; 0.0107475; 0; 
0; 488.055830; 1; 324; 326; 13.5234; 0; 0; 21.5; 179.982; 18; 1; 6; 0.0824088; 0; 
0; 522.898355; 1; 77; 79; 13.5234; 0; 0; 23; 196.161; 14; 1; 6; 0.00976064; 0; 
0; 464.181303; 1; 90; 92; 13.5234; 0; 0; 20.3; 175.918; 16; 1; 6; 0.0107126; 0; 
0; 571.846239; 1; 181; 183; 13.5234; 0; 0; 25.3; 223.255; 19; 1; 6; 0.026561; 0; 
0; 535.956242; 1; 144; 146; 13.5234; 0; 0; 23.2; 188.748; 16; 1; 6; 0.0170771; 0; 
0; 383.697987; 1; 69; 71; 13.5234; 0; 0; 16.5; 159.631; 12; 1; 6; 0.00649738; 0; 
0; 513.033554; 1; 476; 478; 13.5234; 0; 0; 22.3; 196.933; 17; 1; 6; 0.143522; 0; 
0; 489.862143; 1; 481; 483; 13.7812; 0; 0; 21.2; 194.693; 17; 1; 6; 0.146747; 0; 
0; 589.814232; 1; 119; 121; 13.7812; 0; 0; 25.9; 218.212; 18; 1; 6; 0.0139209; 0; 
0; 449.510071; 1; 620; 622; 13.7812; 0; 0; 20; 159.48; 15; 1; 6; 0.206421; 0; 
0; 545.592437; 1; 175; 177; 14.0391; 0; 0; 23.5; 224.569; 19; 1; 6; 0.0259498; 0; 
0; 455.963507; 1; 227; 229; 14.0391; 0; 0; 20.1; 173.114; 15; 1; 6; 0.0354874; 0; 
0; 597.352069; 1; 175; 177; 14.0664; 0; 0; 26.2; 218.974; 20; 1; 6; 0.0236764; 0; 
0; 424.203403; 1; 287; 289; 14.0664; 0; 0; 18; 182.001; 14; 1; 6; 0.0545082; 0; 
0; 425.352037; 1; 132; 134; 14.0664; 0; 0; 18.8; 147.829; 14; 1; 6; 0.0150383; 0; 
0; 487.658178; 1; 268; 270; 14.0664; 0; 0; 21; 200.549; 16; 1; 6; 0.0525347; 0; 
0; 376.581384; 1; 751; 753; 14.0664; 0; 0; 16.1; 142.201; 13; 1; 6; 0.273261; 0; 
0; 517.390662; 1; 141; 143; 14.3203; 0; 0; 22.7; 206.416; 16; 1; 6; 0.0162491; 0; 
2 progress properties for each run
best cost REAL
time REAL
100 runs

inf,0.0500964,;

inf,0.0500653,;inf,0.100167,;inf,0.150252,;
inf,0.0500786,;


inf,0.0500691,;inf,0.100145,;inf,0.150259,;inf,0.200347,;

inf,0.0500747,;inf,0.100161,;inf,0.150257,;inf,0.200344,;inf,0.250459,;

inf,0.0501088,;inf,0.100193,;inf,0.150284,;inf,0.200369,;


inf,0.0500606,;
inf,0.0500703,;


inf,0.0500588,;
inf,0.0500668,;



inf,0.0500989,;


507.785723,0.0500197,;
inf,0.0500707,;







inf,0.0500916,;
inf,0.0500964,;





inf,0.0500578,;inf,0.10015,;inf,0.150236,;

inf,0.050057,;inf,0.100135,;

inf,0.0500653,;inf,0.100181,;inf,0.150289,;inf,0.200376,;inf,0.250466,;inf,0.300546,;inf,0.35063,;inf,0.400716,;inf,0.450821,;inf,0.500907,;inf,0.55102,;inf,0.601106,;inf,0.651209,;inf,0.701316,;



inf,0.0500662,;inf,0.100152,;inf,0.150244,;inf,0.200363,;

inf,0.0500591,;inf,0.100167,;inf,0.150243,;

inf,0.0500933,;inf,0.100164,;inf,0.150305,;inf,0.200386,;

inf,0.0500593,;inf,0.100174,;inf,0.150253,;


inf,0.0500962,;inf,0.100166,;






inf,0.0500726,;inf,0.100157,;
inf,0.050093,;
inf,0.0500982,;inf,0.100205,;inf,0.15029,;inf,0.200413,;inf,0.250498,;inf,0.300614,;inf,0.350698,;
inf,0.0500923,;inf,0.100175,;
inf,0.0500949,;
inf,0.0500674,;

inf,0.050094,;inf,0.100179,;
inf,0.0500687,;




inf,0.0500661,;


inf,0.0500573,;





inf,0.0501365,;inf,0.100206,;
inf,0.0500721,;inf,0.10018,;

inf,0.0500654,;inf,0.10015,;inf,0.150263,;inf,0.200343,;



inf,0.0500566,;

inf,0.050088,;
inf,0.0500648,;inf,0.100151,;inf,0.150239,;inf,0.20032,;inf,0.250397,;

.
control_mod_RRT
10 common properties
goal_bias = 0.05
intermediate_states = 0
longest_valid_segment_fraction = 0.01
max_control_duration = 20
min_control_duration = 1
projection.cellsize.0 = 5
projection.cellsize.1 = 5
projection.cellsize_factor = 0
propagation_step_size = 0.1
valid_segment_count_factor = 1
14 properties for each run
approximate solution BOOLEAN
correct solution BOOLEAN
graph motions INTEGER
graph states INTEGER
memory REAL
solution clearance REAL
solution difference REAL
solution length REAL
solution path length REAL
solution segments INTEGER
solved BOOLEAN
status ENUM
time REAL
valid segment fraction REAL
100 runs
0; 1; 7579; 7580; 16.125; 0; 0; 33.1; 247.428; 331; 1; 6; 0.2049; 0; 
0; 1; 3334; 3335; 18.2422; 0; 0; 26.7; 200.335; 267; 1; 6; 0.0705846; 0; 
0; 1; 4524; 4525; 18.2422; 0; 0; 24.4; 162.54; 244; 1; 6; 0.104735; 0; 
0; 1; 3172; 3173; 18.2422; 0; 0; 26.1; 212.892; 261; 1; 6; 0.0756408; 0; 
0; 1; 2757; 2758; 18.2422; 0; 0; 25.7; 192.161; 257; 1; 6; 0.0612891; 0; 
0; 1; 1187; 1188; 18.2422; 0; 0; 20.7; 174.646; 207; 1; 6; 0.0226625; 0; 
0; 1; 2661; 2662; 18.2422; 0; 0; 22; 180.098; 220; 1; 6; 0.0587571; 0; 
0; 1; 8545; 8546; 18.2422; 0; 0; 27; 217.696; 270; 1; 6; 0.215221; 0; 
0; 1; 5125; 5126; 19.1562; 0; 0; 21.5; 190.486; 215; 1; 6; 0.106437; 0; 
0; 1; 2791; 2792; 19.1562; 0; 0; 21.2; 163.555; 212; 1; 6; 0.0634702; 0; 
0; 1; 2349; 2350; 19.1562; 0; 0; 25.3; 187.947; 253; 1; 6; 0.0503053; 0; 
0; 1; 5773; 5774; 19.1562; 0; 0; 25.3; 221.846; 253; 1; 6; 0.141694; 0; 
0; 1; 6601; 6602; 19.1562; 0; 0; 22.5; 167.376; 222; 1; 6; 0.158396; 0; 
0; 1; 2406; 2407; 19.1562; 0; 0; 21.1; 173.6; 211; 1; 6; 0.0515281; 0; 
0; 1; 1088; 1089; 19.1562; 0; 0; 25.3; 208.88; 253; 1; 6; 0.0212148; 0; 
0; 1; 2959; 2960; 19.1562; 0; 0; 19.5; 168.135; 195; 1; 6; 0.0663039; 0; 
0; 1; 5326; 5327; 19.1562; 0; 0; 31.4; 223.223; 314; 1; 6; 0.129065; 0; 
0; 1; 3172; 3173; 19.1562; 0; 0; 27.1; 180.959; 271; 1; 6; 0.0724069; 0; 
0; 1; 5365; 5366; 19.1562; 0; 0; 29.2; 201.351; 292; 1; 6; 0.141342; 0; 
0; 1; 2251; 2252; 19.1562; 0; 0; 24; 214.302; 233; 1; 6; 0.049762; 0; 
0; 1; 5601; 5602; 19.1562; 0; 0; 26.8; 197.815; 268; 1; 6; 0.151139; 0; 
0; 1; 1906; 1907; 19.1562; 0; 0; 30.4; 215.029; 304; 1; 6; 0.0407494; 0; 
0; 1; 5200; 5201; 19.1562; 0; 0; 21.4; 178.997; 207; 1; 6; 0.109973; 0; 
0; 1; 2667; 2668; 19.1562; 0; 0; 30.5; 201.035; 286; 1; 6; 0.0586848; 0; 
0; 1; 5834; 5835; 19.1562; 0; 0; 26.3; 194.231; 263; 1; 6; 0.149344; 0; 
0; 1; 11361; 11362; 19.1562; 0; 0; 29.2; 225.746; 292; 1; 6; 0.271162; 0; 
0; 1; 4157; 4158; 20.957; 0; 0; 25.2; 175.079; 252; 1; 6; 0.10307; 0; 
0; 1; 5915; 5916; 20.957; 0; 0; 28.3; 184.134; 283; 1; 6; 0.166435; 0; 
0; 1; 1710; 1711; 20.957; 0; 0; 22.9; 188.88; 229; 1; 6; 0.0343012; 0; 
0; 1; 3404; 3405; 20.957; 0; 0; 23.7; 188.037; 237; 1; 6; 0.0736454; 0; 
0; 1; 3390; 3391; 20.957; 0; 0; 34.6; 255.954; 346; 1; 6; 0.0708297; 0; 
0; 1; 1767; 1768; 20.957; 0; 0; 25.6; 194.105; 223; 1; 6; 0.0351782; 0; 
0; 1; 6135; 6136; 20.957; 0; 0; 25.8; 210.068; 258; 1; 6; 0.134084; 0; 
0; 1; 2089; 2090; 20.957; 0; 0; 23.5; 206.32; 235; 1; 6; 0.0411381; 0; 
0; 1; 4025; 4026; 20.957; 0; 0; 23.4; 166.997; 234; 1; 6; 0.103532; 0; 
0; 1; 1764; 1765; 20.957; 0; 0; 23.6; 192.408; 236; 1; 6; 0.0349738; 0; 
0; 1; 3496; 3497; 20.957; 0; 0; 27.7; 229.964; 277; 1; 6; 0.0799939; 0; 
0; 1; 4220; 4221; 20.957; 0; 0; 17.1; 144.67; 169; 1; 6; 0.0905769; 0; 
0; 1; 3269; 3270; 20.957; 0; 0; 29; 217.893; 290; 1; 6; 0.076404; 0; 
0; 1; 2243; 2244; 20.957; 0; 0; 33; 246.245; 330; 1; 6; 0.0476822; 0; 
0; 1; 1485; 1486; 20.957; 0; 0; 19.7; 162.754; 197; 1; 6; 0.0282239; 0; 
0; 1; 2393; 2394; 20.957; 0; 0; 23.4; 201.558; 234; 1; 6; 0.0578128; 0; 
0; 1; 2495; 2496; 20.957; 0; 0; 29.3; 219.186; 293; 1; 6; 0.058341; 0; 
0; 1; 2734; 2735; 20.957; 0; 0; 34.3; 259.039; 343; 1; 6; 0.0653158; 0; 
0; 1; 5156; 5157; 20.957; 0; 0; 31.3; 227.004; 313; 1; 6; 0.140082; 0; 
0; 1; 8310; 8311; 20.957; 0; 0; 25; 196.819; 250; 1; 6; 0.20285; 0; 
0; 1; 9982; 9983; 20.957; 0; 0; 35.5; 275.098; 355; 1; 6; 0.250858; 0; 
0; 1; 5035; 5036; 21.2148; 0; 0; 30.9; 195.282; 309; 1; 6; 0.128743; 0; 
0; 1; 3330; 3331; 21.2148; 0; 0; 28.3; 238.332; 283; 1; 6; 0.0797867; 0; 
0; 1; 1999; 2000; 21.2148; 0; 0; 23.5; 176.123; 235; 1; 6; 0.0412545; 0; 
0; 1; 3392; 3393; 21.2148; 0; 0; 26.1; 195.354; 261; 1; 6; 0.0774667; 0; 
0; 1; 2045; 2046; 21.2148; 0; 0; 21.8; 176.802; 199; 1; 6; 0.0413171; 0; 
0; 1; 6082; 6083; 21.2148; 0; 0; 23.4; 189.559; 234; 1; 6; 0.146411; 0; 
0; 1; 7319; 7320; 21.2148; 0; 0; 23; 178.212; 229; 1; 6; 0.193653; 0; 
0; 1; 4078; 4079; 21.2148; 0; 0; 22.6; 196.002; 226; 1; 6; 0.0929016; 0; 
0; 1; 2347; 2348; 21.2148; 0; 0; 21.1; 175.613; 211; 1; 6; 0.0461754; 0; 
0; 1; 2622; 2623; 21.2148; 0; 0; 21; 183.31; 210; 1; 6; 0.0538272; 0; 
0; 1; 4721; 4722; 21.2148; 0; 0; 23.7; 179.644; 237; 1; 6; 0.123263; 0; 
0; 1; 2648; 2649; 21.2148; 0; 0; 29.1; 203.048; 291; 1; 6; 0.0560741; 0; 
0; 1; 9034; 9035; 21.2148; 0; 0; 21.7; 192.101; 217; 1; 6; 0.237813; 0; 
0; 1; 4127; 4128; 21.2148; 0; 0; 32.9; 239.795; 319; 1; 6; 0.0974997; 0; 
0; 1; 5732; 5733; 21.2148; 0; 0; 26; 188.788; 260; 1; 6; 0.136056; 0; 
0; 1; 2909; 2910; 21.2148; 0; 0; 26.1; 201.238; 261; 1; 6; 0.0669861; 0; 
0; 1; 3260; 3261; 21.2148; 0; 0; 25.1; 206.408; 251; 1; 6; 0.0728422; 0; 
0; 1; 5704; 5705; 21.2148; 0; 0; 22.7; 187.425; 227; 1; 6; 0.148724; 0; 
0; 1; 2996; 2997; 21.2148; 0; 0; 31.1; 224.723; 311; 1; 6; 0.0644106; 0; 
0; 1; 1606; 1607; 21.2148; 0; 0; 19.1; 165.84; 191; 1; 6; 0.0332166; 0; 
0; 1; 2697; 2698; 21.2148; 0; 0; 28.4; 190.048; 284; 1; 6; 0.0590443; 0; 
0; 1; 3431; 3432; 21.2148; 0; 0; 27.4; 213.934; 274; 1; 6; 0.0807315; 0; 
0; 1; 4017; 4018; 21.2148; 0; 0; 23.9; 196.765; 239; 1; 6; 0.0814868; 0; 
0; 1; 3698; 3699; 21.2148; 0; 0; 23.2; 194.745; 232; 1; 6; 0.0887566; 0; 
0; 1; 4937; 4938; 21.2148; 0; 0; 24.5; 210.427; 226; 1; 6; 0.125241; 0; 
0; 1; 7348; 7349; 21.2148; 0; 0; 27.2; 223.971; 272; 1; 6; 0.198; 0; 
0; 1; 3786; 3787; 21.2148; 0; 0; 23.6; 211.935; 223; 1; 6; 0.0813494; 0; 
0; 1; 7530; 7531; 21.2148; 0; 0; 27.9; 226.701; 268; 1; 6; 0.193148; 0; 
0; 1; 6392; 6393; 21.2148; 0; 0; 35.2; 268.062; 352; 1; 6; 0.14968; 0; 
0; 1; 7828; 7829; 21.2148; 0; 0; 36.4; 265.976; 364; 1; 6; 0.224146; 0; 
0; 1; 2111; 2112; 21.2148; 0; 0; 24.2; 178.005; 242; 1; 6; 0.0503069; 0; 
0; 1; 1789; 1790; 21.2148; 0; 0; 27.7; 187.721; 277; 1; 6; 0.0383245; 0; 
0; 1; 5380; 5381; 21.2148; 0; 0; 25.9; 203.02; 259; 1; 6; 0.128018; 0; 
0; 1; 9254; 9255; 21.2148; 0; 0; 21.9; 190.055; 206; 1; 6; 0.222261; 0; 
0; 1; 3038; 3039; 21.2148; 0; 0; 18.3; 147.526; 183; 1; 6; 0.06316; 0; 
0; 1; 9360; 9361; 21.2148; 0; 0; 33.2; 261.037; 319; 1; 6; 0.230197; 0; 
0; 1; 4516; 4517; 21.2148; 0; 0; 30.5; 218.282; 305; 1; 6; 0.110161; 0; 
0; 1; 2527; 2528; 21.2148; 0; 0; 28.6; 214.199; 286; 1; 6; 0.0556984; 0; 
0; 1; 3308; 3309; 21.2148; 0; 0; 28.9; 211.851; 289; 1; 6; 0.0840717; 0; 
0; 1; 3947; 3948; 21.2148; 0; 0; 26.6; 199.468; 266; 1; 6; 0.0934895; 0; 
0; 1; 6188; 6189; 21.2148; 0; 0; 23.7; 192.165; 237; 1; 6; 0.164032; 0; 
0; 1; 4084; 4085; 21.2148; 0; 0; 32.5; 223.069; 325; 1; 6; 0.100784; 0; 
0; 1; 8949; 8950; 21.2148; 0; 0; 25.8; 208.686; 258; 1; 6; 0.235641; 0; 
0; 1; 1571; 1572; 21.2148; 0; 0; 26.7; 229.764; 267; 1; 6; 0.0291253; 0; 
0; 1; 3424; 3425; 21.2148; 0; 0; 23.8; 221.293; 238; 1; 6; 0.0752351; 0; 
0; 1; 2642; 2643; 21.2148; 0; 0; 21.5; 171.718; 215; 1; 6; 0.0559546; 0; 
0; 1; 9788; 9789; 21.2148; 0; 0; 27.8; 273.287; 278; 1; 6; 0.242624; 0; 
0; 1; 8589; 8590; 21.2148; 0; 0; 26.7; 193.93; 267; 1; 6; 0.216692; 0; 
0; 1; 5967; 5968; 21.4727; 0; 0; 34.8; 277.836; 348; 1; 6; 0.172543; 0; 
0; 1; 4738; 4739; 21.4727; 0; 0; 34.2; 237.583; 342; 1; 6; 0.115589; 0; 
0; 1; 3362; 3363; 21.4727; 0; 0; 24.1; 188.681; 241; 1; 6; 0.0719687; 0; 
0; 1; 3311; 3312; 21.4727; 0; 0; 18.6; 167.577; 186; 1; 6; 0.0749436; 0; 
0; 1; 3380; 3381; 21.4727; 0; 0; 24.7; 199.506; 234; 1; 6; 0.0825432; 0; 
.
